Archive member included to satisfy reference by file (symbol)

../DaisyExamples/libDaisy//build/libdaisy.a(daisy_seed.o)
                              build/MiniTracker.o (daisy::DaisySeed::GetPin(unsigned char))
../DaisyExamples/libDaisy//build/libdaisy.a(codec_ak4556.o)
                              ../DaisyExamples/libDaisy//build/libdaisy.a(daisy_seed.o) (daisy::Ak4556::Init(dsy_gpio_pin))
../DaisyExamples/libDaisy//build/libdaisy.a(codec_wm8731.o)
                              ../DaisyExamples/libDaisy//build/libdaisy.a(daisy_seed.o) (daisy::Wm8731::Init(daisy::Wm8731::Config const&, daisy::I2CHandle))
../DaisyExamples/libDaisy//build/libdaisy.a(sdram.o)
                              ../DaisyExamples/libDaisy//build/libdaisy.a(daisy_seed.o) (SdramHandle::Init())
../DaisyExamples/libDaisy//build/libdaisy.a(audio.o)
                              ../DaisyExamples/libDaisy//build/libdaisy.a(daisy_seed.o) (daisy::AudioHandle::Init(daisy::AudioHandle::Config const&, daisy::SaiHandle))
../DaisyExamples/libDaisy//build/libdaisy.a(switch.o)
                              build/MiniTracker.o (daisy::Switch::Init(dsy_gpio_pin, float))
../DaisyExamples/libDaisy//build/libdaisy.a(gpio.o)
                              ../DaisyExamples/libDaisy//build/libdaisy.a(daisy_seed.o) (daisy::GPIO::Init(daisy::Pin, daisy::GPIO::Mode, daisy::GPIO::Pull, daisy::GPIO::Speed))
../DaisyExamples/libDaisy//build/libdaisy.a(i2c.o)
                              build/MiniTracker.o (daisy::I2CHandle::Init(daisy::I2CHandle::Config const&))
../DaisyExamples/libDaisy//build/libdaisy.a(qspi.o)
                              ../DaisyExamples/libDaisy//build/libdaisy.a(daisy_seed.o) (daisy::QSPIHandle::Init(daisy::QSPIHandle::Config const&))
../DaisyExamples/libDaisy//build/libdaisy.a(sai.o)
                              ../DaisyExamples/libDaisy//build/libdaisy.a(daisy_seed.o) (daisy::SaiHandle::Init(daisy::SaiHandle::Config const&))
../DaisyExamples/libDaisy//build/libdaisy.a(system.o)
                              ../DaisyExamples/libDaisy//build/libdaisy.a(daisy_seed.o) (daisy::System::DeInit())
../DaisyExamples/libDaisy//build/libdaisy.a(usbd_conf.o)
                              ../DaisyExamples/libDaisy//build/libdaisy.a(system.o) (hpcd_USB_OTG_HS)
../DaisyExamples/libDaisy//build/libdaisy.a(usbh_conf.o)
                              ../DaisyExamples/libDaisy//build/libdaisy.a(system.o) (hhcd_USB_OTG_HS)
../DaisyExamples/libDaisy//build/libdaisy.a(hal_map.o)
                              ../DaisyExamples/libDaisy//build/libdaisy.a(gpio.o) (dsy_hal_map_get_port)
../DaisyExamples/libDaisy//build/libdaisy.a(oled_fonts.o)
                              build/sequencer.o (Font_4x6)
../DaisyExamples/libDaisy//build/libdaisy.a(stm32h7xx_hal.o)
                              ../DaisyExamples/libDaisy//build/libdaisy.a(system.o) (HAL_Init)
../DaisyExamples/libDaisy//build/libdaisy.a(stm32h7xx_hal_cortex.o)
                              ../DaisyExamples/libDaisy//build/libdaisy.a(stm32h7xx_hal.o) (HAL_NVIC_SetPriorityGrouping)
../DaisyExamples/libDaisy//build/libdaisy.a(stm32h7xx_hal_dma.o)
                              ../DaisyExamples/libDaisy//build/libdaisy.a(i2c.o) (HAL_DMA_Init)
../DaisyExamples/libDaisy//build/libdaisy.a(stm32h7xx_hal_gpio.o)
                              ../DaisyExamples/libDaisy//build/libdaisy.a(sdram.o) (HAL_GPIO_Init)
../DaisyExamples/libDaisy//build/libdaisy.a(stm32h7xx_hal_hcd.o)
                              ../DaisyExamples/libDaisy//build/libdaisy.a(usbh_conf.o) (HAL_HCD_HC_Init)
../DaisyExamples/libDaisy//build/libdaisy.a(stm32h7xx_hal_i2c.o)
                              ../DaisyExamples/libDaisy//build/libdaisy.a(i2c.o) (HAL_I2C_Init)
../DaisyExamples/libDaisy//build/libdaisy.a(stm32h7xx_hal_i2c_ex.o)
                              ../DaisyExamples/libDaisy//build/libdaisy.a(i2c.o) (HAL_I2CEx_ConfigAnalogFilter)
../DaisyExamples/libDaisy//build/libdaisy.a(stm32h7xx_hal_pcd.o)
                              ../DaisyExamples/libDaisy//build/libdaisy.a(usbd_conf.o) (HAL_PCD_Init)
../DaisyExamples/libDaisy//build/libdaisy.a(stm32h7xx_hal_pcd_ex.o)
                              ../DaisyExamples/libDaisy//build/libdaisy.a(usbd_conf.o) (HAL_PCDEx_SetTxFiFo)
../DaisyExamples/libDaisy//build/libdaisy.a(stm32h7xx_hal_pwr_ex.o)
                              ../DaisyExamples/libDaisy//build/libdaisy.a(system.o) (HAL_PWREx_ConfigSupply)
../DaisyExamples/libDaisy//build/libdaisy.a(stm32h7xx_hal_qspi.o)
                              ../DaisyExamples/libDaisy//build/libdaisy.a(qspi.o) (HAL_QSPI_Init)
../DaisyExamples/libDaisy//build/libdaisy.a(stm32h7xx_hal_rcc.o)
                              ../DaisyExamples/libDaisy//build/libdaisy.a(system.o) (HAL_RCC_OscConfig)
../DaisyExamples/libDaisy//build/libdaisy.a(stm32h7xx_hal_rcc_ex.o)
                              ../DaisyExamples/libDaisy//build/libdaisy.a(system.o) (HAL_RCCEx_PeriphCLKConfig)
../DaisyExamples/libDaisy//build/libdaisy.a(stm32h7xx_hal_sai.o)
[...]
Memory Configuration

Name             Origin             Length             Attributes
FLASH            0x0000000008000000 0x0000000000020000 xr
DTCMRAM          0x0000000020000000 0x0000000000020000 xrw
SRAM             0x0000000024000000 0x0000000000080000 xrw
RAM_D2_DMA       0x0000000030000000 0x0000000000008000 xrw
RAM_D2           0x0000000030008000 0x0000000000040000 xrw
RAM_D3           0x0000000038000000 0x0000000000010000 xrw
BACKUP_SRAM      0x0000000038800000 0x0000000000001000 xrw
ITCMRAM          0x0000000000000000 0x0000000000010000 xrw
SDRAM            0x00000000c0000000 0x0000000004000000 xrw
QSPIFLASH        0x0000000090040000 0x00000000007c0000 xr
*default*        0x0000000000000000 0xffffffffffffffff

Linker script and memory map

LOAD /Library/DaisyToolchain/0.2.0/arm/bin/../lib/gcc/arm-none-eabi/10.3.1/thumb/v7e-m+dp/hard/crti.o
LOAD /Library/DaisyToolchain/0.2.0/arm/bin/../lib/gcc/arm-none-eabi/10.3.1/thumb/v7e-m+dp/hard/crtbegin.o
LOAD /Library/DaisyToolchain/0.2.0/arm/bin/../lib/gcc/arm-none-eabi/10.3.1/../../../../arm-none-eabi/lib/thumb/v7e-m+dp/hard/crt0.o
LOAD build/startup_stm32h750xx.o
LOAD build/MiniTracker.o
LOAD build/sequencer.o
LOAD build/sampleplayer.o
LOAD build/cowbell.o
LOAD ../DaisyExamples/libDaisy//build/libdaisy.a
LOAD /Library/DaisyToolchain/0.2.0/arm/bin/../lib/gcc/arm-none-eabi/10.3.1/../../../../arm-none-eabi/lib/thumb/v7e-m+dp/hard/libnosys.a
LOAD ../DaisyExamples/DaisySP//build/libdaisysp.a
LOAD /Library/DaisyToolchain/0.2.0/arm/bin/../lib/gcc/arm-none-eabi/10.3.1/../../../../arm-none-eabi/lib/thumb/v7e-m+dp/hard/libstdc++_nano.a
LOAD /Library/DaisyToolchain/0.2.0/arm/bin/../lib/gcc/arm-none-eabi/10.3.1/../../../../arm-none-eabi/lib/thumb/v7e-m+dp/hard/libm.a
LOAD /Library/DaisyToolchain/0.2.0/arm/bin/../lib/gcc/arm-none-eabi/10.3.1/../../../../arm-none-eabi/lib/thumb/v7e-m+dp/hard/libc_nano.a
START GROUP
LOAD /Library/DaisyToolchain/0.2.0/arm/bin/../lib/gcc/arm-none-eabi/10.3.1/thumb/v7e-m+dp/hard/libgcc.a
LOAD /Library/DaisyToolchain/0.2.0/arm/bin/../lib/gcc/arm-none-eabi/10.3.1/../../../../arm-none-eabi/lib/thumb/v7e-m+dp/hard/libc_nano.a
END GROUP
START GROUP
LOAD /Library/DaisyToolchain/0.2.0/arm/bin/../lib/gcc/arm-none-eabi/10.3.1/thumb/v7e-m+dp/hard/libgcc.a
LOAD /Library/DaisyToolchain/0.2.0/arm/bin/../lib/gcc/arm-none-eabi/10.3.1/../../../../arm-none-eabi/lib/thumb/v7e-m+dp/hard/libc_nano.a
LOAD /Library/DaisyToolchain/0.2.0/arm/bin/../lib/gcc/arm-none-eabi/10.3.1/../../../../arm-none-eabi/lib/thumb/v7e-m+dp/hard/libnosys.a
END GROUP
START GROUP
LOAD /Library/DaisyToolchain/0.2.0/arm/bin/../lib/gcc/arm-none-eabi/10.3.1/thumb/v7e-m+dp/hard/libgcc.a
LOAD /Library/DaisyToolchain/0.2.0/arm/bin/../lib/gcc/arm-none-eabi/10.3.1/../../../../arm-none-eabi/lib/thumb/v7e-m+dp/hard/libc_nano.a
LOAD /Library/DaisyToolchain/0.2.0/arm/bin/../lib/gcc/arm-none-eabi/10.3.1/../../../../arm-none-eabi/lib/thumb/v7e-m+dp/hard/libnosys.a
END GROUP
LOAD /Library/DaisyToolchain/0.2.0/arm/bin/../lib/gcc/arm-none-eabi/10.3.1/thumb/v7e-m+dp/hard/crtend.o
LOAD /Library/DaisyToolchain/0.2.0/arm/bin/../lib/gcc/arm-none-eabi/10.3.1/thumb/v7e-m+dp/hard/crtn.o
                0x0000000020020000                _estack = 0x20020000

.isr_vector     0x0000000090040000      0x298
                0x0000000090040000                . = ALIGN (0x4)
 *(.isr_vector)
 .isr_vector    0x0000000090040000      0x298 build/startup_stm32h750xx.o
                0x0000000090040000                g_pfnVectors
                0x0000000090040298                . = ALIGN (0x4)

.text           0x00000000900402a0    0x15c94
                0x00000000900402a0                . = ALIGN (0x4)
                0x00000000900402a0                _stext = .
 *(.text)
 .text          0x00000000900402a0       0x40 /Library/DaisyToolchain/0.2.0/arm/bin/../lib/gcc/arm-none-eabi/10.3.1/thumb/v7e-m+dp/hard/crtbegin.o
 .text          0x00000000900402e0       0x10 /Library/DaisyToolchain/0.2.0/arm/bin/../lib/gcc/arm-none-eabi/10.3.1/../../../../arm-none-eabi/lib/thumb/v7e-m+dp/hard/libc_nano.a(lib_a-strlen.o)
                0x00000000900402e0                strlen
 .text          0x00000000900402f0       0xa0 /Library/DaisyToolchain/0.2.0/arm/bin/../lib/gcc/arm-none-eabi/10.3.1/../../../../arm-none-eabi/lib/thumb/v7e-m+dp/hard/libc_nano.a(lib_a-memchr.o)
                0x00000000900402f0                memchr
 .text          0x0000000090040390      0x378 /Library/DaisyToolchain/0.2.0/arm/bin/../lib/gcc/arm-none-eabi/10.3.1/thumb/v7e-m+dp/hard/libgcc.a(_arm_addsubdf3.o)
                0x0000000090040390                __aeabi_drsub
                0x0000000090040398                __subdf3
                0x0000000090040398                __aeabi_dsub
                0x000000009004039c                __aeabi_dadd
                0x000000009004039c                __adddf3
                0x0000000090040614                __aeabi_ui2d
                0x0000000090040614                __floatunsidf
                0x0000000090040634                __floatsidf
                0x0000000090040634                __aeabi_i2d
                0x0000000090040658                __extendsfdf2
                0x0000000090040658                __aeabi_f2d
                0x000000009004069c                __aeabi_ul2d
                0x000000009004069c                __floatundidf
                0x00000000900406ac                __aeabi_l2d
                0x00000000900406ac                __floatdidf
 .text          0x0000000090040708       0x30 /Library/DaisyToolchain/0.2.0/arm/bin/../lib/gcc/arm-none-eabi/10.3.1/thumb/v7e-m+dp/hard/libgcc.a(_aeabi_uldivmod.o)
                0x0000000090040708                __aeabi_uldivmod
 .text          0x0000000090040738      0x2d0 /Library/DaisyToolchain/0.2.0/arm/bin/../lib/gcc/arm-none-eabi/10.3.1/thumb/v7e-m+dp/hard/libgcc.a(_udivmoddi4.o)
                0x0000000090040738                __udivmoddi4
 .text          0x0000000090040a08        0x4 /Library/DaisyToolchain/0.2.0/arm/bin/../lib/gcc/arm-none-eabi/10.3.1/thumb/v7e-m+dp/hard/libgcc.a(_dvmd_tls.o)
                0x0000000090040a08                __aeabi_ldiv0
                0x0000000090040a08                __aeabi_idiv0
 *(.text*)
 .text.Default_Handler
                0x0000000090040a0c        0x4 build/startup_stm32h750xx.o
                0x0000000090040a0c                SAI1_IRQHandler
                0x0000000090040a0c                HASH_RNG_IRQHandler
                0x0000000090040a0c                EXTI2_IRQHandler
                0x0000000090040a0c                TIM8_CC_IRQHandler
                0x0000000090040a0c                HRTIM1_Master_IRQHandler
                0x0000000090040a0c                DebugMon_Handler
                0x0000000090040a0c                TIM1_CC_IRQHandler
                0x0000000090040a0c                BDMA_Channel6_IRQHandler
                0x0000000090040a0c                DMA2_Stream5_IRQHandler
                0x0000000090040a0c                HRTIM1_FLT_IRQHandler
                0x0000000090040a0c                JPEG_IRQHandler
                0x0000000090040a0c                BDMA_Channel1_IRQHandler
                0x0000000090040a0c                HRTIM1_TIMD_IRQHandler
                0x0000000090040a0c                TAMP_STAMP_IRQHandler
                0x0000000090040a0c                PendSV_Handler
                0x0000000090040a0c                NMI_Handler
                0x0000000090040a0c                EXTI3_IRQHandler
                0x0000000090040a0c                LPTIM4_IRQHandler
                0x0000000090040a0c                TIM8_TRG_COM_TIM14_IRQHandler
                0x0000000090040a0c                LPTIM2_IRQHandler
                0x0000000090040a0c                DFSDM1_FLT1_IRQHandler
                0x0000000090040a0c                DMAMUX2_OVR_IRQHandler
                0x0000000090040a0c                TIM8_UP_TIM13_IRQHandler
                0x0000000090040a0c                I2C3_ER_IRQHandler
                0x0000000090040a0c                DFSDM1_FLT2_IRQHandler
                0x0000000090040a0c                MDMA_IRQHandler
                0x0000000090040a0c                LPTIM3_IRQHandler
                0x0000000090040a0c                HSEM1_IRQHandler
                0x0000000090040a0c                EXTI0_IRQHandler
                0x0000000090040a0c                DMA1_Stream2_IRQHandler
                0x0000000090040a0c                FPU_IRQHandler
                0x0000000090040a0c                OTG_HS_WKUP_IRQHandler
                0x0000000090040a0c                FDCAN1_IT1_IRQHandler
                0x0000000090040a0c                UsageFault_Handler
                0x0000000090040a0c                LTDC_ER_IRQHandler
                0x0000000090040a0c                HRTIM1_TIME_IRQHandler
                0x0000000090040a0c                TIM6_DAC_IRQHandler
                0x0000000090040a0c                DCMI_IRQHandler
                0x0000000090040a0c                HRTIM1_TIMC_IRQHandler
                0x0000000090040a0c                SAI2_IRQHandler
                0x0000000090040a0c                DFSDM1_FLT3_IRQHandler
                0x0000000090040a0c                TIM17_IRQHandler
                0x0000000090040a0c                CRYP_IRQHandler
                0x0000000090040a0c                BDMA_Channel7_IRQHandler
                0x0000000090040a0c                LPTIM5_IRQHandler
                0x0000000090040a0c                ADC3_IRQHandler
                0x0000000090040a0c                DMA2_Stream0_IRQHandler
                0x0000000090040a0c                BDMA_Channel2_IRQHandler
                0x0000000090040a0c                DMAMUX1_OVR_IRQHandler
                0x0000000090040a0c                TIM16_IRQHandler
                0x0000000090040a0c                BDMA_Channel5_IRQHandler
                0x0000000090040a0c                RCC_IRQHandler
                0x0000000090040a0c                TIM8_BRK_TIM12_IRQHandler
                0x0000000090040a0c                TIM1_TRG_COM_IRQHandler
                0x0000000090040a0c                Default_Handler
                0x0000000090040a0c                ECC_IRQHandler
                0x0000000090040a0c                CEC_IRQHandler
                0x0000000090040a0c                EXTI15_10_IRQHandler
                0x0000000090040a0c                BDMA_Channel0_IRQHandler
                0x0000000090040a0c                ADC_IRQHandler
                0x0000000090040a0c                DMA1_Stream7_IRQHandler
                0x0000000090040a0c                HRTIM1_TIMA_IRQHandler
                0x0000000090040a0c                TIM7_IRQHandler
                0x0000000090040a0c                SDMMC1_IRQHandler
                0x0000000090040a0c                DMA2_Stream7_IRQHandler
                0x0000000090040a0c                TIM15_IRQHandler
                0x0000000090040a0c                PVD_AVD_IRQHandler
                0x0000000090040a0c                EXTI9_5_IRQHandler
                0x0000000090040a0c                RTC_WKUP_IRQHandler
                0x0000000090040a0c                LTDC_IRQHandler
                0x0000000090040a0c                SAI3_IRQHandler
                0x0000000090040a0c                ETH_WKUP_IRQHandler
                0x0000000090040a0c                SPDIF_RX_IRQHandler
                0x0000000090040a0c                MemManage_Handler
                0x0000000090040a0c                SVC_Handler
                0x0000000090040a0c                CRS_IRQHandler
                0x0000000090040a0c                EXTI4_IRQHandler
                0x0000000090040a0c                HRTIM1_TIMB_IRQHandler
                0x0000000090040a0c                FDCAN2_IT1_IRQHandler
                0x0000000090040a0c                ETH_IRQHandler
                0x0000000090040a0c                TIM1_UP_IRQHandler
                0x0000000090040a0c                BDMA_Channel4_IRQHandler
                0x0000000090040a0c                WWDG_IRQHandler
                0x0000000090040a0c                SPI6_IRQHandler
                0x0000000090040a0c                I2C4_EV_IRQHandler
                0x0000000090040a0c                MDIOS_IRQHandler
                0x0000000090040a0c                FDCAN2_IT0_IRQHandler
                0x0000000090040a0c                FDCAN1_IT0_IRQHandler
                0x0000000090040a0c                OTG_FS_WKUP_IRQHandler
                0x0000000090040a0c                DMA2D_IRQHandler
                0x0000000090040a0c                TIM1_BRK_IRQHandler
                0x0000000090040a0c                EXTI1_IRQHandler
                0x0000000090040a0c                SDMMC2_IRQHandler
                0x0000000090040a0c                OTG_FS_EP1_OUT_IRQHandler
                0x0000000090040a0c                BDMA_Channel3_IRQHandler
                0x0000000090040a0c                MDIOS_WKUP_IRQHandler
                0x0000000090040a0c                DFSDM1_FLT0_IRQHandler
                0x0000000090040a0c                SAI4_IRQHandler
                0x0000000090040a0c                I2C2_ER_IRQHandler
                0x0000000090040a0c                DMA2_Stream1_IRQHandler
                0x0000000090040a0c                FLASH_IRQHandler
                0x0000000090040a0c                BusFault_Handler
                0x0000000090040a0c                OTG_FS_IRQHandler
                0x0000000090040a0c                WAKEUP_PIN_IRQHandler
                0x0000000090040a0c                OTG_FS_EP1_IN_IRQHandler
                0x0000000090040a0c                I2C1_ER_IRQHandler
                0x0000000090040a0c                FMC_IRQHandler
                0x0000000090040a0c                FDCAN_CAL_IRQHandler
                0x0000000090040a0c                SWPMI1_IRQHandler
                0x0000000090040a0c                COMP1_IRQHandler
                0x0000000090040a0c                LPTIM1_IRQHandler
                0x0000000090040a0c                I2C4_ER_IRQHandler
                0x0000000090040a0c                DMA2_Stream6_IRQHandler
                0x0000000090040a0c                RTC_Alarm_IRQHandler
 .text.Reset_Handler
                0x0000000090040a10       0x40 build/startup_stm32h750xx.o
                0x0000000090040a10                Reset_Handler
 .text._ZN5daisy6SwitchD2Ev
                0x0000000090040a50        0x4 build/MiniTracker.o
                0x0000000090040a50                daisy::Switch::~Switch()
                0x0000000090040a50                daisy::Switch::~Switch()
 .text._ZN5daisy9DaisySeedD2Ev
                0x0000000090040a54        0x4 build/MiniTracker.o
                0x0000000090040a54                daisy::DaisySeed::~DaisySeed()
                0x0000000090040a54                daisy::DaisySeed::~DaisySeed()
 .text._ZN9Sequencer10AltAButtonEv
                0x0000000090040a58        0x4 build/MiniTracker.o
                0x0000000090040a58                Sequencer::AltAButton()
 .text._ZN9Sequencer10AltBButtonEv
                0x0000000090040a5c        0x4 build/MiniTracker.o
                0x0000000090040a5c                Sequencer::AltBButton()
 .text._ZN6ButtonD2Ev
                0x0000000090040a60        0x4 build/MiniTracker.o
                0x0000000090040a60                Button::~Button()
                0x0000000090040a60                Button::~Button()
 .text._ZN5daisy11OledDisplayINS_13SSD130xDriverILj128ELj64ENS_19SSD130xI2CTransportEEEED2Ev
                0x0000000090040a64        0x4 build/MiniTracker.o
                0x0000000090040a64                daisy::OledDisplay<daisy::SSD130xDriver<128u, 64u, daisy::SSD130xI2CTransport> >::~OledDisplay()
                0x0000000090040a64                daisy::OledDisplay<daisy::SSD130xDriver<128u, 64u, daisy::SSD130xI2CTransport> >::~OledDisplay()
 .text._ZNK5daisy11OledDisplayINS_13SSD130xDriverILj128ELj64ENS_19SSD130xI2CTransportEEEE6HeightEv
                0x0000000090040a68        0x4 build/MiniTracker.o
                0x0000000090040a68                daisy::OledDisplay<daisy::SSD130xDriver<128u, 64u, daisy::SSD130xI2CTransport> >::Height() const
 .text._ZNK5daisy11OledDisplayINS_13SSD130xDriverILj128ELj64ENS_19SSD130xI2CTransportEEEE5WidthEv
                0x0000000090040a6c        0x4 build/MiniTracker.o
                0x0000000090040a6c                daisy::OledDisplay<daisy::SSD130xDriver<128u, 64u, daisy::SSD130xI2CTransport> >::Width() const
 .text._ZN5daisy11OledDisplayINS_13SSD130xDriverILj128ELj64ENS_19SSD130xI2CTransportEEEE4FillEb
                0x0000000090040a70       0x10 build/MiniTracker.o
                0x0000000090040a70                daisy::OledDisplay<daisy::SSD130xDriver<128u, 64u, daisy::SSD130xI2CTransport> >::Fill(bool)
 .text._ZN5daisy11OledDisplayINS_13SSD130xDriverILj128ELj64ENS_19SSD130xI2CTransportEEEED0Ev
                0x0000000090040a80       0x10 build/MiniTracker.o
                0x0000000090040a80                daisy::OledDisplay<daisy::SSD130xDriver<128u, 64u, daisy::SSD130xI2CTransport> >::~OledDisplay()
 .text._ZN9SequencerD2Ev
                0x0000000090040a90       0x28 build/MiniTracker.o
                0x0000000090040a90                Sequencer::~Sequencer()
                0x0000000090040a90                Sequencer::~Sequencer()
 .text._ZNSt6vectorIP10InstrumentSaIS1_EED2Ev
                0x0000000090040ab8       0x14 build/MiniTracker.o
                0x0000000090040ab8                std::vector<Instrument*, std::allocator<Instrument*> >::~vector()
                0x0000000090040ab8                std::vector<Instrument*, std::allocator<Instrument*> >::~vector()
 .text._ZNSt6vectorIP6ButtonSaIS1_EED2Ev
                0x0000000090040acc       0x14 build/MiniTracker.o
                0x0000000090040acc                std::vector<Button*, std::allocator<Button*> >::~vector()
                0x0000000090040acc                std::vector<Button*, std::allocator<Button*> >::~vector()
 .text._Z9PlayPressv
                0x0000000090040ae0       0x24 build/MiniTracker.o
                0x0000000090040ae0                PlayPress()
 .text._Z7UpPressv
                0x0000000090040b04       0x24 build/MiniTracker.o
                0x0000000090040b04                UpPress()
 .text._Z9DownPressv
                0x0000000090040b28       0x24 build/MiniTracker.o
                0x0000000090040b28                DownPress()
 .text._Z9LeftPressv
                0x0000000090040b4c       0x24 build/MiniTracker.o
                0x0000000090040b4c                LeftPress()
 .text._Z10RightPressv
                0x0000000090040b70       0x24 build/MiniTracker.o
                0x0000000090040b70                RightPress()
 .text._Z6APressv
                0x0000000090040b94       0x2c build/MiniTracker.o
                0x0000000090040b94                APress()
 .text._Z6BPressv
                0x0000000090040bc0       0x2c build/MiniTracker.o
                0x0000000090040bc0                BPress()
 .text._ZN5daisy11OledDisplayINS_13SSD130xDriverILj128ELj64ENS_19SSD130xI2CTransportEEEE6UpdateEv
                0x0000000090040bec       0xac build/MiniTracker.o
                0x0000000090040bec                daisy::OledDisplay<daisy::SSD130xDriver<128u, 64u, daisy::SSD130xI2CTransport> >::Update()
 .text._ZN5daisy25OneBitGraphicsDisplayImplINS_11OledDisplayINS_13SSD130xDriverILj128ELj64ENS_19SSD130xI2CTransportEEEEEE11WriteStringEPKc7FontDefb
                0x0000000090040c98      0x1c0 build/MiniTracker.o
                0x0000000090040c98                daisy::OneBitGraphicsDisplayImpl<daisy::OledDisplay<daisy::SSD130xDriver<128u, 64u, daisy::SSD130xI2CTransport> > >::WriteString(char const*, FontDef, bool)
 .text._ZN5daisy25OneBitGraphicsDisplayImplINS_11OledDisplayINS_13SSD130xDriverILj128ELj64ENS_19SSD130xI2CTransportEEEEEE9WriteCharEc7FontDefb
                0x0000000090040e58      0x1a0 build/MiniTracker.o
                0x0000000090040e58                daisy::OneBitGraphicsDisplayImpl<daisy::OledDisplay<daisy::SSD130xDriver<128u, 64u, daisy::SSD130xI2CTransport> > >::WriteChar(char, FontDef, bool)
 .text._ZN5daisy25OneBitGraphicsDisplayImplINS_11OledDisplayINS_13SSD130xDriverILj128ELj64ENS_19SSD130xI2CTransportEEEEEE18WriteStringAlignedEPKcRK7FontDefNS_9RectangleENS_9AlignmentEb
                0x0000000090040ff8      0x3ec build/MiniTracker.o
                0x0000000090040ff8                daisy::OneBitGraphicsDisplayImpl<daisy::OledDisplay<daisy::SSD130xDriver<128u, 64u, daisy::SSD130xI2CTransport> > >::WriteStringAligned(char const*, FontDef const&, daisy::Rectangle, daisy::Alignment, bool)
 .text._ZN5daisy11OledDisplayINS_13SSD130xDriverILj128ELj64ENS_19SSD130xI2CTransportEEEE9DrawPixelEjjb
                0x00000000900413e4       0x44 build/MiniTracker.o
                0x00000000900413e4                daisy::OledDisplay<daisy::SSD130xDriver<128u, 64u, daisy::SSD130xI2CTransport> >::DrawPixel(unsigned int, unsigned int, bool)
 .text._ZN5daisy25OneBitGraphicsDisplayImplINS_11OledDisplayINS_13SSD130xDriverILj128ELj64ENS_19SSD130xI2CTransportEEEEEE8DrawLineEjjjjb
                0x0000000090041428       0xfc build/MiniTracker.o
                0x0000000090041428                daisy::OneBitGraphicsDisplayImpl<daisy::OledDisplay<daisy::SSD130xDriver<128u, 64u, daisy::SSD130xI2CTransport> > >::DrawLine(unsigned int, unsigned int, unsigned int, unsigned int, bool)
 *fill*         0x0000000090041524        0x4 
 .text._ZN5daisy25OneBitGraphicsDisplayImplINS_11OledDisplayINS_13SSD130xDriverILj128ELj64ENS_19SSD130xI2CTransportEEEEEE7DrawArcEjjjiib
                0x0000000090041528      0x478 build/MiniTracker.o
                0x0000000090041528                daisy::OneBitGraphicsDisplayImpl<daisy::OledDisplay<daisy::SSD130xDriver<128u, 64u, daisy::SSD130xI2CTransport> > >::DrawArc(unsigned int, unsigned int, unsigned int, int, int, bool)
 .text._ZN5daisy25OneBitGraphicsDisplayImplINS_11OledDisplayINS_13SSD130xDriverILj128ELj64ENS_19SSD130xI2CTransportEEEEEE8DrawRectEjjjjbb
                0x00000000900419a0      0x418 build/MiniTracker.o
                0x00000000900419a0                daisy::OneBitGraphicsDisplayImpl<daisy::OledDisplay<daisy::SSD130xDriver<128u, 64u, daisy::SSD130xI2CTransport> > >::DrawRect(unsigned int, unsigned int, unsigned int, unsigned int, bool, bool)
 .text._Z11InputHandlev
                0x0000000090041db8       0xbc build/MiniTracker.o
                0x0000000090041db8                InputHandle()
 .text._Z13AudioCallbackPKPKfPPfj
                0x0000000090041e74       0x7c build/MiniTracker.o
                0x0000000090041e74                AudioCallback(float const* const*, float**, unsigned int)
 .text._ZN5daisy13SSD130xDriverILj128ELj64ENS_19SSD130xI2CTransportEE4InitENS2_6ConfigE
                0x0000000090041ef0      0x250 build/MiniTracker.o
                0x0000000090041ef0                daisy::SSD130xDriver<128u, 64u, daisy::SSD130xI2CTransport>::Init(daisy::SSD130xDriver<128u, 64u, daisy::SSD130xI2CTransport>::Config)
 .text._ZNSt6vectorIiSaIiEE17_M_realloc_insertIJiEEEvN9__gnu_cxx17__normal_iteratorIPiS1_EEDpOT_
                0x0000000090042140       0xd4 build/MiniTracker.o
                0x0000000090042140                void std::vector<int, std::allocator<int> >::_M_realloc_insert<int>(__gnu_cxx::__normal_iterator<int*, std::vector<int, std::allocator<int> > >, int&&)
 .text._ZNSt6vectorIP6ButtonSaIS1_EE17_M_realloc_insertIJS1_EEEvN9__gnu_cxx17__normal_iteratorIPS1_S3_EEDpOT_
                0x0000000090042214       0xd4 build/MiniTracker.o
                0x0000000090042214                void std::vector<Button*, std::allocator<Button*> >::_M_realloc_insert<Button*>(__gnu_cxx::__normal_iterator<Button**, std::vector<Button*, std::allocator<Button*> > >, Button*&&)
 .text._ZNSt6vectorIP6ButtonSaIS1_EE12emplace_backIJS1_EEEvDpOT_
                0x00000000900422e8       0x20 build/MiniTracker.o
                0x00000000900422e8                void std::vector<Button*, std::allocator<Button*> >::emplace_back<Button*>(Button*&&)
 .text._ZNSt6vectorIP10InstrumentSaIS1_EE17_M_realloc_insertIJS1_EEEvN9__gnu_cxx17__normal_iteratorIPS1_S3_EEDpOT_
                0x0000000090042308       0xd4 build/MiniTracker.o
                0x0000000090042308                void std::vector<Instrument*, std::allocator<Instrument*> >::_M_realloc_insert<Instrument*>(__gnu_cxx::__normal_iterator<Instrument**, std::vector<Instrument*, std::allocator<Instrument*> > >, Instrument*&&)
 .text.startup.main
                0x00000000900423dc      0x3a4 build/MiniTracker.o
                0x00000000900423dc                main
 .text.startup._GLOBAL__sub_I_hw
                0x0000000090042780      0x114 build/MiniTracker.o
 .text._ZN9Sequencer10PlayButtonEv
                0x0000000090042894       0x14 build/sequencer.o
                0x0000000090042894                Sequencer::PlayButton()
 .text._ZN9Sequencer13AltPlayButtonEv
                0x00000000900428a8       0x1c build/sequencer.o
                0x00000000900428a8                Sequencer::AltPlayButton()
 .text._ZN9Sequencer10DrawSquareEiib
                0x00000000900428c4      0x3ec build/sequencer.o
                0x00000000900428c4                Sequencer::DrawSquare(int, int, bool)
 .text._ZN9Sequencer9DrawArrowEiii
                0x0000000090042cb0      0x1ec build/sequencer.o
                0x0000000090042cb0                Sequencer::DrawArrow(int, int, int)
 .text._ZN9Sequencer11GetFxStringEPcii
                0x0000000090042e9c       0x9c build/sequencer.o
                0x0000000090042e9c                Sequencer::GetFxString(char*, int, int)
 .text._ZN9Sequencer13GetNoteStringEPci
                0x0000000090042f38      0x110 build/sequencer.o
                0x0000000090042f38                Sequencer::GetNoteString(char*, int)
 .text._ZN9Sequencer8DrawStepEiiP4Step
                0x0000000090043048      0x740 build/sequencer.o
                0x0000000090043048                Sequencer::DrawStep(int, int, Step*)
 .text._ZN9Sequencer13UpdateDisplayEv
                0x0000000090043788      0x604 build/sequencer.o
                0x0000000090043788                Sequencer::UpdateDisplay()
 .text._ZN9Sequencer7AButtonEv
                0x0000000090043d8c        0xc build/sequencer.o
                0x0000000090043d8c                Sequencer::AButton()
 .text._ZN9Sequencer7BButtonEv
                0x0000000090043d98        0xc build/sequencer.o
                0x0000000090043d98                Sequencer::BButton()
 .text._ZN9Sequencer13AltLeftButtonEv
                0x0000000090043da4       0x7c build/sequencer.o
                0x0000000090043da4                Sequencer::AltLeftButton()
 .text._ZN9Sequencer12PreviousStepEv
                0x0000000090043e20       0x50 build/sequencer.o
                0x0000000090043e20                Sequencer::PreviousStep()
 .text._ZN9Sequencer8UpButtonEv
                0x0000000090043e70       0x84 build/sequencer.o
                0x0000000090043e70                Sequencer::UpButton()
 .text._ZN9Sequencer12PreviousLaneEv
                0x0000000090043ef4       0x6c build/sequencer.o
                0x0000000090043ef4                Sequencer::PreviousLane()
 .text._ZN9Sequencer10LeftButtonEv
                0x0000000090043f60       0x50 build/sequencer.o
                0x0000000090043f60                Sequencer::LeftButton()
 .text._ZN9Sequencer8NextLaneEv
                0x0000000090043fb0       0x6c build/sequencer.o
                0x0000000090043fb0                Sequencer::NextLane()
 .text._ZN9Sequencer11RightButtonEv
                0x000000009004401c       0x50 build/sequencer.o
                0x000000009004401c                Sequencer::RightButton()
 .text._ZN9Sequencer11NextPatternEv
                0x000000009004406c       0x50 build/sequencer.o
                0x000000009004406c                Sequencer::NextPattern()
 .text._ZN9Sequencer8NextStepEv
                0x00000000900440bc       0x70 build/sequencer.o
                0x00000000900440bc                Sequencer::NextStep()
 .text._ZN9Sequencer6UpdateEv
                0x000000009004412c       0xd0 build/sequencer.o
                0x000000009004412c                Sequencer::Update()
 .text._ZN9Sequencer10DownButtonEv
                0x00000000900441fc       0x98 build/sequencer.o
                0x00000000900441fc                Sequencer::DownButton()
 .text._ZNSt6vectorIiSaIiEE8_M_eraseEN9__gnu_cxx17__normal_iteratorIPiS1_EE
                0x0000000090044294       0x20 build/sequencer.o
                0x0000000090044294                std::vector<int, std::allocator<int> >::_M_erase(__gnu_cxx::__normal_iterator<int*, std::vector<int, std::allocator<int> > >)
 .text._ZN9Sequencer13AltDownButtonEv
                0x00000000900442b4       0xb4 build/sequencer.o
                0x00000000900442b4                Sequencer::AltDownButton()
 .text._ZN9Sequencer11AltUpButtonEv
                0x0000000090044368       0xe8 build/sequencer.o
                0x0000000090044368                Sequencer::AltUpButton()
 .text._ZNSt6vectorIP7PatternSaIS1_EE17_M_realloc_insertIJS1_EEEvN9__gnu_cxx17__normal_iteratorIPS1_S3_EEDpOT_
                0x0000000090044450       0xd4 build/sequencer.o
                0x0000000090044450                void std::vector<Pattern*, std::allocator<Pattern*> >::_M_realloc_insert<Pattern*>(__gnu_cxx::__normal_iterator<Pattern**, std::vector<Pattern*, std::allocator<Pattern*> > >, Pattern*&&)
 .text._ZNSt6vectorIP4LaneSaIS1_EE17_M_realloc_insertIJS1_EEEvN9__gnu_cxx17__normal_iteratorIPS1_S3_EEDpOT_
                0x0000000090044524       0xd4 build/sequencer.o
                0x0000000090044524                void std::vector<Lane*, std::allocator<Lane*> >::_M_realloc_insert<Lane*>(__gnu_cxx::__normal_iterator<Lane**, std::vector<Lane*, std::allocator<Lane*> > >, Lane*&&)
 .text._ZNSt6vectorIP4StepSaIS1_EE17_M_realloc_insertIJS1_EEEvN9__gnu_cxx17__normal_iteratorIPS1_S3_EEDpOT_
                0x00000000900445f8       0xd4 build/sequencer.o
                0x00000000900445f8                void std::vector<Step*, std::allocator<Step*> >::_M_realloc_insert<Step*>(__gnu_cxx::__normal_iterator<Step**, std::vector<Step*, std::allocator<Step*> > >, Step*&&)
 .text._ZN9Sequencer10NewPatternEv
                0x00000000900446cc      0x140 build/sequencer.o
                0x00000000900446cc                Sequencer::NewPattern()
 .text._ZN9Sequencer14AltRightButtonEv
                0x000000009004480c       0x7c build/sequencer.o
                0x000000009004480c                Sequencer::AltRightButton()
 .text._ZN5daisy9DaisySeed6GetPinEh
                0x0000000090044888       0x2c ../DaisyExamples/libDaisy//build/libdaisy.a(daisy_seed.o)
                0x0000000090044888                daisy::DaisySeed::GetPin(unsigned char)
 .text._ZN5daisy9DaisySeed10StartAudioEPFvPKPKfPPfjE
                0x00000000900448b4        0x8 ../DaisyExamples/libDaisy//build/libdaisy.a(daisy_seed.o)
                0x00000000900448b4                daisy::DaisySeed::StartAudio(void (*)(float const* const*, float**, unsigned int))
 .text._ZN5daisy9DaisySeed15AudioSampleRateEv
                0x00000000900448bc        0x8 ../DaisyExamples/libDaisy//build/libdaisy.a(daisy_seed.o)
                0x00000000900448bc                daisy::DaisySeed::AudioSampleRate()
 .text._ZN5daisy9DaisySeed17SetAudioBlockSizeEj
                0x00000000900448c4       0x38 ../DaisyExamples/libDaisy//build/libdaisy.a(daisy_seed.o)
                0x00000000900448c4                daisy::DaisySeed::SetAudioBlockSize(unsigned int)
 .text._ZN5daisy9DaisySeed17CheckBoardVersionEv
                0x00000000900448fc       0x6c ../DaisyExamples/libDaisy//build/libdaisy.a(daisy_seed.o)
                0x00000000900448fc                daisy::DaisySeed::CheckBoardVersion()
 .text._ZN5daisy9DaisySeed14ConfigureAudioEv
                0x0000000090044968      0x10c ../DaisyExamples/libDaisy//build/libdaisy.a(daisy_seed.o)
                0x0000000090044968                daisy::DaisySeed::ConfigureAudio()
 .text._ZN5daisy9DaisySeed4InitEb
                0x0000000090044a74      0x108 ../DaisyExamples/libDaisy//build/libdaisy.a(daisy_seed.o)
                0x0000000090044a74                daisy::DaisySeed::Init(bool)
 .text._ZN5daisy6Ak45564InitE12dsy_gpio_pin
                0x0000000090044b7c       0x44 ../DaisyExamples/libDaisy//build/libdaisy.a(codec_ak4556.o)
                0x0000000090044b7c                daisy::Ak4556::Init(dsy_gpio_pin)
 .text._ZN5daisy6Wm873120WriteControlRegisterEht
                0x0000000090044bc0       0x3c ../DaisyExamples/libDaisy//build/libdaisy.a(codec_wm8731.o)
                0x0000000090044bc0                daisy::Wm8731::WriteControlRegister(unsigned char, unsigned short)
 .text._ZN5daisy6Wm87314InitERKNS0_6ConfigENS_9I2CHandleE
                0x0000000090044bfc      0x1bc ../DaisyExamples/libDaisy//build/libdaisy.a(codec_wm8731.o)
                0x0000000090044bfc                daisy::Wm8731::Init(daisy::Wm8731::Config const&, daisy::I2CHandle)
 .text._ZN11SdramHandle10DeviceInitEv
                0x0000000090044db8       0x98 ../DaisyExamples/libDaisy//build/libdaisy.a(sdram.o)
                0x0000000090044db8                SdramHandle::DeviceInit()
 .text._ZN11SdramHandle4InitEv
                0x0000000090044e50       0x7c ../DaisyExamples/libDaisy//build/libdaisy.a(sdram.o)
                0x0000000090044e50                SdramHandle::Init()
 .text.HAL_SDRAM_MspInit
                0x0000000090044ecc      0x1a8 ../DaisyExamples/libDaisy//build/libdaisy.a(sdram.o)
                0x0000000090044ecc                HAL_SDRAM_MspInit
 .text._ZN5daisy11AudioHandle4Impl16InternalCallbackEPlS2_j
                0x0000000090045074      0xbbc ../DaisyExamples/libDaisy//build/libdaisy.a(audio.o)
                0x0000000090045074                daisy::AudioHandle::Impl::InternalCallback(long*, long*, unsigned int)
 .text._ZN5daisy11AudioHandle4InitERKNS0_6ConfigENS_9SaiHandleE
                0x0000000090045c30       0x70 ../DaisyExamples/libDaisy//build/libdaisy.a(audio.o)
                0x0000000090045c30                daisy::AudioHandle::Init(daisy::AudioHandle::Config const&, daisy::SaiHandle)
 .text._ZNK5daisy11AudioHandle9GetConfigEv
                0x0000000090045ca0        0x8 ../DaisyExamples/libDaisy//build/libdaisy.a(audio.o)
                0x0000000090045ca0                daisy::AudioHandle::GetConfig() const
 .text._ZN5daisy11AudioHandle12SetBlockSizeEj
                0x0000000090045ca8       0x1c ../DaisyExamples/libDaisy//build/libdaisy.a(audio.o)
                0x0000000090045ca8                daisy::AudioHandle::SetBlockSize(unsigned int)
 .text._ZN5daisy11AudioHandle13GetSampleRateEv
                0x0000000090045cc4        0x8 ../DaisyExamples/libDaisy//build/libdaisy.a(audio.o)
                0x0000000090045cc4                daisy::AudioHandle::GetSampleRate()
 .text._ZN5daisy11AudioHandle5StartEPFvPKPKfPPfjE
                0x0000000090045ccc       0x44 ../DaisyExamples/libDaisy//build/libdaisy.a(audio.o)
                0x0000000090045ccc                daisy::AudioHandle::Start(void (*)(float const* const*, float**, unsigned int))
 .text.startup._GLOBAL__sub_I__ZN5daisy11AudioHandle4Impl4InitENS0_6ConfigENS_9SaiHandleE
                0x0000000090045d10       0x24 ../DaisyExamples/libDaisy//build/libdaisy.a(audio.o)
 .text._ZN5daisy6Switch4InitE12dsy_gpio_pinf
                0x0000000090045d34       0x34 ../DaisyExamples/libDaisy//build/libdaisy.a(switch.o)
                0x0000000090045d34                daisy::Switch::Init(dsy_gpio_pin, float)
 .text._ZN5daisy6Switch8DebounceEv
                0x0000000090045d68       0x5c ../DaisyExamples/libDaisy//build/libdaisy.a(switch.o)
                0x0000000090045d68                daisy::Switch::Debounce()
 .text._ZN5daisy4GPIO4InitENS_3PinENS0_4ModeENS0_4PullENS0_5SpeedE
                0x0000000090045dc4      0x1cc ../DaisyExamples/libDaisy//build/libdaisy.a(gpio.o)
                0x0000000090045dc4                daisy::GPIO::Init(daisy::Pin, daisy::GPIO::Mode, daisy::GPIO::Pull, daisy::GPIO::Speed)
 .text._ZN5daisy4GPIO4ReadEv
                0x0000000090045f90       0x18 ../DaisyExamples/libDaisy//build/libdaisy.a(gpio.o)
                0x0000000090045f90                daisy::GPIO::Read()
 .text._ZN5daisy4GPIO5WriteEb
                0x0000000090045fa8       0x14 ../DaisyExamples/libDaisy//build/libdaisy.a(gpio.o)
                0x0000000090045fa8                daisy::GPIO::Write(bool)
 .text.dsy_gpio_init
                0x0000000090045fbc      0x1b8 ../DaisyExamples/libDaisy//build/libdaisy.a(gpio.o)
                0x0000000090045fbc                dsy_gpio_init
 .text.dsy_gpio_read
                0x0000000090046174       0x1c ../DaisyExamples/libDaisy//build/libdaisy.a(gpio.o)
                0x0000000090046174                dsy_gpio_read
 .text.dsy_gpio_write
                0x0000000090046190       0x24 ../DaisyExamples/libDaisy//build/libdaisy.a(gpio.o)
                0x0000000090046190                dsy_gpio_write
 .text._ZN5daisy9I2CHandle4Impl8InitPinsEv
                0x00000000900461b4       0x58 ../DaisyExamples/libDaisy//build/libdaisy.a(i2c.o)
                0x00000000900461b4                daisy::I2CHandle::Impl::InitPins()
 .text.HAL_I2C_MspInit
                0x000000009004620c      0x1b4 ../DaisyExamples/libDaisy//build/libdaisy.a(i2c.o)
                0x000000009004620c                HAL_I2C_MspInit
 .text.dsy_i2c_global_init
                0x00000000900463c0       0x78 ../DaisyExamples/libDaisy//build/libdaisy.a(i2c.o)
                0x00000000900463c0                dsy_i2c_global_init
 .text.DMA1_Stream6_IRQHandler
                0x0000000090046438       0x34 ../DaisyExamples/libDaisy//build/libdaisy.a(i2c.o)
                0x0000000090046438                DMA1_Stream6_IRQHandler
 .text.I2C1_EV_IRQHandler
                0x000000009004646c        0xc ../DaisyExamples/libDaisy//build/libdaisy.a(i2c.o)
                0x000000009004646c                I2C1_EV_IRQHandler
 .text.I2C2_EV_IRQHandler
                0x0000000090046478        0xc ../DaisyExamples/libDaisy//build/libdaisy.a(i2c.o)
                0x0000000090046478                I2C2_EV_IRQHandler
 .text.I2C3_EV_IRQHandler
                0x0000000090046484        0xc ../DaisyExamples/libDaisy//build/libdaisy.a(i2c.o)
                0x0000000090046484                I2C3_EV_IRQHandler
 .text._ZN5daisy9I2CHandle4InitERKNS0_6ConfigE
                0x0000000090046490      0x12c ../DaisyExamples/libDaisy//build/libdaisy.a(i2c.o)
                0x0000000090046490                daisy::I2CHandle::Init(daisy::I2CHandle::Config const&)
 .text._ZN5daisy9I2CHandle16TransmitBlockingEtPhtm
                0x00000000900465bc       0x50 ../DaisyExamples/libDaisy//build/libdaisy.a(i2c.o)
                0x00000000900465bc                daisy::I2CHandle::TransmitBlocking(unsigned short, unsigned char*, unsigned short, unsigned long)
 .text.startup._GLOBAL__sub_I__ZN5daisy9I2CHandle4Impl10GlobalInitEv
                0x000000009004660c       0x18 ../DaisyExamples/libDaisy//build/libdaisy.a(i2c.o)
 .text._ZN5daisy10QSPIHandle4Impl11WriteEnableEv
                0x0000000090046624       0x8c ../DaisyExamples/libDaisy//build/libdaisy.a(qspi.o)
                0x0000000090046624                daisy::QSPIHandle::Impl::WriteEnable()
 .text._ZN5daisy10QSPIHandle4Impl17DummyCyclesConfigENS0_6Config6DeviceE
                0x00000000900466b0      0x118 ../DaisyExamples/libDaisy//build/libdaisy.a(qspi.o)
                0x00000000900466b0                daisy::QSPIHandle::Impl::DummyCyclesConfig(daisy::QSPIHandle::Config::Device)
 .text._ZN5daisy10QSPIHandle4Impl10QuadEnableEv
                0x00000000900467c8      0x158 ../DaisyExamples/libDaisy//build/libdaisy.a(qspi.o)
                0x00000000900467c8                daisy::QSPIHandle::Impl::QuadEnable()
 .text._ZN5daisy10QSPIHandle4InitERKNS0_6ConfigE
                0x0000000090046920      0x198 ../DaisyExamples/libDaisy//build/libdaisy.a(qspi.o)
                0x0000000090046920                daisy::QSPIHandle::Init(daisy::QSPIHandle::Config const&)
 .text.HAL_QSPI_MspInit
                0x0000000090046ab8      0x11c ../DaisyExamples/libDaisy//build/libdaisy.a(qspi.o)
                0x0000000090046ab8                HAL_QSPI_MspInit
 .text.HAL_QSPI_MspDeInit
                0x0000000090046bd4       0x54 ../DaisyExamples/libDaisy//build/libdaisy.a(qspi.o)
                0x0000000090046bd4                HAL_QSPI_MspDeInit
 .text.QUADSPI_IRQHandler
                0x0000000090046c28        0xc ../DaisyExamples/libDaisy//build/libdaisy.a(qspi.o)
                0x0000000090046c28                QUADSPI_IRQHandler
 .text.startup._GLOBAL__sub_I__ZN5daisy10QSPIHandle4Impl4InitERKNS0_6ConfigE
                0x0000000090046c34       0x28 ../DaisyExamples/libDaisy//build/libdaisy.a(qspi.o)
 .text._ZN5daisy9SaiHandle4Impl7InitDmaENS1_15PeripheralBlockE
                0x0000000090046c5c       0xa0 ../DaisyExamples/libDaisy//build/libdaisy.a(sai.o)
                0x0000000090046c5c                daisy::SaiHandle::Impl::InitDma(daisy::SaiHandle::Impl::PeripheralBlock)
 .text._ZN5daisy9SaiHandle4Impl8InitPinsEv
                0x0000000090046cfc       0xa8 ../DaisyExamples/libDaisy//build/libdaisy.a(sai.o)
                0x0000000090046cfc                daisy::SaiHandle::Impl::InitPins()
 .text.HAL_SAI_MspInit
                0x0000000090046da4      0x164 ../DaisyExamples/libDaisy//build/libdaisy.a(sai.o)
                0x0000000090046da4                HAL_SAI_MspInit
 .text.DMA1_Stream0_IRQHandler
                0x0000000090046f08        0xc ../DaisyExamples/libDaisy//build/libdaisy.a(sai.o)
                0x0000000090046f08                DMA1_Stream0_IRQHandler
 .text.DMA1_Stream1_IRQHandler
                0x0000000090046f14        0xc ../DaisyExamples/libDaisy//build/libdaisy.a(sai.o)
                0x0000000090046f14                DMA1_Stream1_IRQHandler
 .text.DMA1_Stream3_IRQHandler
                0x0000000090046f20        0xc ../DaisyExamples/libDaisy//build/libdaisy.a(sai.o)
                0x0000000090046f20                DMA1_Stream3_IRQHandler
 .text.DMA1_Stream4_IRQHandler
                0x0000000090046f2c        0xc ../DaisyExamples/libDaisy//build/libdaisy.a(sai.o)
                0x0000000090046f2c                DMA1_Stream4_IRQHandler
 .text.HAL_SAI_RxHalfCpltCallback
                0x0000000090046f38       0x78 ../DaisyExamples/libDaisy//build/libdaisy.a(sai.o)
                0x0000000090046f38                HAL_SAI_RxHalfCpltCallback
 .text.HAL_SAI_RxCpltCallback
                0x0000000090046fb0       0x70 ../DaisyExamples/libDaisy//build/libdaisy.a(sai.o)
                0x0000000090046fb0                HAL_SAI_RxCpltCallback
 .text._ZN5daisy9SaiHandle4InitERKNS0_6ConfigE
                0x0000000090047020      0x1f0 ../DaisyExamples/libDaisy//build/libdaisy.a(sai.o)
                0x0000000090047020                daisy::SaiHandle::Init(daisy::SaiHandle::Config const&)
 .text._ZNK5daisy9SaiHandle9GetConfigEv
                0x0000000090047210        0x4 ../DaisyExamples/libDaisy//build/libdaisy.a(sai.o)
                0x0000000090047210                daisy::SaiHandle::GetConfig() const
 .text._ZN5daisy9SaiHandle8StartDmaEPlS1_jPFvS1_S1_jE
                0x0000000090047214       0xbc ../DaisyExamples/libDaisy//build/libdaisy.a(sai.o)
                0x0000000090047214                daisy::SaiHandle::StartDma(long*, long*, unsigned int, void (*)(long*, long*, unsigned int))
 .text._ZN5daisy9SaiHandle13GetSampleRateEv
                0x00000000900472d0       0x24 ../DaisyExamples/libDaisy//build/libdaisy.a(sai.o)
                0x00000000900472d0                daisy::SaiHandle::GetSampleRate()
 .text._ZNK5daisy9SaiHandle9GetOffsetEv
                0x00000000900472f4        0x8 ../DaisyExamples/libDaisy//build/libdaisy.a(sai.o)
                0x00000000900472f4                daisy::SaiHandle::GetOffset() const
 .text._ZN5daisy11TimerHandleD2Ev
                0x00000000900472fc        0x4 ../DaisyExamples/libDaisy//build/libdaisy.a(system.o)
                0x00000000900472fc                daisy::TimerHandle::~TimerHandle()
                0x00000000900472fc                daisy::TimerHandle::~TimerHandle()
 .text.SysTick_Handler
                0x0000000090047300       0x10 ../DaisyExamples/libDaisy//build/libdaisy.a(system.o)
                0x0000000090047300                SysTick_Handler
 .text.OTG_HS_EP1_OUT_IRQHandler
                0x0000000090047310       0x24 ../DaisyExamples/libDaisy//build/libdaisy.a(system.o)
                0x0000000090047310                OTG_HS_EP1_OUT_IRQHandler
 .text.OTG_HS_EP1_IN_IRQHandler
                0x0000000090047334       0x24 ../DaisyExamples/libDaisy//build/libdaisy.a(system.o)
                0x0000000090047334                OTG_HS_EP1_IN_IRQHandler
 .text.OTG_HS_IRQHandler
                0x0000000090047358       0x24 ../DaisyExamples/libDaisy//build/libdaisy.a(system.o)
                0x0000000090047358                OTG_HS_IRQHandler
 .text.HardFault_Handler
                0x000000009004737c       0xe0 ../DaisyExamples/libDaisy//build/libdaisy.a(system.o)
                0x000000009004737c                HardFault_Handler
 .text._ZN5daisy6System6GetNowEv
                0x000000009004745c        0x4 ../DaisyExamples/libDaisy//build/libdaisy.a(system.o)
                0x000000009004745c                daisy::System::GetNow()
 .text._ZN5daisy6System5DelayEm
                0x0000000090047460        0x4 ../DaisyExamples/libDaisy//build/libdaisy.a(system.o)
                0x0000000090047460                daisy::System::Delay(unsigned long)
 .text._ZN5daisy6System20GetBootloaderVersionEv
                0x0000000090047464       0x34 ../DaisyExamples/libDaisy//build/libdaisy.a(system.o)
                0x0000000090047464                daisy::System::GetBootloaderVersion()
 .text._ZN5daisy6System15ConfigureClocksEv
                0x0000000090047498      0x194 ../DaisyExamples/libDaisy//build/libdaisy.a(system.o)
                0x0000000090047498                daisy::System::ConfigureClocks()
 .text._ZN5daisy6System12ConfigureMpuEv
                0x000000009004762c       0x7c ../DaisyExamples/libDaisy//build/libdaisy.a(system.o)
                0x000000009004762c                daisy::System::ConfigureMpu()
 .text._ZN5daisy6System4InitERKNS0_6ConfigE
                0x00000000900476a8       0xec ../DaisyExamples/libDaisy//build/libdaisy.a(system.o)
                0x00000000900476a8                daisy::System::Init(daisy::System::Config const&)
 .text._ZN5daisy6System12GetPClk1FreqEv
                0x0000000090047794        0x4 ../DaisyExamples/libDaisy//build/libdaisy.a(system.o)
                0x0000000090047794                daisy::System::GetPClk1Freq()
 .text._ZN5daisy6System22GetProgramMemoryRegionEv
                0x0000000090047798       0x78 ../DaisyExamples/libDaisy//build/libdaisy.a(system.o)
                0x0000000090047798                daisy::System::GetProgramMemoryRegion()
 .text.startup._GLOBAL__sub_I__ZN5daisy9boot_infoE
                0x0000000090047810       0x1c ../DaisyExamples/libDaisy//build/libdaisy.a(system.o)
 .text.HAL_PCD_SetupStageCallback
                0x000000009004782c        0xc ../DaisyExamples/libDaisy//build/libdaisy.a(usbd_conf.o)
                0x000000009004782c                HAL_PCD_SetupStageCallback
 .text.HAL_PCD_DataOutStageCallback
                0x0000000090047838       0x14 ../DaisyExamples/libDaisy//build/libdaisy.a(usbd_conf.o)
                0x0000000090047838                HAL_PCD_DataOutStageCallback
 .text.HAL_PCD_DataInStageCallback
                0x000000009004784c       0x14 ../DaisyExamples/libDaisy//build/libdaisy.a(usbd_conf.o)
                0x000000009004784c                HAL_PCD_DataInStageCallback
 .text.HAL_PCD_SOFCallback
                0x0000000090047860        0x8 ../DaisyExamples/libDaisy//build/libdaisy.a(usbd_conf.o)
                0x0000000090047860                HAL_PCD_SOFCallback
 .text.HAL_PCD_ResetCallback
                0x0000000090047868       0x24 ../DaisyExamples/libDaisy//build/libdaisy.a(usbd_conf.o)
                0x0000000090047868                HAL_PCD_ResetCallback
 .text.HAL_PCD_SuspendCallback
                0x000000009004788c       0x30 ../DaisyExamples/libDaisy//build/libdaisy.a(usbd_conf.o)
                0x000000009004788c                HAL_PCD_SuspendCallback
 .text.HAL_PCD_ResumeCallback
                0x00000000900478bc        0x8 ../DaisyExamples/libDaisy//build/libdaisy.a(usbd_conf.o)
                0x00000000900478bc                HAL_PCD_ResumeCallback
 .text.HAL_PCD_ISOOUTIncompleteCallback
                0x00000000900478c4        0x8 ../DaisyExamples/libDaisy//build/libdaisy.a(usbd_conf.o)
                0x00000000900478c4                HAL_PCD_ISOOUTIncompleteCallback
 .text.HAL_PCD_ISOINIncompleteCallback
                0x00000000900478cc        0x8 ../DaisyExamples/libDaisy//build/libdaisy.a(usbd_conf.o)
                0x00000000900478cc                HAL_PCD_ISOINIncompleteCallback
 .text.HAL_PCD_ConnectCallback
                0x00000000900478d4        0x8 ../DaisyExamples/libDaisy//build/libdaisy.a(usbd_conf.o)
                0x00000000900478d4                HAL_PCD_ConnectCallback
 .text.HAL_PCD_DisconnectCallback
                0x00000000900478dc        0x8 ../DaisyExamples/libDaisy//build/libdaisy.a(usbd_conf.o)
                0x00000000900478dc                HAL_PCD_DisconnectCallback
 .text.USBD_LL_OpenEP
                0x00000000900478e4       0x24 ../DaisyExamples/libDaisy//build/libdaisy.a(usbd_conf.o)
                0x00000000900478e4                USBD_LL_OpenEP
 .text.USBD_LL_StallEP
                0x0000000090047908       0x1c ../DaisyExamples/libDaisy//build/libdaisy.a(usbd_conf.o)
                0x0000000090047908                USBD_LL_StallEP
 .text.USBD_LL_ClearStallEP
                0x0000000090047924       0x1c ../DaisyExamples/libDaisy//build/libdaisy.a(usbd_conf.o)
                0x0000000090047924                USBD_LL_ClearStallEP
 .text.USBD_LL_IsStallEP
                0x0000000090047940       0x28 ../DaisyExamples/libDaisy//build/libdaisy.a(usbd_conf.o)
                0x0000000090047940                USBD_LL_IsStallEP
 .text.USBD_LL_SetUSBAddress
                0x0000000090047968       0x1c ../DaisyExamples/libDaisy//build/libdaisy.a(usbd_conf.o)
                0x0000000090047968                USBD_LL_SetUSBAddress
 .text.USBD_LL_Transmit
                0x0000000090047984       0x1c ../DaisyExamples/libDaisy//build/libdaisy.a(usbd_conf.o)
                0x0000000090047984                USBD_LL_Transmit
 .text.USBD_LL_PrepareReceive
                0x00000000900479a0       0x1c ../DaisyExamples/libDaisy//build/libdaisy.a(usbd_conf.o)
                0x00000000900479a0                USBD_LL_PrepareReceive
 .text.HAL_HCD_SOF_Callback
                0x00000000900479bc        0x8 ../DaisyExamples/libDaisy//build/libdaisy.a(usbh_conf.o)
                0x00000000900479bc                HAL_HCD_SOF_Callback
 .text.HAL_HCD_Connect_Callback
                0x00000000900479c4        0x8 ../DaisyExamples/libDaisy//build/libdaisy.a(usbh_conf.o)
                0x00000000900479c4                HAL_HCD_Connect_Callback
 .text.HAL_HCD_Disconnect_Callback
                0x00000000900479cc        0x8 ../DaisyExamples/libDaisy//build/libdaisy.a(usbh_conf.o)
                0x00000000900479cc                HAL_HCD_Disconnect_Callback
 .text.HAL_HCD_HC_NotifyURBChange_Callback
                0x00000000900479d4        0x4 ../DaisyExamples/libDaisy//build/libdaisy.a(usbh_conf.o)
                0x00000000900479d4                HAL_HCD_HC_NotifyURBChange_Callback
 .text.HAL_HCD_PortEnabled_Callback
                0x00000000900479d8        0x8 ../DaisyExamples/libDaisy//build/libdaisy.a(usbh_conf.o)
                0x00000000900479d8                HAL_HCD_PortEnabled_Callback
 .text.HAL_HCD_PortDisabled_Callback
                0x00000000900479e0        0x8 ../DaisyExamples/libDaisy//build/libdaisy.a(usbh_conf.o)
                0x00000000900479e0                HAL_HCD_PortDisabled_Callback
 .text.USBH_LL_Stop
                0x00000000900479e8       0x1c ../DaisyExamples/libDaisy//build/libdaisy.a(usbh_conf.o)
                0x00000000900479e8                USBH_LL_Stop
 .text.dsy_hal_map_get_port
                0x0000000090047a04       0x10 ../DaisyExamples/libDaisy//build/libdaisy.a(hal_map.o)
                0x0000000090047a04                dsy_hal_map_get_port
 .text.dsy_hal_map_get_pin
                0x0000000090047a14       0x10 ../DaisyExamples/libDaisy//build/libdaisy.a(hal_map.o)
                0x0000000090047a14                dsy_hal_map_get_pin
 .text.dsy_hal_map_gpio_clk_enable
                0x0000000090047a24      0x150 ../DaisyExamples/libDaisy//build/libdaisy.a(hal_map.o)
                0x0000000090047a24                dsy_hal_map_gpio_clk_enable
 .text.HAL_MspInit
                0x0000000090047b74        0x4 ../DaisyExamples/libDaisy//build/libdaisy.a(stm32h7xx_hal.o)
                0x0000000090047b74                HAL_MspInit
 .text.HAL_InitTick
                0x0000000090047b78       0x4c ../DaisyExamples/libDaisy//build/libdaisy.a(stm32h7xx_hal.o)
                0x0000000090047b78                HAL_InitTick
 .text.HAL_Init
                0x0000000090047bc4       0x60 ../DaisyExamples/libDaisy//build/libdaisy.a(stm32h7xx_hal.o)
                0x0000000090047bc4                HAL_Init
 .text.HAL_IncTick
                0x0000000090047c24       0x18 ../DaisyExamples/libDaisy//build/libdaisy.a(stm32h7xx_hal.o)
                0x0000000090047c24                HAL_IncTick
 .text.HAL_GetTick
                0x0000000090047c3c        0xc ../DaisyExamples/libDaisy//build/libdaisy.a(stm32h7xx_hal.o)
                0x0000000090047c3c                HAL_GetTick
 .text.HAL_Delay
                0x0000000090047c48       0x24 ../DaisyExamples/libDaisy//build/libdaisy.a(stm32h7xx_hal.o)
                0x0000000090047c48                HAL_Delay
 .text.HAL_GetREVID
                0x0000000090047c6c        0xc ../DaisyExamples/libDaisy//build/libdaisy.a(stm32h7xx_hal.o)
                0x0000000090047c6c                HAL_GetREVID
 .text.HAL_NVIC_SetPriorityGrouping
                0x0000000090047c78       0x24 ../DaisyExamples/libDaisy//build/libdaisy.a(stm32h7xx_hal_cortex.o)
                0x0000000090047c78                HAL_NVIC_SetPriorityGrouping
 .text.HAL_NVIC_SetPriority
                0x0000000090047c9c       0x7c ../DaisyExamples/libDaisy//build/libdaisy.a(stm32h7xx_hal_cortex.o)
                0x0000000090047c9c                HAL_NVIC_SetPriority
 .text.HAL_NVIC_EnableIRQ
                0x0000000090047d18       0x1c ../DaisyExamples/libDaisy//build/libdaisy.a(stm32h7xx_hal_cortex.o)
                0x0000000090047d18                HAL_NVIC_EnableIRQ
 .text.HAL_NVIC_DisableIRQ
                0x0000000090047d34       0x28 ../DaisyExamples/libDaisy//build/libdaisy.a(stm32h7xx_hal_cortex.o)
                0x0000000090047d34                HAL_NVIC_DisableIRQ
 .text.HAL_SYSTICK_Config
                0x0000000090047d5c       0x2c ../DaisyExamples/libDaisy//build/libdaisy.a(stm32h7xx_hal_cortex.o)
                0x0000000090047d5c                HAL_SYSTICK_Config
 .text.HAL_MPU_Disable
                0x0000000090047d88       0x1c ../DaisyExamples/libDaisy//build/libdaisy.a(stm32h7xx_hal_cortex.o)
                0x0000000090047d88                HAL_MPU_Disable
 .text.HAL_MPU_Enable
                0x0000000090047da4       0x20 ../DaisyExamples/libDaisy//build/libdaisy.a(stm32h7xx_hal_cortex.o)
                0x0000000090047da4                HAL_MPU_Enable
 .text.HAL_MPU_ConfigRegion
                0x0000000090047dc4       0x64 ../DaisyExamples/libDaisy//build/libdaisy.a(stm32h7xx_hal_cortex.o)
                0x0000000090047dc4                HAL_MPU_ConfigRegion
 .text.HAL_SYSTICK_Callback
                0x0000000090047e28        0x4 ../DaisyExamples/libDaisy//build/libdaisy.a(stm32h7xx_hal_cortex.o)
                0x0000000090047e28                HAL_SYSTICK_Callback
 .text.HAL_SYSTICK_IRQHandler
                0x0000000090047e2c        0x8 ../DaisyExamples/libDaisy//build/libdaisy.a(stm32h7xx_hal_cortex.o)
                0x0000000090047e2c                HAL_SYSTICK_IRQHandler
 .text.DMA_CalcBaseAndBitshift
                0x0000000090047e34       0xf4 ../DaisyExamples/libDaisy//build/libdaisy.a(stm32h7xx_hal_dma.o)
 .text.DMA_CalcDMAMUXChannelBaseAndMask
                0x0000000090047f28       0xd8 ../DaisyExamples/libDaisy//build/libdaisy.a(stm32h7xx_hal_dma.o)
 .text.HAL_DMA_Init
                0x0000000090048000      0x37c ../DaisyExamples/libDaisy//build/libdaisy.a(stm32h7xx_hal_dma.o)
                0x0000000090048000                HAL_DMA_Init
 .text.HAL_DMA_Start_IT
                0x000000009004837c      0x240 ../DaisyExamples/libDaisy//build/libdaisy.a(stm32h7xx_hal_dma.o)
                0x000000009004837c                HAL_DMA_Start_IT
 .text.HAL_DMA_Abort_IT
                0x00000000900485bc      0x134 ../DaisyExamples/libDaisy//build/libdaisy.a(stm32h7xx_hal_dma.o)
                0x00000000900485bc                HAL_DMA_Abort_IT
 .text.HAL_DMA_IRQHandler
                0x00000000900486f0      0x6a0 ../DaisyExamples/libDaisy//build/libdaisy.a(stm32h7xx_hal_dma.o)
                0x00000000900486f0                HAL_DMA_IRQHandler
 .text.HAL_DMA_GetError
                0x0000000090048d90        0x4 ../DaisyExamples/libDaisy//build/libdaisy.a(stm32h7xx_hal_dma.o)
                0x0000000090048d90                HAL_DMA_GetError
 .text.HAL_GPIO_Init
                0x0000000090048d94      0x280 ../DaisyExamples/libDaisy//build/libdaisy.a(stm32h7xx_hal_gpio.o)
                0x0000000090048d94                HAL_GPIO_Init
 .text.HAL_GPIO_DeInit
                0x0000000090049014      0x190 ../DaisyExamples/libDaisy//build/libdaisy.a(stm32h7xx_hal_gpio.o)
                0x0000000090049014                HAL_GPIO_DeInit
 .text.HAL_GPIO_ReadPin
                0x00000000900491a4        0xc ../DaisyExamples/libDaisy//build/libdaisy.a(stm32h7xx_hal_gpio.o)
                0x00000000900491a4                HAL_GPIO_ReadPin
 .text.HAL_GPIO_WritePin
                0x00000000900491b0        0x8 ../DaisyExamples/libDaisy//build/libdaisy.a(stm32h7xx_hal_gpio.o)
                0x00000000900491b0                HAL_GPIO_WritePin
 .text.HAL_HCD_IRQHandler
                0x00000000900491b8      0x780 ../DaisyExamples/libDaisy//build/libdaisy.a(stm32h7xx_hal_hcd.o)
                0x00000000900491b8                HAL_HCD_IRQHandler
 .text.HAL_HCD_Stop
                0x0000000090049938       0x28 ../DaisyExamples/libDaisy//build/libdaisy.a(stm32h7xx_hal_hcd.o)
                0x0000000090049938                HAL_HCD_Stop
 .text.I2C_WaitOnTXISFlagUntilTimeout
                0x0000000090049960       0xb8 ../DaisyExamples/libDaisy//build/libdaisy.a(stm32h7xx_hal_i2c.o)
 .text.I2C_WaitOnSTOPFlagUntilTimeout
                0x0000000090049a18       0xac ../DaisyExamples/libDaisy//build/libdaisy.a(stm32h7xx_hal_i2c.o)
 .text.HAL_I2C_Init
                0x0000000090049ac4       0xac ../DaisyExamples/libDaisy//build/libdaisy.a(stm32h7xx_hal_i2c.o)
                0x0000000090049ac4                HAL_I2C_Init
 .text.HAL_I2C_Master_Transmit
                0x0000000090049b70      0x1a8 ../DaisyExamples/libDaisy//build/libdaisy.a(stm32h7xx_hal_i2c.o)
                0x0000000090049b70                HAL_I2C_Master_Transmit
 .text.HAL_I2C_Slave_Transmit
                0x0000000090049d18      0x1c8 ../DaisyExamples/libDaisy//build/libdaisy.a(stm32h7xx_hal_i2c.o)
                0x0000000090049d18                HAL_I2C_Slave_Transmit
 .text.HAL_I2C_EV_IRQHandler
                0x0000000090049ee0       0x10 ../DaisyExamples/libDaisy//build/libdaisy.a(stm32h7xx_hal_i2c.o)
                0x0000000090049ee0                HAL_I2C_EV_IRQHandler
 .text.HAL_I2C_GetState
                0x0000000090049ef0        0x8 ../DaisyExamples/libDaisy//build/libdaisy.a(stm32h7xx_hal_i2c.o)
                0x0000000090049ef0                HAL_I2C_GetState
 .text.HAL_I2CEx_ConfigAnalogFilter
                0x0000000090049ef8       0x54 ../DaisyExamples/libDaisy//build/libdaisy.a(stm32h7xx_hal_i2c_ex.o)
                0x0000000090049ef8                HAL_I2CEx_ConfigAnalogFilter
 .text.HAL_I2CEx_ConfigDigitalFilter
                0x0000000090049f4c       0x58 ../DaisyExamples/libDaisy//build/libdaisy.a(stm32h7xx_hal_i2c_ex.o)
                0x0000000090049f4c                HAL_I2CEx_ConfigDigitalFilter
 .text.HAL_PCD_IRQHandler
                0x0000000090049fa4      0x69c ../DaisyExamples/libDaisy//build/libdaisy.a(stm32h7xx_hal_pcd.o)
                0x0000000090049fa4                HAL_PCD_IRQHandler
 .text.HAL_PCD_SetAddress
                0x000000009004a640       0x2c ../DaisyExamples/libDaisy//build/libdaisy.a(stm32h7xx_hal_pcd.o)
                0x000000009004a640                HAL_PCD_SetAddress
 .text.HAL_PCD_EP_Open
                0x000000009004a66c       0x7c ../DaisyExamples/libDaisy//build/libdaisy.a(stm32h7xx_hal_pcd.o)
                0x000000009004a66c                HAL_PCD_EP_Open
 .text.HAL_PCD_EP_Receive
                0x000000009004a6e8       0x50 ../DaisyExamples/libDaisy//build/libdaisy.a(stm32h7xx_hal_pcd.o)
                0x000000009004a6e8                HAL_PCD_EP_Receive
 .text.HAL_PCD_EP_Transmit
                0x000000009004a738       0x50 ../DaisyExamples/libDaisy//build/libdaisy.a(stm32h7xx_hal_pcd.o)
                0x000000009004a738                HAL_PCD_EP_Transmit
 .text.HAL_PCD_EP_SetStall
                0x000000009004a788       0x88 ../DaisyExamples/libDaisy//build/libdaisy.a(stm32h7xx_hal_pcd.o)
                0x000000009004a788                HAL_PCD_EP_SetStall
 .text.HAL_PCD_EP_ClrStall
                0x000000009004a810       0x78 ../DaisyExamples/libDaisy//build/libdaisy.a(stm32h7xx_hal_pcd.o)
                0x000000009004a810                HAL_PCD_EP_ClrStall
 .text.HAL_PCDEx_LPM_Callback
                0x000000009004a888        0x4 ../DaisyExamples/libDaisy//build/libdaisy.a(stm32h7xx_hal_pcd_ex.o)
                0x000000009004a888                HAL_PCDEx_LPM_Callback
 .text.HAL_PWREx_ConfigSupply
                0x000000009004a88c       0x4c ../DaisyExamples/libDaisy//build/libdaisy.a(stm32h7xx_hal_pwr_ex.o)
                0x000000009004a88c                HAL_PWREx_ConfigSupply
 .text.HAL_PWREx_EnableUSBVoltageDetector
                0x000000009004a8d8       0x10 ../DaisyExamples/libDaisy//build/libdaisy.a(stm32h7xx_hal_pwr_ex.o)
                0x000000009004a8d8                HAL_PWREx_EnableUSBVoltageDetector
 .text.QSPI_Config
                0x000000009004a8e8      0x174 ../DaisyExamples/libDaisy//build/libdaisy.a(stm32h7xx_hal_qspi.o)
 .text.HAL_QSPI_Init
                0x000000009004aa5c       0xd8 ../DaisyExamples/libDaisy//build/libdaisy.a(stm32h7xx_hal_qspi.o)
                0x000000009004aa5c                HAL_QSPI_Init
 .text.HAL_QSPI_DeInit
                0x000000009004ab34       0x3c ../DaisyExamples/libDaisy//build/libdaisy.a(stm32h7xx_hal_qspi.o)
                0x000000009004ab34                HAL_QSPI_DeInit
 .text.HAL_QSPI_Command
                0x000000009004ab70       0xd4 ../DaisyExamples/libDaisy//build/libdaisy.a(stm32h7xx_hal_qspi.o)
                0x000000009004ab70                HAL_QSPI_Command
 .text.HAL_QSPI_Transmit
                0x000000009004ac44       0xfc ../DaisyExamples/libDaisy//build/libdaisy.a(stm32h7xx_hal_qspi.o)
                0x000000009004ac44                HAL_QSPI_Transmit
 .text.HAL_QSPI_Receive
                0x000000009004ad40      0x108 ../DaisyExamples/libDaisy//build/libdaisy.a(stm32h7xx_hal_qspi.o)
                0x000000009004ad40                HAL_QSPI_Receive
 .text.HAL_QSPI_AutoPolling
                0x000000009004ae48       0xf0 ../DaisyExamples/libDaisy//build/libdaisy.a(stm32h7xx_hal_qspi.o)
                0x000000009004ae48                HAL_QSPI_AutoPolling
 .text.HAL_QSPI_MemoryMapped
                0x000000009004af38       0xc0 ../DaisyExamples/libDaisy//build/libdaisy.a(stm32h7xx_hal_qspi.o)
                0x000000009004af38                HAL_QSPI_MemoryMapped
 .text.HAL_QSPI_ErrorCallback
                0x000000009004aff8        0x4 ../DaisyExamples/libDaisy//build/libdaisy.a(stm32h7xx_hal_qspi.o)
                0x000000009004aff8                HAL_QSPI_ErrorCallback
 .text.QSPI_DMAAbortCplt
                0x000000009004affc       0x38 ../DaisyExamples/libDaisy//build/libdaisy.a(stm32h7xx_hal_qspi.o)
 .text.HAL_QSPI_AbortCpltCallback
                0x000000009004b034        0x4 ../DaisyExamples/libDaisy//build/libdaisy.a(stm32h7xx_hal_qspi.o)
                0x000000009004b034                HAL_QSPI_AbortCpltCallback
 .text.HAL_QSPI_CmdCpltCallback
                0x000000009004b038        0x4 ../DaisyExamples/libDaisy//build/libdaisy.a(stm32h7xx_hal_qspi.o)
                0x000000009004b038                HAL_QSPI_CmdCpltCallback
 .text.HAL_QSPI_RxCpltCallback
                0x000000009004b03c        0x4 ../DaisyExamples/libDaisy//build/libdaisy.a(stm32h7xx_hal_qspi.o)
                0x000000009004b03c                HAL_QSPI_RxCpltCallback
 .text.HAL_QSPI_TxCpltCallback
                0x000000009004b040        0x4 ../DaisyExamples/libDaisy//build/libdaisy.a(stm32h7xx_hal_qspi.o)
                0x000000009004b040                HAL_QSPI_TxCpltCallback
 .text.HAL_QSPI_FifoThresholdCallback
                0x000000009004b044        0x4 ../DaisyExamples/libDaisy//build/libdaisy.a(stm32h7xx_hal_qspi.o)
                0x000000009004b044                HAL_QSPI_FifoThresholdCallback
 .text.HAL_QSPI_StatusMatchCallback
                0x000000009004b048        0x4 ../DaisyExamples/libDaisy//build/libdaisy.a(stm32h7xx_hal_qspi.o)
                0x000000009004b048                HAL_QSPI_StatusMatchCallback
 .text.HAL_QSPI_TimeOutCallback
                0x000000009004b04c        0x4 ../DaisyExamples/libDaisy//build/libdaisy.a(stm32h7xx_hal_qspi.o)
                0x000000009004b04c                HAL_QSPI_TimeOutCallback
 .text.HAL_QSPI_IRQHandler
                0x000000009004b050      0x210 ../DaisyExamples/libDaisy//build/libdaisy.a(stm32h7xx_hal_qspi.o)
                0x000000009004b050                HAL_QSPI_IRQHandler
 .text.HAL_RCC_OscConfig
                0x000000009004b260      0x51c ../DaisyExamples/libDaisy//build/libdaisy.a(stm32h7xx_hal_rcc.o)
                0x000000009004b260                HAL_RCC_OscConfig
 .text.HAL_RCC_GetSysClockFreq
                0x000000009004b77c      0x140 ../DaisyExamples/libDaisy//build/libdaisy.a(stm32h7xx_hal_rcc.o)
                0x000000009004b77c                HAL_RCC_GetSysClockFreq
 .text.HAL_RCC_ClockConfig
                0x000000009004b8bc      0x234 ../DaisyExamples/libDaisy//build/libdaisy.a(stm32h7xx_hal_rcc.o)
                0x000000009004b8bc                HAL_RCC_ClockConfig
 .text.HAL_RCC_GetHCLKFreq
                0x000000009004baf0       0x2c ../DaisyExamples/libDaisy//build/libdaisy.a(stm32h7xx_hal_rcc.o)
                0x000000009004baf0                HAL_RCC_GetHCLKFreq
 .text.HAL_RCC_GetPCLK1Freq
                0x000000009004bb1c       0x38 ../DaisyExamples/libDaisy//build/libdaisy.a(stm32h7xx_hal_rcc.o)
                0x000000009004bb1c                HAL_RCC_GetPCLK1Freq
 .text.HAL_RCC_GetPCLK2Freq
                0x000000009004bb54       0x38 ../DaisyExamples/libDaisy//build/libdaisy.a(stm32h7xx_hal_rcc.o)
                0x000000009004bb54                HAL_RCC_GetPCLK2Freq
 .text.RCCEx_PLL2_Config
                0x000000009004bb8c       0xf4 ../DaisyExamples/libDaisy//build/libdaisy.a(stm32h7xx_hal_rcc_ex.o)
 .text.RCCEx_PLL3_Config
                0x000000009004bc80       0xf4 ../DaisyExamples/libDaisy//build/libdaisy.a(stm32h7xx_hal_rcc_ex.o)
 .text.HAL_RCCEx_PeriphCLKConfig
                0x000000009004bd74      0xa7c ../DaisyExamples/libDaisy//build/libdaisy.a(stm32h7xx_hal_rcc_ex.o)
                0x000000009004bd74                HAL_RCCEx_PeriphCLKConfig
 .text.HAL_RCCEx_GetD3PCLK1Freq
                0x000000009004c7f0       0x24 ../DaisyExamples/libDaisy//build/libdaisy.a(stm32h7xx_hal_rcc_ex.o)
                0x000000009004c7f0                HAL_RCCEx_GetD3PCLK1Freq
 .text.HAL_RCCEx_GetPLL2ClockFreq
                0x000000009004c814      0x17c ../DaisyExamples/libDaisy//build/libdaisy.a(stm32h7xx_hal_rcc_ex.o)
                0x000000009004c814                HAL_RCCEx_GetPLL2ClockFreq
 .text.HAL_RCCEx_GetPLL3ClockFreq
                0x000000009004c990      0x17c ../DaisyExamples/libDaisy//build/libdaisy.a(stm32h7xx_hal_rcc_ex.o)
                0x000000009004c990                HAL_RCCEx_GetPLL3ClockFreq
 .text.HAL_RCCEx_GetPLL1ClockFreq
                0x000000009004cb0c      0x17c ../DaisyExamples/libDaisy//build/libdaisy.a(stm32h7xx_hal_rcc_ex.o)
                0x000000009004cb0c                HAL_RCCEx_GetPLL1ClockFreq
 .text.HAL_RCCEx_GetPeriphCLKFreq
                0x000000009004cc88      0x198 ../DaisyExamples/libDaisy//build/libdaisy.a(stm32h7xx_hal_rcc_ex.o)
                0x000000009004cc88                HAL_RCCEx_GetPeriphCLKFreq
 .text.HAL_RCCEx_GetD1SysClockFreq
                0x000000009004ce20       0x2c ../DaisyExamples/libDaisy//build/libdaisy.a(stm32h7xx_hal_rcc_ex.o)
                0x000000009004ce20                HAL_RCCEx_GetD1SysClockFreq
 .text.HAL_SAI_Init.part.0
                0x000000009004ce4c      0x348 ../DaisyExamples/libDaisy//build/libdaisy.a(stm32h7xx_hal_sai.o)
 .text.HAL_SAI_InitProtocol
                0x000000009004d194      0x178 ../DaisyExamples/libDaisy//build/libdaisy.a(stm32h7xx_hal_sai.o)
                0x000000009004d194                HAL_SAI_InitProtocol
 .text.HAL_SAI_Transmit_DMA
                0x000000009004d30c      0x124 ../DaisyExamples/libDaisy//build/libdaisy.a(stm32h7xx_hal_sai.o)
                0x000000009004d30c                HAL_SAI_Transmit_DMA
 .text.HAL_SAI_Receive_DMA
                0x000000009004d430       0xd0 ../DaisyExamples/libDaisy//build/libdaisy.a(stm32h7xx_hal_sai.o)
                0x000000009004d430                HAL_SAI_Receive_DMA
 .text.HAL_SAI_TxCpltCallback
                0x000000009004d500        0x4 ../DaisyExamples/libDaisy//build/libdaisy.a(stm32h7xx_hal_sai.o)
                0x000000009004d500                HAL_SAI_TxCpltCallback
 .text.SAI_DMATxCplt
                0x000000009004d504       0x64 ../DaisyExamples/libDaisy//build/libdaisy.a(stm32h7xx_hal_sai.o)
 .text.HAL_SAI_TxHalfCpltCallback
                0x000000009004d568        0x4 ../DaisyExamples/libDaisy//build/libdaisy.a(stm32h7xx_hal_sai.o)
                0x000000009004d568                HAL_SAI_TxHalfCpltCallback
 .text.SAI_DMATxHalfCplt
                0x000000009004d56c        0xc ../DaisyExamples/libDaisy//build/libdaisy.a(stm32h7xx_hal_sai.o)
 .text.SAI_DMARxCplt
                0x000000009004d578       0x64 ../DaisyExamples/libDaisy//build/libdaisy.a(stm32h7xx_hal_sai.o)
 .text.SAI_DMARxHalfCplt
                0x000000009004d5dc        0xc ../DaisyExamples/libDaisy//build/libdaisy.a(stm32h7xx_hal_sai.o)
 .text.HAL_SAI_ErrorCallback
                0x000000009004d5e8        0x4 ../DaisyExamples/libDaisy//build/libdaisy.a(stm32h7xx_hal_sai.o)
                0x000000009004d5e8                HAL_SAI_ErrorCallback
 .text.SAI_DMAError
                0x000000009004d5ec       0x6c ../DaisyExamples/libDaisy//build/libdaisy.a(stm32h7xx_hal_sai.o)
 .text.HAL_SDRAM_Init
                0x000000009004d658       0x54 ../DaisyExamples/libDaisy//build/libdaisy.a(stm32h7xx_hal_sdram.o)
                0x000000009004d658                HAL_SDRAM_Init
 .text.HAL_SDRAM_SendCommand
                0x000000009004d6ac       0x40 ../DaisyExamples/libDaisy//build/libdaisy.a(stm32h7xx_hal_sdram.o)
                0x000000009004d6ac                HAL_SDRAM_SendCommand
 .text.HAL_SDRAM_ProgramRefreshRate
                0x000000009004d6ec       0x30 ../DaisyExamples/libDaisy//build/libdaisy.a(stm32h7xx_hal_sdram.o)
                0x000000009004d6ec                HAL_SDRAM_ProgramRefreshRate
 .text.FMC_SDRAM_Init
                0x000000009004d71c       0x7c ../DaisyExamples/libDaisy//build/libdaisy.a(stm32h7xx_ll_fmc.o)
                0x000000009004d71c                FMC_SDRAM_Init
 .text.FMC_SDRAM_Timing_Init
                0x000000009004d798       0x98 ../DaisyExamples/libDaisy//build/libdaisy.a(stm32h7xx_ll_fmc.o)
                0x000000009004d798                FMC_SDRAM_Timing_Init
 .text.FMC_SDRAM_SendCommand
                0x000000009004d830       0x28 ../DaisyExamples/libDaisy//build/libdaisy.a(stm32h7xx_ll_fmc.o)
                0x000000009004d830                FMC_SDRAM_SendCommand
 .text.FMC_SDRAM_ProgramRefreshRate
                0x000000009004d858       0x1c ../DaisyExamples/libDaisy//build/libdaisy.a(stm32h7xx_ll_fmc.o)
                0x000000009004d858                FMC_SDRAM_ProgramRefreshRate
 .text.USB_SetTurnaroundTime
                0x000000009004d874      0x104 ../DaisyExamples/libDaisy//build/libdaisy.a(stm32h7xx_ll_usb.o)
                0x000000009004d874                USB_SetTurnaroundTime
 .text.USB_FlushTxFifo
                0x000000009004d978       0x34 ../DaisyExamples/libDaisy//build/libdaisy.a(stm32h7xx_ll_usb.o)
                0x000000009004d978                USB_FlushTxFifo
 .text.USB_GetDevSpeed
                0x000000009004d9ac       0x24 ../DaisyExamples/libDaisy//build/libdaisy.a(stm32h7xx_ll_usb.o)
                0x000000009004d9ac                USB_GetDevSpeed
 .text.USB_ActivateEndpoint
                0x000000009004d9d0       0x90 ../DaisyExamples/libDaisy//build/libdaisy.a(stm32h7xx_ll_usb.o)
                0x000000009004d9d0                USB_ActivateEndpoint
 .text.USB_EPStartXfer
                0x000000009004da60      0x230 ../DaisyExamples/libDaisy//build/libdaisy.a(stm32h7xx_ll_usb.o)
                0x000000009004da60                USB_EPStartXfer
 .text.USB_EP0StartXfer
                0x000000009004dc90      0x174 ../DaisyExamples/libDaisy//build/libdaisy.a(stm32h7xx_ll_usb.o)
                0x000000009004dc90                USB_EP0StartXfer
 .text.USB_WritePacket
                0x000000009004de04       0x2c ../DaisyExamples/libDaisy//build/libdaisy.a(stm32h7xx_ll_usb.o)
                0x000000009004de04                USB_WritePacket
 .text.USB_ReadPacket
                0x000000009004de30       0x20 ../DaisyExamples/libDaisy//build/libdaisy.a(stm32h7xx_ll_usb.o)
                0x000000009004de30                USB_ReadPacket
 .text.USB_EPSetStall
                0x000000009004de50       0x68 ../DaisyExamples/libDaisy//build/libdaisy.a(stm32h7xx_ll_usb.o)
                0x000000009004de50                USB_EPSetStall
 .text.USB_EPClearStall
                0x000000009004deb8       0x58 ../DaisyExamples/libDaisy//build/libdaisy.a(stm32h7xx_ll_usb.o)
                0x000000009004deb8                USB_EPClearStall
 .text.USB_SetDevAddress
                0x000000009004df10       0x24 ../DaisyExamples/libDaisy//build/libdaisy.a(stm32h7xx_ll_usb.o)
                0x000000009004df10                USB_SetDevAddress
 .text.USB_ReadInterrupts
                0x000000009004df34       0x14 ../DaisyExamples/libDaisy//build/libdaisy.a(stm32h7xx_ll_usb.o)
                0x000000009004df34                USB_ReadInterrupts
 .text.USB_ReadDevAllOutEpInterrupt
                0x000000009004df48       0x1c ../DaisyExamples/libDaisy//build/libdaisy.a(stm32h7xx_ll_usb.o)
                0x000000009004df48                USB_ReadDevAllOutEpInterrupt
 .text.USB_ReadDevAllInEpInterrupt
                0x000000009004df64       0x1c ../DaisyExamples/libDaisy//build/libdaisy.a(stm32h7xx_ll_usb.o)
                0x000000009004df64                USB_ReadDevAllInEpInterrupt
 .text.USB_ReadDevOutEPInterrupt
                0x000000009004df80       0x1c ../DaisyExamples/libDaisy//build/libdaisy.a(stm32h7xx_ll_usb.o)
                0x000000009004df80                USB_ReadDevOutEPInterrupt
 .text.USB_ReadDevInEPInterrupt
                0x000000009004df9c       0x38 ../DaisyExamples/libDaisy//build/libdaisy.a(stm32h7xx_ll_usb.o)
                0x000000009004df9c                USB_ReadDevInEPInterrupt
 .text.USB_GetMode
                0x000000009004dfd4        0x8 ../DaisyExamples/libDaisy//build/libdaisy.a(stm32h7xx_ll_usb.o)
                0x000000009004dfd4                USB_GetMode
 .text.USB_ActivateSetup
                0x000000009004dfdc       0x38 ../DaisyExamples/libDaisy//build/libdaisy.a(stm32h7xx_ll_usb.o)
                0x000000009004dfdc                USB_ActivateSetup
 .text.USB_EP0_OutStart
                0x000000009004e014       0x58 ../DaisyExamples/libDaisy//build/libdaisy.a(stm32h7xx_ll_usb.o)
                0x000000009004e014                USB_EP0_OutStart
 .text.USB_InitFSLSPClkSel
                0x000000009004e06c       0x44 ../DaisyExamples/libDaisy//build/libdaisy.a(stm32h7xx_ll_usb.o)
                0x000000009004e06c                USB_InitFSLSPClkSel
 .text.USB_HC_ReadInterrupt
                0x000000009004e0b0        0x8 ../DaisyExamples/libDaisy//build/libdaisy.a(stm32h7xx_ll_usb.o)
                0x000000009004e0b0                USB_HC_ReadInterrupt
 .text.USB_HC_Halt
                0x000000009004e0b8       0xc0 ../DaisyExamples/libDaisy//build/libdaisy.a(stm32h7xx_ll_usb.o)
                0x000000009004e0b8                USB_HC_Halt
 .text.USB_StopHost
                0x000000009004e178      0x2ec ../DaisyExamples/libDaisy//build/libdaisy.a(stm32h7xx_ll_usb.o)
                0x000000009004e178                USB_StopHost
 .text.USBD_SetClassConfig
                0x000000009004e464       0x14 ../DaisyExamples/libDaisy//build/libdaisy.a(usbd_core.o)
                0x000000009004e464                USBD_SetClassConfig
 .text.USBD_ClrClassConfig
                0x000000009004e478       0x10 ../DaisyExamples/libDaisy//build/libdaisy.a(usbd_core.o)
                0x000000009004e478                USBD_ClrClassConfig
 .text.USBD_LL_SetupStage
                0x000000009004e488       0x5c ../DaisyExamples/libDaisy//build/libdaisy.a(usbd_core.o)
                0x000000009004e488                USBD_LL_SetupStage
 .text.USBD_LL_DataOutStage
                0x000000009004e4e4       0x7c ../DaisyExamples/libDaisy//build/libdaisy.a(usbd_core.o)
                0x000000009004e4e4                USBD_LL_DataOutStage
 .text.USBD_LL_DataInStage
                0x000000009004e560       0xcc ../DaisyExamples/libDaisy//build/libdaisy.a(usbd_core.o)
                0x000000009004e560                USBD_LL_DataInStage
 .text.USBD_LL_Reset
                0x000000009004e62c       0x50 ../DaisyExamples/libDaisy//build/libdaisy.a(usbd_core.o)
                0x000000009004e62c                USBD_LL_Reset
 .text.USBD_LL_SetSpeed
                0x000000009004e67c        0x8 ../DaisyExamples/libDaisy//build/libdaisy.a(usbd_core.o)
                0x000000009004e67c                USBD_LL_SetSpeed
 .text.USBD_LL_Suspend
                0x000000009004e684       0x14 ../DaisyExamples/libDaisy//build/libdaisy.a(usbd_core.o)
                0x000000009004e684                USBD_LL_Suspend
 .text.USBD_LL_Resume
                0x000000009004e698       0x10 ../DaisyExamples/libDaisy//build/libdaisy.a(usbd_core.o)
                0x000000009004e698                USBD_LL_Resume
 .text.USBD_LL_SOF
                0x000000009004e6a8       0x1c ../DaisyExamples/libDaisy//build/libdaisy.a(usbd_core.o)
                0x000000009004e6a8                USBD_LL_SOF
 .text.USBD_LL_IsoINIncomplete
                0x000000009004e6c4        0x4 ../DaisyExamples/libDaisy//build/libdaisy.a(usbd_core.o)
                0x000000009004e6c4                USBD_LL_IsoINIncomplete
 .text.USBD_LL_IsoOUTIncomplete
                0x000000009004e6c8        0x4 ../DaisyExamples/libDaisy//build/libdaisy.a(usbd_core.o)
                0x000000009004e6c8                USBD_LL_IsoOUTIncomplete
 .text.USBD_LL_DevConnected
                0x000000009004e6cc        0x4 ../DaisyExamples/libDaisy//build/libdaisy.a(usbd_core.o)
                0x000000009004e6cc                USBD_LL_DevConnected
 .text.USBD_LL_DevDisconnected
                0x000000009004e6d0       0x18 ../DaisyExamples/libDaisy//build/libdaisy.a(usbd_core.o)
                0x000000009004e6d0                USBD_LL_DevDisconnected
 .text.USBD_StdDevReq
                0x000000009004e6e8      0x304 ../DaisyExamples/libDaisy//build/libdaisy.a(usbd_ctlreq.o)
                0x000000009004e6e8                USBD_StdDevReq
 .text.USBD_StdItfReq
                0x000000009004e9ec       0x68 ../DaisyExamples/libDaisy//build/libdaisy.a(usbd_ctlreq.o)
                0x000000009004e9ec                USBD_StdItfReq
 .text.USBD_StdEPReq
                0x000000009004ea54      0x13c ../DaisyExamples/libDaisy//build/libdaisy.a(usbd_ctlreq.o)
                0x000000009004ea54                USBD_StdEPReq
 .text.USBD_ParseSetupRequest
                0x000000009004eb90       0x28 ../DaisyExamples/libDaisy//build/libdaisy.a(usbd_ctlreq.o)
                0x000000009004eb90                USBD_ParseSetupRequest
 .text.USBD_CtlSendData
                0x000000009004ebb8       0x1c ../DaisyExamples/libDaisy//build/libdaisy.a(usbd_ioreq.o)
                0x000000009004ebb8                USBD_CtlSendData
 .text.USBD_CtlContinueSendData
                0x000000009004ebd4       0x14 ../DaisyExamples/libDaisy//build/libdaisy.a(usbd_ioreq.o)
                0x000000009004ebd4                USBD_CtlContinueSendData
 .text.USBD_CtlContinueRx
                0x000000009004ebe8       0x14 ../DaisyExamples/libDaisy//build/libdaisy.a(usbd_ioreq.o)
                0x000000009004ebe8                USBD_CtlContinueRx
 .text.USBD_CtlSendStatus
                0x000000009004ebfc       0x18 ../DaisyExamples/libDaisy//build/libdaisy.a(usbd_ioreq.o)
                0x000000009004ebfc                USBD_CtlSendStatus
 .text.USBD_CtlReceiveStatus
                0x000000009004ec14       0x18 ../DaisyExamples/libDaisy//build/libdaisy.a(usbd_ioreq.o)
                0x000000009004ec14                USBD_CtlReceiveStatus
 .text.USBH_LL_IncTimer
                0x000000009004ec2c       0x20 ../DaisyExamples/libDaisy//build/libdaisy.a(usbh_core.o)
                0x000000009004ec2c                USBH_LL_IncTimer
 .text.USBH_LL_PortEnabled
                0x000000009004ec4c        0x8 ../DaisyExamples/libDaisy//build/libdaisy.a(usbh_core.o)
                0x000000009004ec4c                USBH_LL_PortEnabled
 .text.USBH_LL_PortDisabled
                0x000000009004ec54        0x8 ../DaisyExamples/libDaisy//build/libdaisy.a(usbh_core.o)
                0x000000009004ec54                USBH_LL_PortDisabled
 .text.USBH_LL_Connect
                0x000000009004ec5c       0x18 ../DaisyExamples/libDaisy//build/libdaisy.a(usbh_core.o)
                0x000000009004ec5c                USBH_LL_Connect
 .text.USBH_LL_Disconnect
                0x000000009004ec74       0x2c ../DaisyExamples/libDaisy//build/libdaisy.a(usbh_core.o)
                0x000000009004ec74                USBH_LL_Disconnect
 .text.USBH_FreePipe
                0x000000009004eca0       0x18 ../DaisyExamples/libDaisy//build/libdaisy.a(usbh_pipes.o)
                0x000000009004eca0                USBH_FreePipe
 .text._ZN5daisy6Random4InitEv
                0x000000009004ecb8       0x3c ../DaisyExamples/libDaisy//build/libdaisy.a(rng.o)
                0x000000009004ecb8                daisy::Random::Init()
 .text._ZN5daisy9SpiHandle4Impl7InitDmaEv
                0x000000009004ecf4       0xec ../DaisyExamples/libDaisy//build/libdaisy.a(spi.o)
                0x000000009004ecf4                daisy::SpiHandle::Impl::InitDma()
 .text._ZN5daisy9SpiHandle4Impl10StartDmaTxEPhjPFvPvEPFvS3_NS0_6ResultEES3_
                0x000000009004ede0       0xc8 ../DaisyExamples/libDaisy//build/libdaisy.a(spi.o)
                0x000000009004ede0                daisy::SpiHandle::Impl::StartDmaTx(unsigned char*, unsigned int, void (*)(void*), void (*)(void*, daisy::SpiHandle::Result), void*)
 .text._ZN5daisy9SpiHandle4Impl10StartDmaRxEPhjPFvPvEPFvS3_NS0_6ResultEES3_
                0x000000009004eea8       0xc8 ../DaisyExamples/libDaisy//build/libdaisy.a(spi.o)
                0x000000009004eea8                daisy::SpiHandle::Impl::StartDmaRx(unsigned char*, unsigned int, void (*)(void*), void (*)(void*, daisy::SpiHandle::Result), void*)
 .text._ZN5daisy9SpiHandle4Impl12StartDmaRxTxEPhS2_jPFvPvEPFvS3_NS0_6ResultEES3_
                0x000000009004ef70       0xcc ../DaisyExamples/libDaisy//build/libdaisy.a(spi.o)
                0x000000009004ef70                daisy::SpiHandle::Impl::StartDmaRxTx(unsigned char*, unsigned char*, unsigned int, void (*)(void*), void (*)(void*, daisy::SpiHandle::Result), void*)
 .text._ZN5daisy9SpiHandle4Impl8InitPinsEv
                0x000000009004f03c      0x274 ../DaisyExamples/libDaisy//build/libdaisy.a(spi.o)
                0x000000009004f03c                daisy::SpiHandle::Impl::InitPins()
 .text.HAL_SPI_MspInit
                0x000000009004f2b0      0x1a8 ../DaisyExamples/libDaisy//build/libdaisy.a(spi.o)
                0x000000009004f2b0                HAL_SPI_MspInit
 .text.dsy_spi_global_init
                0x000000009004f458       0x80 ../DaisyExamples/libDaisy//build/libdaisy.a(spi.o)
                0x000000009004f458                dsy_spi_global_init
 .text.SPI1_IRQHandler
                0x000000009004f4d8        0xc ../DaisyExamples/libDaisy//build/libdaisy.a(spi.o)
                0x000000009004f4d8                SPI1_IRQHandler
 .text.SPI2_IRQHandler
                0x000000009004f4e4        0xc ../DaisyExamples/libDaisy//build/libdaisy.a(spi.o)
                0x000000009004f4e4                SPI2_IRQHandler
 .text.SPI3_IRQHandler
                0x000000009004f4f0        0xc ../DaisyExamples/libDaisy//build/libdaisy.a(spi.o)
                0x000000009004f4f0                SPI3_IRQHandler
 .text.SPI4_IRQHandler
                0x000000009004f4fc        0xc ../DaisyExamples/libDaisy//build/libdaisy.a(spi.o)
                0x000000009004f4fc                SPI4_IRQHandler
 .text.SPI5_IRQHandler
                0x000000009004f508        0xc ../DaisyExamples/libDaisy//build/libdaisy.a(spi.o)
                0x000000009004f508                SPI5_IRQHandler
 .text.DMA2_Stream2_IRQHandler
                0x000000009004f514       0x34 ../DaisyExamples/libDaisy//build/libdaisy.a(spi.o)
                0x000000009004f514                DMA2_Stream2_IRQHandler
 .text.DMA2_Stream3_IRQHandler
                0x000000009004f548       0x38 ../DaisyExamples/libDaisy//build/libdaisy.a(spi.o)
                0x000000009004f548                DMA2_Stream3_IRQHandler
 .text.HAL_SPI_TxCpltCallback
                0x000000009004f580       0xc4 ../DaisyExamples/libDaisy//build/libdaisy.a(spi.o)
                0x000000009004f580                HAL_SPI_TxCpltCallback
 .text.HAL_SPI_RxCpltCallback
                0x000000009004f644       0xc4 ../DaisyExamples/libDaisy//build/libdaisy.a(spi.o)
                0x000000009004f644                HAL_SPI_RxCpltCallback
 .text.HAL_SPI_TxRxCpltCallback
                0x000000009004f708       0xc4 ../DaisyExamples/libDaisy//build/libdaisy.a(spi.o)
                0x000000009004f708                HAL_SPI_TxRxCpltCallback
 .text.HAL_SPI_ErrorCallback
                0x000000009004f7cc       0xc8 ../DaisyExamples/libDaisy//build/libdaisy.a(spi.o)
                0x000000009004f7cc                HAL_SPI_ErrorCallback
 .text.startup._GLOBAL__sub_I__Z19MapInstanceToHandleP11SPI_TypeDef
                0x000000009004f894      0x1b0 ../DaisyExamples/libDaisy//build/libdaisy.a(spi.o)
 .text.HAL_TIM_Base_MspInit
                0x000000009004fa44      0x1e0 ../DaisyExamples/libDaisy//build/libdaisy.a(tim.o)
                0x000000009004fa44                HAL_TIM_Base_MspInit
 .text.HAL_TIM_PeriodElapsedCallback
                0x000000009004fc24       0x44 ../DaisyExamples/libDaisy//build/libdaisy.a(tim.o)
                0x000000009004fc24                HAL_TIM_PeriodElapsedCallback
 .text.TIM2_IRQHandler
                0x000000009004fc68        0xc ../DaisyExamples/libDaisy//build/libdaisy.a(tim.o)
                0x000000009004fc68                TIM2_IRQHandler
 .text.TIM3_IRQHandler
                0x000000009004fc74        0xc ../DaisyExamples/libDaisy//build/libdaisy.a(tim.o)
                0x000000009004fc74                TIM3_IRQHandler
 .text.TIM4_IRQHandler
                0x000000009004fc80        0xc ../DaisyExamples/libDaisy//build/libdaisy.a(tim.o)
                0x000000009004fc80                TIM4_IRQHandler
 .text.TIM5_IRQHandler
                0x000000009004fc8c        0xc ../DaisyExamples/libDaisy//build/libdaisy.a(tim.o)
                0x000000009004fc8c                TIM5_IRQHandler
 .text._ZN5daisy11TimerHandle4InitERKNS0_6ConfigE
                0x000000009004fc98       0xd0 ../DaisyExamples/libDaisy//build/libdaisy.a(tim.o)
                0x000000009004fc98                daisy::TimerHandle::Init(daisy::TimerHandle::Config const&)
 .text._ZN5daisy11TimerHandle5StartEv
                0x000000009004fd68       0x24 ../DaisyExamples/libDaisy//build/libdaisy.a(tim.o)
                0x000000009004fd68                daisy::TimerHandle::Start()
 .text.startup._GLOBAL__sub_I__ZN5daisy11TimerHandle4Impl4InitERKNS0_6ConfigE
                0x000000009004fd8c       0x38 ../DaisyExamples/libDaisy//build/libdaisy.a(tim.o)
 .text._ZL20UART_CheckRxListenerPN5daisy11UartHandler4ImplE
                0x000000009004fdc4       0x84 ../DaisyExamples/libDaisy//build/libdaisy.a(uart.o)
 .text._ZN5daisy11UartHandler4Impl10StartDmaTxEPhjPFvPvEPFvS3_NS0_6ResultEES3_
                0x000000009004fe48      0x184 ../DaisyExamples/libDaisy//build/libdaisy.a(uart.o)
                0x000000009004fe48                daisy::UartHandler::Impl::StartDmaTx(unsigned char*, unsigned int, void (*)(void*), void (*)(void*, daisy::UartHandler::Result), void*)
 .text._ZN5daisy11UartHandler4Impl10StartDmaRxEPhjPFvPvEPFvS3_NS0_6ResultEES3_
                0x000000009004ffcc      0x184 ../DaisyExamples/libDaisy//build/libdaisy.a(uart.o)
                0x000000009004ffcc                daisy::UartHandler::Impl::StartDmaRx(unsigned char*, unsigned int, void (*)(void*), void (*)(void*, daisy::UartHandler::Result), void*)
 .text._ZN5daisy11UartHandler4Impl19DmaTransferFinishedEP20__UART_HandleTypeDefNS0_6ResultE
                0x0000000090050150       0xc0 ../DaisyExamples/libDaisy//build/libdaisy.a(uart.o)
                0x0000000090050150                daisy::UartHandler::Impl::DmaTransferFinished(__UART_HandleTypeDef*, daisy::UartHandler::Result)
 .text._ZN5daisy11UartHandler4Impl8InitPinsEv
                0x0000000090050210      0x154 ../DaisyExamples/libDaisy//build/libdaisy.a(uart.o)
                0x0000000090050210                daisy::UartHandler::Impl::InitPins()
 .text.HAL_UART_MspInit
                0x0000000090050364      0x210 ../DaisyExamples/libDaisy//build/libdaisy.a(uart.o)
                0x0000000090050364                HAL_UART_MspInit
 .text.dsy_uart_global_init
                0x0000000090050574       0xfc ../DaisyExamples/libDaisy//build/libdaisy.a(uart.o)
                0x0000000090050574                dsy_uart_global_init
 .text.USART1_IRQHandler
                0x0000000090050670       0x2c ../DaisyExamples/libDaisy//build/libdaisy.a(uart.o)
                0x0000000090050670                USART1_IRQHandler
 .text.USART2_IRQHandler
                0x000000009005069c       0x34 ../DaisyExamples/libDaisy//build/libdaisy.a(uart.o)
                0x000000009005069c                USART2_IRQHandler
 .text.USART3_IRQHandler
                0x00000000900506d0       0x34 ../DaisyExamples/libDaisy//build/libdaisy.a(uart.o)
                0x00000000900506d0                USART3_IRQHandler
 .text.UART4_IRQHandler
                0x0000000090050704       0x34 ../DaisyExamples/libDaisy//build/libdaisy.a(uart.o)
                0x0000000090050704                UART4_IRQHandler
 .text.UART5_IRQHandler
                0x0000000090050738       0x34 ../DaisyExamples/libDaisy//build/libdaisy.a(uart.o)
                0x0000000090050738                UART5_IRQHandler
 .text.USART6_IRQHandler
                0x000000009005076c       0x34 ../DaisyExamples/libDaisy//build/libdaisy.a(uart.o)
                0x000000009005076c                USART6_IRQHandler
 .text.UART7_IRQHandler
                0x00000000900507a0       0x34 ../DaisyExamples/libDaisy//build/libdaisy.a(uart.o)
                0x00000000900507a0                UART7_IRQHandler
 .text.UART8_IRQHandler
                0x00000000900507d4       0x34 ../DaisyExamples/libDaisy//build/libdaisy.a(uart.o)
                0x00000000900507d4                UART8_IRQHandler
 .text.LPUART1_IRQHandler
                0x0000000090050808       0x34 ../DaisyExamples/libDaisy//build/libdaisy.a(uart.o)
                0x0000000090050808                LPUART1_IRQHandler
 .text.DMA1_Stream5_IRQHandler
                0x000000009005083c       0x34 ../DaisyExamples/libDaisy//build/libdaisy.a(uart.o)
                0x000000009005083c                DMA1_Stream5_IRQHandler
 .text.DMA2_Stream4_IRQHandler
                0x0000000090050870       0x38 ../DaisyExamples/libDaisy//build/libdaisy.a(uart.o)
                0x0000000090050870                DMA2_Stream4_IRQHandler
 .text.HAL_UART_TxCpltCallback
                0x00000000900508a8        0x8 ../DaisyExamples/libDaisy//build/libdaisy.a(uart.o)
                0x00000000900508a8                HAL_UART_TxCpltCallback
 .text.HAL_UART_RxCpltCallback
                0x00000000900508b0       0x94 ../DaisyExamples/libDaisy//build/libdaisy.a(uart.o)
                0x00000000900508b0                HAL_UART_RxCpltCallback
 .text.HAL_UART_RxHalfCpltCallback
                0x0000000090050944       0x90 ../DaisyExamples/libDaisy//build/libdaisy.a(uart.o)
                0x0000000090050944                HAL_UART_RxHalfCpltCallback
 .text.HAL_UART_ErrorCallback
                0x00000000900509d4        0x8 ../DaisyExamples/libDaisy//build/libdaisy.a(uart.o)