Archive member included to satisfy reference by file (symbol)

../DaisyExamples/libDaisy//build/libdaisy.a(daisy_seed.o)
                              build/MiniTracker.o (daisy::DaisySeed::GetPin(unsigned char))
../DaisyExamples/libDaisy//build/libdaisy.a(codec_ak4556.o)
                              ../DaisyExamples/libDaisy//build/libdaisy.a(daisy_seed.o) (daisy::Ak4556::Init(dsy_gpio_pin))
../DaisyExamples/libDaisy//build/libdaisy.a(codec_wm8731.o)
                              ../DaisyExamples/libDaisy//build/libdaisy.a(daisy_seed.o) (daisy::Wm8731::Init(daisy::Wm8731::Config const&, daisy::I2CHandle))
../DaisyExamples/libDaisy//build/libdaisy.a(sdram.o)
                              ../DaisyExamples/libDaisy//build/libdaisy.a(daisy_seed.o) (SdramHandle::Init())
../DaisyExamples/libDaisy//build/libdaisy.a(audio.o)
                              ../DaisyExamples/libDaisy//build/libdaisy.a(daisy_seed.o) (daisy::AudioHandle::Init(daisy::AudioHandle::Config const&, daisy::SaiHandle))
../DaisyExamples/libDaisy//build/libdaisy.a(switch.o)
                              build/MiniTracker.o (daisy::Switch::Init(dsy_gpio_pin, float))
../DaisyExamples/libDaisy//build/libdaisy.a(gpio.o)
                              ../DaisyExamples/libDaisy//build/libdaisy.a(daisy_seed.o) (daisy::GPIO::Init(daisy::Pin, daisy::GPIO::Mode, daisy::GPIO::Pull, daisy::GPIO::Speed))
../DaisyExamples/libDaisy//build/libdaisy.a(i2c.o)
                              build/MiniTracker.o (daisy::I2CHandle::Init(daisy::I2CHandle::Config const&))
../DaisyExamples/libDaisy//build/libdaisy.a(qspi.o)
                              ../DaisyExamples/libDaisy//build/libdaisy.a(daisy_seed.o) (daisy::QSPIHandle::Init(daisy::QSPIHandle::Config const&))
../DaisyExamples/libDaisy//build/libdaisy.a(sai.o)
                              ../DaisyExamples/libDaisy//build/libdaisy.a(daisy_seed.o) (daisy::SaiHandle::Init(daisy::SaiHandle::Config const&))
../DaisyExamples/libDaisy//build/libdaisy.a(system.o)
                              ../DaisyExamples/libDaisy//build/libdaisy.a(daisy_seed.o) (daisy::System::DeInit())
../DaisyExamples/libDaisy//build/libdaisy.a(usbd_conf.o)
                              ../DaisyExamples/libDaisy//build/libdaisy.a(system.o) (hpcd_USB_OTG_HS)
../DaisyExamples/libDaisy//build/libdaisy.a(usbh_conf.o)
                              ../DaisyExamples/libDaisy//build/libdaisy.a(system.o) (hhcd_USB_OTG_HS)
../DaisyExamples/libDaisy//build/libdaisy.a(hal_map.o)
                              ../DaisyExamples/libDaisy//build/libdaisy.a(gpio.o) (dsy_hal_map_get_port)
../DaisyExamples/libDaisy//build/libdaisy.a(oled_fonts.o)
                              build/sequencer.o (Font_4x6)
../DaisyExamples/libDaisy//build/libdaisy.a(stm32h7xx_hal.o)
                              ../DaisyExamples/libDaisy//build/libdaisy.a(system.o) (HAL_Init)
../DaisyExamples/libDaisy//build/libdaisy.a(stm32h7xx_hal_cortex.o)
                              ../DaisyExamples/libDaisy//build/libdaisy.a(stm32h7xx_hal.o) (HAL_NVIC_SetPriorityGrouping)
../DaisyExamples/libDaisy//build/libdaisy.a(stm32h7xx_hal_dma.o)
                              ../DaisyExamples/libDaisy//build/libdaisy.a(i2c.o) (HAL_DMA_Init)
../DaisyExamples/libDaisy//build/libdaisy.a(stm32h7xx_hal_gpio.o)
                              ../DaisyExamples/libDaisy//build/libdaisy.a(sdram.o) (HAL_GPIO_Init)
../DaisyExamples/libDaisy//build/libdaisy.a(stm32h7xx_hal_hcd.o)
                              ../DaisyExamples/libDaisy//build/libdaisy.a(usbh_conf.o) (HAL_HCD_HC_Init)
../DaisyExamples/libDaisy//build/libdaisy.a(stm32h7xx_hal_i2c.o)
                              ../DaisyExamples/libDaisy//build/libdaisy.a(i2c.o) (HAL_I2C_Init)
../DaisyExamples/libDaisy//build/libdaisy.a(stm32h7xx_hal_i2c_ex.o)
                              ../DaisyExamples/libDaisy//build/libdaisy.a(i2c.o) (HAL_I2CEx_ConfigAnalogFilter)
../DaisyExamples/libDaisy//build/libdaisy.a(stm32h7xx_hal_pcd.o)
                              ../DaisyExamples/libDaisy//build/libdaisy.a(usbd_conf.o) (HAL_PCD_Init)
../DaisyExamples/libDaisy//build/libdaisy.a(stm32h7xx_hal_pcd_ex.o)
                              ../DaisyExamples/libDaisy//build/libdaisy.a(usbd_conf.o) (HAL_PCDEx_SetTxFiFo)
../DaisyExamples/libDaisy//build/libdaisy.a(stm32h7xx_hal_pwr_ex.o)
                              ../DaisyExamples/libDaisy//build/libdaisy.a(system.o) (HAL_PWREx_ConfigSupply)
../DaisyExamples/libDaisy//build/libdaisy.a(stm32h7xx_hal_qspi.o)
                              ../DaisyExamples/libDaisy//build/libdaisy.a(qspi.o) (HAL_QSPI_Init)
../DaisyExamples/libDaisy//build/libdaisy.a(stm32h7xx_hal_rcc.o)
                              ../DaisyExamples/libDaisy//build/libdaisy.a(system.o) (HAL_RCC_OscConfig)
../DaisyExamples/libDaisy//build/libdaisy.a(stm32h7xx_hal_rcc_ex.o)
                              ../DaisyExamples/libDaisy//build/libdaisy.a(system.o) (HAL_RCCEx_PeriphCLKConfig)
../DaisyExamples/libDaisy//build/libdaisy.a(stm32h7xx_hal_sai.o)
[...]
Memory Configuration

Name             Origin             Length             Attributes
FLASH            0x0000000008000000 0x0000000000020000 xr
DTCMRAM          0x0000000020000000 0x0000000000020000 xrw
SRAM             0x0000000024000000 0x0000000000080000 xrw
RAM_D2_DMA       0x0000000030000000 0x0000000000008000 xrw
RAM_D2           0x0000000030008000 0x0000000000040000 xrw
RAM_D3           0x0000000038000000 0x0000000000010000 xrw
BACKUP_SRAM      0x0000000038800000 0x0000000000001000 xrw
ITCMRAM          0x0000000000000000 0x0000000000010000 xrw
SDRAM            0x00000000c0000000 0x0000000004000000 xrw
QSPIFLASH        0x0000000090040000 0x00000000007c0000 xr
*default*        0x0000000000000000 0xffffffffffffffff

Linker script and memory map

LOAD /Library/DaisyToolchain/0.2.0/arm/bin/../lib/gcc/arm-none-eabi/10.3.1/thumb/v7e-m+dp/hard/crti.o
LOAD /Library/DaisyToolchain/0.2.0/arm/bin/../lib/gcc/arm-none-eabi/10.3.1/thumb/v7e-m+dp/hard/crtbegin.o
LOAD /Library/DaisyToolchain/0.2.0/arm/bin/../lib/gcc/arm-none-eabi/10.3.1/../../../../arm-none-eabi/lib/thumb/v7e-m+dp/hard/crt0.o
LOAD build/startup_stm32h750xx.o
LOAD build/MiniTracker.o
LOAD build/sequencer.o
LOAD build/sampleplayer.o
LOAD build/instrument.o
LOAD build/cowbell.o
LOAD ../DaisyExamples/libDaisy//build/libdaisy.a
LOAD /Library/DaisyToolchain/0.2.0/arm/bin/../lib/gcc/arm-none-eabi/10.3.1/../../../../arm-none-eabi/lib/thumb/v7e-m+dp/hard/libnosys.a
LOAD ../DaisyExamples/DaisySP//build/libdaisysp.a
LOAD /Library/DaisyToolchain/0.2.0/arm/bin/../lib/gcc/arm-none-eabi/10.3.1/../../../../arm-none-eabi/lib/thumb/v7e-m+dp/hard/libstdc++_nano.a
LOAD /Library/DaisyToolchain/0.2.0/arm/bin/../lib/gcc/arm-none-eabi/10.3.1/../../../../arm-none-eabi/lib/thumb/v7e-m+dp/hard/libm.a
LOAD /Library/DaisyToolchain/0.2.0/arm/bin/../lib/gcc/arm-none-eabi/10.3.1/../../../../arm-none-eabi/lib/thumb/v7e-m+dp/hard/libc_nano.a
START GROUP
LOAD /Library/DaisyToolchain/0.2.0/arm/bin/../lib/gcc/arm-none-eabi/10.3.1/thumb/v7e-m+dp/hard/libgcc.a
LOAD /Library/DaisyToolchain/0.2.0/arm/bin/../lib/gcc/arm-none-eabi/10.3.1/../../../../arm-none-eabi/lib/thumb/v7e-m+dp/hard/libc_nano.a
END GROUP
START GROUP
LOAD /Library/DaisyToolchain/0.2.0/arm/bin/../lib/gcc/arm-none-eabi/10.3.1/thumb/v7e-m+dp/hard/libgcc.a
LOAD /Library/DaisyToolchain/0.2.0/arm/bin/../lib/gcc/arm-none-eabi/10.3.1/../../../../arm-none-eabi/lib/thumb/v7e-m+dp/hard/libc_nano.a
LOAD /Library/DaisyToolchain/0.2.0/arm/bin/../lib/gcc/arm-none-eabi/10.3.1/../../../../arm-none-eabi/lib/thumb/v7e-m+dp/hard/libnosys.a
END GROUP
START GROUP
LOAD /Library/DaisyToolchain/0.2.0/arm/bin/../lib/gcc/arm-none-eabi/10.3.1/thumb/v7e-m+dp/hard/libgcc.a
LOAD /Library/DaisyToolchain/0.2.0/arm/bin/../lib/gcc/arm-none-eabi/10.3.1/../../../../arm-none-eabi/lib/thumb/v7e-m+dp/hard/libc_nano.a
LOAD /Library/DaisyToolchain/0.2.0/arm/bin/../lib/gcc/arm-none-eabi/10.3.1/../../../../arm-none-eabi/lib/thumb/v7e-m+dp/hard/libnosys.a
END GROUP
LOAD /Library/DaisyToolchain/0.2.0/arm/bin/../lib/gcc/arm-none-eabi/10.3.1/thumb/v7e-m+dp/hard/crtend.o
LOAD /Library/DaisyToolchain/0.2.0/arm/bin/../lib/gcc/arm-none-eabi/10.3.1/thumb/v7e-m+dp/hard/crtn.o
                0x0000000020020000                _estack = 0x20020000

.isr_vector     0x0000000090040000      0x298
                0x0000000090040000                . = ALIGN (0x4)
 *(.isr_vector)
 .isr_vector    0x0000000090040000      0x298 build/startup_stm32h750xx.o
                0x0000000090040000                g_pfnVectors
                0x0000000090040298                . = ALIGN (0x4)

.text           0x00000000900402a0    0x15b14
                0x00000000900402a0                . = ALIGN (0x4)
                0x00000000900402a0                _stext = .
 *(.text)
 .text          0x00000000900402a0       0x40 /Library/DaisyToolchain/0.2.0/arm/bin/../lib/gcc/arm-none-eabi/10.3.1/thumb/v7e-m+dp/hard/crtbegin.o
 .text          0x00000000900402e0       0x10 /Library/DaisyToolchain/0.2.0/arm/bin/../lib/gcc/arm-none-eabi/10.3.1/../../../../arm-none-eabi/lib/thumb/v7e-m+dp/hard/libc_nano.a(lib_a-strlen.o)
                0x00000000900402e0                strlen
 .text          0x00000000900402f0       0xa0 /Library/DaisyToolchain/0.2.0/arm/bin/../lib/gcc/arm-none-eabi/10.3.1/../../../../arm-none-eabi/lib/thumb/v7e-m+dp/hard/libc_nano.a(lib_a-memchr.o)
                0x00000000900402f0                memchr
 .text          0x0000000090040390      0x378 /Library/DaisyToolchain/0.2.0/arm/bin/../lib/gcc/arm-none-eabi/10.3.1/thumb/v7e-m+dp/hard/libgcc.a(_arm_addsubdf3.o)
                0x0000000090040390                __aeabi_drsub
                0x0000000090040398                __subdf3
                0x0000000090040398                __aeabi_dsub
                0x000000009004039c                __aeabi_dadd
                0x000000009004039c                __adddf3
                0x0000000090040614                __aeabi_ui2d
                0x0000000090040614                __floatunsidf
                0x0000000090040634                __floatsidf
                0x0000000090040634                __aeabi_i2d
                0x0000000090040658                __extendsfdf2
                0x0000000090040658                __aeabi_f2d
                0x000000009004069c                __aeabi_ul2d
                0x000000009004069c                __floatundidf
                0x00000000900406ac                __aeabi_l2d
                0x00000000900406ac                __floatdidf
 .text          0x0000000090040708       0x30 /Library/DaisyToolchain/0.2.0/arm/bin/../lib/gcc/arm-none-eabi/10.3.1/thumb/v7e-m+dp/hard/libgcc.a(_aeabi_uldivmod.o)
                0x0000000090040708                __aeabi_uldivmod
 .text          0x0000000090040738      0x2d0 /Library/DaisyToolchain/0.2.0/arm/bin/../lib/gcc/arm-none-eabi/10.3.1/thumb/v7e-m+dp/hard/libgcc.a(_udivmoddi4.o)
                0x0000000090040738                __udivmoddi4
 .text          0x0000000090040a08        0x4 /Library/DaisyToolchain/0.2.0/arm/bin/../lib/gcc/arm-none-eabi/10.3.1/thumb/v7e-m+dp/hard/libgcc.a(_dvmd_tls.o)
                0x0000000090040a08                __aeabi_ldiv0
                0x0000000090040a08                __aeabi_idiv0
 *(.text*)
 .text.Default_Handler
                0x0000000090040a0c        0x4 build/startup_stm32h750xx.o
                0x0000000090040a0c                SAI1_IRQHandler
                0x0000000090040a0c                HASH_RNG_IRQHandler
                0x0000000090040a0c                EXTI2_IRQHandler
                0x0000000090040a0c                TIM8_CC_IRQHandler
                0x0000000090040a0c                HRTIM1_Master_IRQHandler
                0x0000000090040a0c                DebugMon_Handler
                0x0000000090040a0c                TIM1_CC_IRQHandler
                0x0000000090040a0c                BDMA_Channel6_IRQHandler
                0x0000000090040a0c                DMA2_Stream5_IRQHandler
                0x0000000090040a0c                HRTIM1_FLT_IRQHandler
                0x0000000090040a0c                JPEG_IRQHandler
                0x0000000090040a0c                BDMA_Channel1_IRQHandler
                0x0000000090040a0c                HRTIM1_TIMD_IRQHandler
                0x0000000090040a0c                TAMP_STAMP_IRQHandler
                0x0000000090040a0c                PendSV_Handler
                0x0000000090040a0c                NMI_Handler
                0x0000000090040a0c                EXTI3_IRQHandler
                0x0000000090040a0c                LPTIM4_IRQHandler
                0x0000000090040a0c                TIM8_TRG_COM_TIM14_IRQHandler
                0x0000000090040a0c                LPTIM2_IRQHandler
                0x0000000090040a0c                DFSDM1_FLT1_IRQHandler
                0x0000000090040a0c                DMAMUX2_OVR_IRQHandler
                0x0000000090040a0c                TIM8_UP_TIM13_IRQHandler
                0x0000000090040a0c                I2C3_ER_IRQHandler
                0x0000000090040a0c                DFSDM1_FLT2_IRQHandler
                0x0000000090040a0c                MDMA_IRQHandler
                0x0000000090040a0c                LPTIM3_IRQHandler
                0x0000000090040a0c                HSEM1_IRQHandler
                0x0000000090040a0c                EXTI0_IRQHandler
                0x0000000090040a0c                DMA1_Stream2_IRQHandler
                0x0000000090040a0c                FPU_IRQHandler
                0x0000000090040a0c                OTG_HS_WKUP_IRQHandler
                0x0000000090040a0c                FDCAN1_IT1_IRQHandler
                0x0000000090040a0c                UsageFault_Handler
                0x0000000090040a0c                LTDC_ER_IRQHandler
                0x0000000090040a0c                HRTIM1_TIME_IRQHandler
                0x0000000090040a0c                TIM6_DAC_IRQHandler
                0x0000000090040a0c                DCMI_IRQHandler
                0x0000000090040a0c                HRTIM1_TIMC_IRQHandler
                0x0000000090040a0c                SAI2_IRQHandler
                0x0000000090040a0c                DFSDM1_FLT3_IRQHandler
                0x0000000090040a0c                TIM17_IRQHandler
                0x0000000090040a0c                CRYP_IRQHandler
                0x0000000090040a0c                BDMA_Channel7_IRQHandler
                0x0000000090040a0c                LPTIM5_IRQHandler
                0x0000000090040a0c                ADC3_IRQHandler
                0x0000000090040a0c                DMA2_Stream0_IRQHandler
                0x0000000090040a0c                BDMA_Channel2_IRQHandler
                0x0000000090040a0c                DMAMUX1_OVR_IRQHandler
                0x0000000090040a0c                TIM16_IRQHandler
                0x0000000090040a0c                BDMA_Channel5_IRQHandler
                0x0000000090040a0c                RCC_IRQHandler
                0x0000000090040a0c                TIM8_BRK_TIM12_IRQHandler
                0x0000000090040a0c                TIM1_TRG_COM_IRQHandler
                0x0000000090040a0c                Default_Handler
                0x0000000090040a0c                ECC_IRQHandler
                0x0000000090040a0c                CEC_IRQHandler
                0x0000000090040a0c                EXTI15_10_IRQHandler
                0x0000000090040a0c                BDMA_Channel0_IRQHandler
                0x0000000090040a0c                ADC_IRQHandler
                0x0000000090040a0c                DMA1_Stream7_IRQHandler
                0x0000000090040a0c                HRTIM1_TIMA_IRQHandler
                0x0000000090040a0c                TIM7_IRQHandler
                0x0000000090040a0c                SDMMC1_IRQHandler
                0x0000000090040a0c                DMA2_Stream7_IRQHandler
                0x0000000090040a0c                TIM15_IRQHandler
                0x0000000090040a0c                PVD_AVD_IRQHandler
                0x0000000090040a0c                EXTI9_5_IRQHandler
                0x0000000090040a0c                RTC_WKUP_IRQHandler
                0x0000000090040a0c                LTDC_IRQHandler
                0x0000000090040a0c                SAI3_IRQHandler
                0x0000000090040a0c                ETH_WKUP_IRQHandler
                0x0000000090040a0c                SPDIF_RX_IRQHandler
                0x0000000090040a0c                MemManage_Handler
                0x0000000090040a0c                SVC_Handler
                0x0000000090040a0c                CRS_IRQHandler
                0x0000000090040a0c                EXTI4_IRQHandler
                0x0000000090040a0c                HRTIM1_TIMB_IRQHandler
                0x0000000090040a0c                FDCAN2_IT1_IRQHandler
                0x0000000090040a0c                ETH_IRQHandler
                0x0000000090040a0c                TIM1_UP_IRQHandler
                0x0000000090040a0c                BDMA_Channel4_IRQHandler
                0x0000000090040a0c                WWDG_IRQHandler
                0x0000000090040a0c                SPI6_IRQHandler
                0x0000000090040a0c                I2C4_EV_IRQHandler
                0x0000000090040a0c                MDIOS_IRQHandler
                0x0000000090040a0c                FDCAN2_IT0_IRQHandler
                0x0000000090040a0c                FDCAN1_IT0_IRQHandler
                0x0000000090040a0c                OTG_FS_WKUP_IRQHandler
                0x0000000090040a0c                DMA2D_IRQHandler
                0x0000000090040a0c                TIM1_BRK_IRQHandler
                0x0000000090040a0c                EXTI1_IRQHandler
                0x0000000090040a0c                SDMMC2_IRQHandler
                0x0000000090040a0c                OTG_FS_EP1_OUT_IRQHandler
                0x0000000090040a0c                BDMA_Channel3_IRQHandler
                0x0000000090040a0c                MDIOS_WKUP_IRQHandler
                0x0000000090040a0c                DFSDM1_FLT0_IRQHandler
                0x0000000090040a0c                SAI4_IRQHandler
                0x0000000090040a0c                I2C2_ER_IRQHandler
                0x0000000090040a0c                DMA2_Stream1_IRQHandler
                0x0000000090040a0c                FLASH_IRQHandler
                0x0000000090040a0c                BusFault_Handler
                0x0000000090040a0c                OTG_FS_IRQHandler
                0x0000000090040a0c                WAKEUP_PIN_IRQHandler
                0x0000000090040a0c                OTG_FS_EP1_IN_IRQHandler
                0x0000000090040a0c                I2C1_ER_IRQHandler
                0x0000000090040a0c                FMC_IRQHandler
                0x0000000090040a0c                FDCAN_CAL_IRQHandler
                0x0000000090040a0c                SWPMI1_IRQHandler
                0x0000000090040a0c                COMP1_IRQHandler
                0x0000000090040a0c                LPTIM1_IRQHandler
                0x0000000090040a0c                I2C4_ER_IRQHandler
                0x0000000090040a0c                DMA2_Stream6_IRQHandler
                0x0000000090040a0c                RTC_Alarm_IRQHandler
 .text.Reset_Handler
                0x0000000090040a10       0x40 build/startup_stm32h750xx.o
                0x0000000090040a10                Reset_Handler
 .text._ZN5daisy6SwitchD2Ev
                0x0000000090040a50        0x4 build/MiniTracker.o
                0x0000000090040a50                daisy::Switch::~Switch()
                0x0000000090040a50                daisy::Switch::~Switch()
 .text._ZN5daisy9DaisySeedD2Ev
                0x0000000090040a54        0x4 build/MiniTracker.o
                0x0000000090040a54                daisy::DaisySeed::~DaisySeed()
                0x0000000090040a54                daisy::DaisySeed::~DaisySeed()
 .text._ZN6ButtonD2Ev
                0x0000000090040a58        0x4 build/MiniTracker.o
                0x0000000090040a58                Button::~Button()
                0x0000000090040a58                Button::~Button()
 .text._ZN5daisy11OledDisplayINS_13SSD130xDriverILj128ELj64ENS_19SSD130xI2CTransportEEEED2Ev
                0x0000000090040a5c        0x4 build/MiniTracker.o
                0x0000000090040a5c                daisy::OledDisplay<daisy::SSD130xDriver<128u, 64u, daisy::SSD130xI2CTransport> >::~OledDisplay()
                0x0000000090040a5c                daisy::OledDisplay<daisy::SSD130xDriver<128u, 64u, daisy::SSD130xI2CTransport> >::~OledDisplay()
 .text._ZNK5daisy11OledDisplayINS_13SSD130xDriverILj128ELj64ENS_19SSD130xI2CTransportEEEE6HeightEv
                0x0000000090040a60        0x4 build/MiniTracker.o
                0x0000000090040a60                daisy::OledDisplay<daisy::SSD130xDriver<128u, 64u, daisy::SSD130xI2CTransport> >::Height() const
 .text._ZNK5daisy11OledDisplayINS_13SSD130xDriverILj128ELj64ENS_19SSD130xI2CTransportEEEE5WidthEv
                0x0000000090040a64        0x4 build/MiniTracker.o
                0x0000000090040a64                daisy::OledDisplay<daisy::SSD130xDriver<128u, 64u, daisy::SSD130xI2CTransport> >::Width() const
 .text._ZN5daisy11OledDisplayINS_13SSD130xDriverILj128ELj64ENS_19SSD130xI2CTransportEEEE4FillEb
                0x0000000090040a68       0x10 build/MiniTracker.o
                0x0000000090040a68                daisy::OledDisplay<daisy::SSD130xDriver<128u, 64u, daisy::SSD130xI2CTransport> >::Fill(bool)
 .text._ZN5daisy11OledDisplayINS_13SSD130xDriverILj128ELj64ENS_19SSD130xI2CTransportEEEED0Ev
                0x0000000090040a78       0x10 build/MiniTracker.o
                0x0000000090040a78                daisy::OledDisplay<daisy::SSD130xDriver<128u, 64u, daisy::SSD130xI2CTransport> >::~OledDisplay()
 .text._ZNSt6vectorIP10InstrumentSaIS1_EED2Ev
                0x0000000090040a88       0x14 build/MiniTracker.o
                0x0000000090040a88                std::vector<Instrument*, std::allocator<Instrument*> >::~vector()
                0x0000000090040a88                std::vector<Instrument*, std::allocator<Instrument*> >::~vector()
 .text._ZNSt6vectorIP6ButtonSaIS1_EED2Ev
                0x0000000090040a9c       0x14 build/MiniTracker.o
                0x0000000090040a9c                std::vector<Button*, std::allocator<Button*> >::~vector()
                0x0000000090040a9c                std::vector<Button*, std::allocator<Button*> >::~vector()
 .text._Z6APressv
                0x0000000090040ab0       0x24 build/MiniTracker.o
                0x0000000090040ab0                APress()
 .text._Z6BPressv
                0x0000000090040ad4       0x24 build/MiniTracker.o
                0x0000000090040ad4                BPress()
 .text._Z9PlayPressv
                0x0000000090040af8       0x24 build/MiniTracker.o
                0x0000000090040af8                PlayPress()
 .text._Z7UpPressv
                0x0000000090040b1c       0x24 build/MiniTracker.o
                0x0000000090040b1c                UpPress()
 .text._Z9DownPressv
                0x0000000090040b40       0x24 build/MiniTracker.o
                0x0000000090040b40                DownPress()
 .text._Z9LeftPressv
                0x0000000090040b64       0x24 build/MiniTracker.o
                0x0000000090040b64                LeftPress()
 .text._Z10RightPressv
                0x0000000090040b88       0x24 build/MiniTracker.o
                0x0000000090040b88                RightPress()
 .text._ZNSt6vectorIP17InstrumentHandlerSaIS1_EED2Ev
                0x0000000090040bac       0x14 build/MiniTracker.o
                0x0000000090040bac                std::vector<InstrumentHandler*, std::allocator<InstrumentHandler*> >::~vector()
                0x0000000090040bac                std::vector<InstrumentHandler*, std::allocator<InstrumentHandler*> >::~vector()
 .text._ZN9SequencerD2Ev
                0x0000000090040bc0       0x34 build/MiniTracker.o
                0x0000000090040bc0                Sequencer::~Sequencer()
                0x0000000090040bc0                Sequencer::~Sequencer()
 .text._ZN5daisy11OledDisplayINS_13SSD130xDriverILj128ELj64ENS_19SSD130xI2CTransportEEEE6UpdateEv
                0x0000000090040bf4       0xac build/MiniTracker.o
                0x0000000090040bf4                daisy::OledDisplay<daisy::SSD130xDriver<128u, 64u, daisy::SSD130xI2CTransport> >::Update()
 .text._ZN5daisy25OneBitGraphicsDisplayImplINS_11OledDisplayINS_13SSD130xDriverILj128ELj64ENS_19SSD130xI2CTransportEEEEEE11WriteStringEPKc7FontDefb
                0x0000000090040ca0      0x1c0 build/MiniTracker.o
                0x0000000090040ca0                daisy::OneBitGraphicsDisplayImpl<daisy::OledDisplay<daisy::SSD130xDriver<128u, 64u, daisy::SSD130xI2CTransport> > >::WriteString(char const*, FontDef, bool)
 .text._ZN5daisy25OneBitGraphicsDisplayImplINS_11OledDisplayINS_13SSD130xDriverILj128ELj64ENS_19SSD130xI2CTransportEEEEEE9WriteCharEc7FontDefb
                0x0000000090040e60      0x1a0 build/MiniTracker.o
                0x0000000090040e60                daisy::OneBitGraphicsDisplayImpl<daisy::OledDisplay<daisy::SSD130xDriver<128u, 64u, daisy::SSD130xI2CTransport> > >::WriteChar(char, FontDef, bool)
 .text._ZN5daisy25OneBitGraphicsDisplayImplINS_11OledDisplayINS_13SSD130xDriverILj128ELj64ENS_19SSD130xI2CTransportEEEEEE18WriteStringAlignedEPKcRK7FontDefNS_9RectangleENS_9AlignmentEb
                0x0000000090041000      0x3ec build/MiniTracker.o
                0x0000000090041000                daisy::OneBitGraphicsDisplayImpl<daisy::OledDisplay<daisy::SSD130xDriver<128u, 64u, daisy::SSD130xI2CTransport> > >::WriteStringAligned(char const*, FontDef const&, daisy::Rectangle, daisy::Alignment, bool)
 .text._ZN5daisy11OledDisplayINS_13SSD130xDriverILj128ELj64ENS_19SSD130xI2CTransportEEEE9DrawPixelEjjb
                0x00000000900413ec       0x44 build/MiniTracker.o
                0x00000000900413ec                daisy::OledDisplay<daisy::SSD130xDriver<128u, 64u, daisy::SSD130xI2CTransport> >::DrawPixel(unsigned int, unsigned int, bool)
 .text._ZN5daisy25OneBitGraphicsDisplayImplINS_11OledDisplayINS_13SSD130xDriverILj128ELj64ENS_19SSD130xI2CTransportEEEEEE8DrawLineEjjjjb
                0x0000000090041430       0xfc build/MiniTracker.o
                0x0000000090041430                daisy::OneBitGraphicsDisplayImpl<daisy::OledDisplay<daisy::SSD130xDriver<128u, 64u, daisy::SSD130xI2CTransport> > >::DrawLine(unsigned int, unsigned int, unsigned int, unsigned int, bool)
 *fill*         0x000000009004152c        0x4 
 .text._ZN5daisy25OneBitGraphicsDisplayImplINS_11OledDisplayINS_13SSD130xDriverILj128ELj64ENS_19SSD130xI2CTransportEEEEEE7DrawArcEjjjiib
                0x0000000090041530      0x478 build/MiniTracker.o
                0x0000000090041530                daisy::OneBitGraphicsDisplayImpl<daisy::OledDisplay<daisy::SSD130xDriver<128u, 64u, daisy::SSD130xI2CTransport> > >::DrawArc(unsigned int, unsigned int, unsigned int, int, int, bool)
 .text._ZN5daisy25OneBitGraphicsDisplayImplINS_11OledDisplayINS_13SSD130xDriverILj128ELj64ENS_19SSD130xI2CTransportEEEEEE8DrawRectEjjjjbb
                0x00000000900419a8      0x418 build/MiniTracker.o
                0x00000000900419a8                daisy::OneBitGraphicsDisplayImpl<daisy::OledDisplay<daisy::SSD130xDriver<128u, 64u, daisy::SSD130xI2CTransport> > >::DrawRect(unsigned int, unsigned int, unsigned int, unsigned int, bool, bool)
 .text._Z11InputHandlev
                0x0000000090041dc0       0xbc build/MiniTracker.o
                0x0000000090041dc0                InputHandle()
 .text._Z13AudioCallbackPKPKfPPfj
                0x0000000090041e7c       0x6c build/MiniTracker.o
                0x0000000090041e7c                AudioCallback(float const* const*, float**, unsigned int)
 .text._ZN5daisy13SSD130xDriverILj128ELj64ENS_19SSD130xI2CTransportEE4InitENS2_6ConfigE
                0x0000000090041ee8      0x250 build/MiniTracker.o
                0x0000000090041ee8                daisy::SSD130xDriver<128u, 64u, daisy::SSD130xI2CTransport>::Init(daisy::SSD130xDriver<128u, 64u, daisy::SSD130xI2CTransport>::Config)
 .text._ZNSt6vectorIiSaIiEE17_M_realloc_insertIJiEEEvN9__gnu_cxx17__normal_iteratorIPiS1_EEDpOT_
                0x0000000090042138       0xd4 build/MiniTracker.o
                0x0000000090042138                void std::vector<int, std::allocator<int> >::_M_realloc_insert<int>(__gnu_cxx::__normal_iterator<int*, std::vector<int, std::allocator<int> > >, int&&)
 .text._ZNSt6vectorIP17InstrumentHandlerSaIS1_EE17_M_realloc_insertIJS1_EEEvN9__gnu_cxx17__normal_iteratorIPS1_S3_EEDpOT_
                0x000000009004220c       0xd4 build/MiniTracker.o
                0x000000009004220c                void std::vector<InstrumentHandler*, std::allocator<InstrumentHandler*> >::_M_realloc_insert<InstrumentHandler*>(__gnu_cxx::__normal_iterator<InstrumentHandler**, std::vector<InstrumentHandler*, std::allocator<InstrumentHandler*> > >, InstrumentHandler*&&)
 .text._ZNSt6vectorIP10InstrumentSaIS1_EE17_M_realloc_insertIJS1_EEEvN9__gnu_cxx17__normal_iteratorIPS1_S3_EEDpOT_
                0x00000000900422e0       0xd4 build/MiniTracker.o
                0x00000000900422e0                void std::vector<Instrument*, std::allocator<Instrument*> >::_M_realloc_insert<Instrument*>(__gnu_cxx::__normal_iterator<Instrument**, std::vector<Instrument*, std::allocator<Instrument*> > >, Instrument*&&)
 .text._ZNSt6vectorIP6ButtonSaIS1_EE17_M_realloc_insertIJS1_EEEvN9__gnu_cxx17__normal_iteratorIPS1_S3_EEDpOT_
                0x00000000900423b4       0xd4 build/MiniTracker.o
                0x00000000900423b4                void std::vector<Button*, std::allocator<Button*> >::_M_realloc_insert<Button*>(__gnu_cxx::__normal_iterator<Button**, std::vector<Button*, std::allocator<Button*> > >, Button*&&)
 .text._ZNSt6vectorIP6ButtonSaIS1_EE12emplace_backIJS1_EEEvDpOT_
                0x0000000090042488       0x20 build/MiniTracker.o
                0x0000000090042488                void std::vector<Button*, std::allocator<Button*> >::emplace_back<Button*>(Button*&&)
 .text.startup.main
                0x00000000900424a8      0x3f8 build/MiniTracker.o
                0x00000000900424a8                main
 .text.startup._GLOBAL__sub_I_hw
                0x00000000900428a0      0x134 build/MiniTracker.o
 .text._ZN9Sequencer10PlayButtonEv
                0x00000000900429d4       0x14 build/sequencer.o
                0x00000000900429d4                Sequencer::PlayButton()
 .text._ZN9Sequencer13AltPlayButtonEv
                0x00000000900429e8       0x1c build/sequencer.o
                0x00000000900429e8                Sequencer::AltPlayButton()
 .text._ZN9Sequencer10DrawSquareEiib
                0x0000000090042a04      0x3ec build/sequencer.o
                0x0000000090042a04                Sequencer::DrawSquare(int, int, bool)
 .text._ZN9Sequencer9DrawArrowEiii
                0x0000000090042df0      0x1ec build/sequencer.o
                0x0000000090042df0                Sequencer::DrawArrow(int, int, int)
 .text._ZN9Sequencer11GetFxStringEPcii
                0x0000000090042fdc       0x9c build/sequencer.o
                0x0000000090042fdc                Sequencer::GetFxString(char*, int, int)
 .text._ZN9Sequencer13GetNoteStringEPci
                0x0000000090043078      0x110 build/sequencer.o
                0x0000000090043078                Sequencer::GetNoteString(char*, int)
 .text._ZN9Sequencer8DrawStepEiiP4Step
                0x0000000090043188      0x740 build/sequencer.o
                0x0000000090043188                Sequencer::DrawStep(int, int, Step*)
 .text._ZN9Sequencer13UpdateDisplayEv
                0x00000000900438c8      0x5a0 build/sequencer.o
                0x00000000900438c8                Sequencer::UpdateDisplay()
 .text._ZN9Sequencer7AButtonEv
                0x0000000090043e68        0xc build/sequencer.o
                0x0000000090043e68                Sequencer::AButton()
 .text._ZN9Sequencer7BButtonEv
                0x0000000090043e74        0xc build/sequencer.o
                0x0000000090043e74                Sequencer::BButton()
 .text._ZN9Sequencer13AltLeftButtonEv
                0x0000000090043e80       0x7c build/sequencer.o
                0x0000000090043e80                Sequencer::AltLeftButton()
 .text._ZN9Sequencer10AltBButtonEv
                0x0000000090043efc       0x64 build/sequencer.o
                0x0000000090043efc                Sequencer::AltBButton()
 .text._ZN9Sequencer12PreviousStepEv
                0x0000000090043f60       0x50 build/sequencer.o
                0x0000000090043f60                Sequencer::PreviousStep()
 .text._ZN9Sequencer8UpButtonEv
                0x0000000090043fb0       0x84 build/sequencer.o
                0x0000000090043fb0                Sequencer::UpButton()
 .text._ZN9Sequencer12PreviousLaneEv
                0x0000000090044034       0x6c build/sequencer.o
                0x0000000090044034                Sequencer::PreviousLane()
 .text._ZN9Sequencer10LeftButtonEv
                0x00000000900440a0       0x50 build/sequencer.o
                0x00000000900440a0                Sequencer::LeftButton()
 .text._ZN9Sequencer8NextLaneEv
                0x00000000900440f0       0x6c build/sequencer.o
                0x00000000900440f0                Sequencer::NextLane()
 .text._ZN9Sequencer11RightButtonEv
                0x000000009004415c       0x50 build/sequencer.o
                0x000000009004415c                Sequencer::RightButton()
 .text._ZN9Sequencer11NextPatternEv
                0x00000000900441ac       0x50 build/sequencer.o
                0x00000000900441ac                Sequencer::NextPattern()
 .text._ZN9Sequencer8NextStepEv
                0x00000000900441fc       0x70 build/sequencer.o
                0x00000000900441fc                Sequencer::NextStep()
 .text._ZN9Sequencer6UpdateEv
                0x000000009004426c       0x6c build/sequencer.o
                0x000000009004426c                Sequencer::Update()
 .text._ZN9Sequencer10DownButtonEv
                0x00000000900442d8       0x98 build/sequencer.o
                0x00000000900442d8                Sequencer::DownButton()
 .text._ZNSt6vectorIiSaIiEE8_M_eraseEN9__gnu_cxx17__normal_iteratorIPiS1_EE
                0x0000000090044370       0x20 build/sequencer.o
                0x0000000090044370                std::vector<int, std::allocator<int> >::_M_erase(__gnu_cxx::__normal_iterator<int*, std::vector<int, std::allocator<int> > >)
 .text._ZN9Sequencer13AltDownButtonEv
                0x0000000090044390       0xb4 build/sequencer.o
                0x0000000090044390                Sequencer::AltDownButton()
 .text._ZN9Sequencer11AltUpButtonEv
                0x0000000090044444       0xe8 build/sequencer.o
                0x0000000090044444                Sequencer::AltUpButton()
 .text._ZNSt6vectorIP7PatternSaIS1_EE17_M_realloc_insertIJS1_EEEvN9__gnu_cxx17__normal_iteratorIPS1_S3_EEDpOT_
                0x000000009004452c       0xd4 build/sequencer.o
                0x000000009004452c                void std::vector<Pattern*, std::allocator<Pattern*> >::_M_realloc_insert<Pattern*>(__gnu_cxx::__normal_iterator<Pattern**, std::vector<Pattern*, std::allocator<Pattern*> > >, Pattern*&&)
 .text._ZNSt6vectorIP4LaneSaIS1_EE17_M_realloc_insertIJS1_EEEvN9__gnu_cxx17__normal_iteratorIPS1_S3_EEDpOT_
                0x0000000090044600       0xd4 build/sequencer.o
                0x0000000090044600                void std::vector<Lane*, std::allocator<Lane*> >::_M_realloc_insert<Lane*>(__gnu_cxx::__normal_iterator<Lane**, std::vector<Lane*, std::allocator<Lane*> > >, Lane*&&)
 .text._ZNSt6vectorIP4StepSaIS1_EE17_M_realloc_insertIJS1_EEEvN9__gnu_cxx17__normal_iteratorIPS1_S3_EEDpOT_
                0x00000000900446d4       0xd4 build/sequencer.o
                0x00000000900446d4                void std::vector<Step*, std::allocator<Step*> >::_M_realloc_insert<Step*>(__gnu_cxx::__normal_iterator<Step**, std::vector<Step*, std::allocator<Step*> > >, Step*&&)
 .text._ZN9Sequencer10AltAButtonEv
                0x00000000900447a8       0x70 build/sequencer.o
                0x00000000900447a8                Sequencer::AltAButton()
 .text._ZN9Sequencer10NewPatternEv
                0x0000000090044818      0x140 build/sequencer.o
                0x0000000090044818                Sequencer::NewPattern()
 .text._ZN9Sequencer14AltRightButtonEv
                0x0000000090044958       0x7c build/sequencer.o
                0x0000000090044958                Sequencer::AltRightButton()
 .text._ZN10Instrument4InitEf
                0x00000000900449d4       0x60 build/instrument.o
                0x00000000900449d4                Instrument::Init(float)
 .text._ZN10Instrument7ProcessEv
                0x0000000090044a34        0x4 build/instrument.o
                0x0000000090044a34                Instrument::Process()
 .text._ZN10Instrument7TriggerEi
                0x0000000090044a38       0x48 build/instrument.o
                0x0000000090044a38                Instrument::Trigger(int)
 .text._ZN5daisy9DaisySeed6GetPinEh
                0x0000000090044a80       0x2c ../DaisyExamples/libDaisy//build/libdaisy.a(daisy_seed.o)
                0x0000000090044a80                daisy::DaisySeed::GetPin(unsigned char)
 .text._ZN5daisy9DaisySeed10StartAudioEPFvPKPKfPPfjE
                0x0000000090044aac        0x8 ../DaisyExamples/libDaisy//build/libdaisy.a(daisy_seed.o)
                0x0000000090044aac                daisy::DaisySeed::StartAudio(void (*)(float const* const*, float**, unsigned int))
 .text._ZN5daisy9DaisySeed15AudioSampleRateEv
                0x0000000090044ab4        0x8 ../DaisyExamples/libDaisy//build/libdaisy.a(daisy_seed.o)
                0x0000000090044ab4                daisy::DaisySeed::AudioSampleRate()
 .text._ZN5daisy9DaisySeed17SetAudioBlockSizeEj
                0x0000000090044abc       0x38 ../DaisyExamples/libDaisy//build/libdaisy.a(daisy_seed.o)
                0x0000000090044abc                daisy::DaisySeed::SetAudioBlockSize(unsigned int)
 .text._ZN5daisy9DaisySeed17CheckBoardVersionEv
                0x0000000090044af4       0x6c ../DaisyExamples/libDaisy//build/libdaisy.a(daisy_seed.o)
                0x0000000090044af4                daisy::DaisySeed::CheckBoardVersion()
 .text._ZN5daisy9DaisySeed14ConfigureAudioEv
                0x0000000090044b60      0x10c ../DaisyExamples/libDaisy//build/libdaisy.a(daisy_seed.o)
                0x0000000090044b60                daisy::DaisySeed::ConfigureAudio()
 .text._ZN5daisy9DaisySeed4InitEb
                0x0000000090044c6c      0x108 ../DaisyExamples/libDaisy//build/libdaisy.a(daisy_seed.o)
                0x0000000090044c6c                daisy::DaisySeed::Init(bool)
 .text._ZN5daisy6Ak45564InitE12dsy_gpio_pin
                0x0000000090044d74       0x44 ../DaisyExamples/libDaisy//build/libdaisy.a(codec_ak4556.o)
                0x0000000090044d74                daisy::Ak4556::Init(dsy_gpio_pin)
 .text._ZN5daisy6Wm873120WriteControlRegisterEht
                0x0000000090044db8       0x3c ../DaisyExamples/libDaisy//build/libdaisy.a(codec_wm8731.o)
                0x0000000090044db8                daisy::Wm8731::WriteControlRegister(unsigned char, unsigned short)
 .text._ZN5daisy6Wm87314InitERKNS0_6ConfigENS_9I2CHandleE
                0x0000000090044df4      0x1bc ../DaisyExamples/libDaisy//build/libdaisy.a(codec_wm8731.o)
                0x0000000090044df4                daisy::Wm8731::Init(daisy::Wm8731::Config const&, daisy::I2CHandle)
 .text._ZN11SdramHandle10DeviceInitEv
                0x0000000090044fb0       0x98 ../DaisyExamples/libDaisy//build/libdaisy.a(sdram.o)
                0x0000000090044fb0                SdramHandle::DeviceInit()
 .text._ZN11SdramHandle4InitEv
                0x0000000090045048       0x7c ../DaisyExamples/libDaisy//build/libdaisy.a(sdram.o)
                0x0000000090045048                SdramHandle::Init()
 .text.HAL_SDRAM_MspInit
                0x00000000900450c4      0x1a8 ../DaisyExamples/libDaisy//build/libdaisy.a(sdram.o)
                0x00000000900450c4                HAL_SDRAM_MspInit
 .text._ZN5daisy11AudioHandle4Impl16InternalCallbackEPlS2_j
                0x000000009004526c      0xbbc ../DaisyExamples/libDaisy//build/libdaisy.a(audio.o)
                0x000000009004526c                daisy::AudioHandle::Impl::InternalCallback(long*, long*, unsigned int)
 .text._ZN5daisy11AudioHandle4InitERKNS0_6ConfigENS_9SaiHandleE
                0x0000000090045e28       0x70 ../DaisyExamples/libDaisy//build/libdaisy.a(audio.o)
                0x0000000090045e28                daisy::AudioHandle::Init(daisy::AudioHandle::Config const&, daisy::SaiHandle)
 .text._ZNK5daisy11AudioHandle9GetConfigEv
                0x0000000090045e98        0x8 ../DaisyExamples/libDaisy//build/libdaisy.a(audio.o)
                0x0000000090045e98                daisy::AudioHandle::GetConfig() const
 .text._ZN5daisy11AudioHandle12SetBlockSizeEj
                0x0000000090045ea0       0x1c ../DaisyExamples/libDaisy//build/libdaisy.a(audio.o)
                0x0000000090045ea0                daisy::AudioHandle::SetBlockSize(unsigned int)
 .text._ZN5daisy11AudioHandle13GetSampleRateEv
                0x0000000090045ebc        0x8 ../DaisyExamples/libDaisy//build/libdaisy.a(audio.o)
                0x0000000090045ebc                daisy::AudioHandle::GetSampleRate()
 .text._ZN5daisy11AudioHandle5StartEPFvPKPKfPPfjE
                0x0000000090045ec4       0x44 ../DaisyExamples/libDaisy//build/libdaisy.a(audio.o)
                0x0000000090045ec4                daisy::AudioHandle::Start(void (*)(float const* const*, float**, unsigned int))
 .text.startup._GLOBAL__sub_I__ZN5daisy11AudioHandle4Impl4InitENS0_6ConfigENS_9SaiHandleE
                0x0000000090045f08       0x24 ../DaisyExamples/libDaisy//build/libdaisy.a(audio.o)
 .text._ZN5daisy6Switch4InitE12dsy_gpio_pinf
                0x0000000090045f2c       0x34 ../DaisyExamples/libDaisy//build/libdaisy.a(switch.o)
                0x0000000090045f2c                daisy::Switch::Init(dsy_gpio_pin, float)
 .text._ZN5daisy6Switch8DebounceEv
                0x0000000090045f60       0x5c ../DaisyExamples/libDaisy//build/libdaisy.a(switch.o)
                0x0000000090045f60                daisy::Switch::Debounce()
 .text._ZN5daisy4GPIO4InitENS_3PinENS0_4ModeENS0_4PullENS0_5SpeedE
                0x0000000090045fbc      0x1cc ../DaisyExamples/libDaisy//build/libdaisy.a(gpio.o)
                0x0000000090045fbc                daisy::GPIO::Init(daisy::Pin, daisy::GPIO::Mode, daisy::GPIO::Pull, daisy::GPIO::Speed)
 .text._ZN5daisy4GPIO4ReadEv
                0x0000000090046188       0x18 ../DaisyExamples/libDaisy//build/libdaisy.a(gpio.o)
                0x0000000090046188                daisy::GPIO::Read()
 .text._ZN5daisy4GPIO5WriteEb
                0x00000000900461a0       0x14 ../DaisyExamples/libDaisy//build/libdaisy.a(gpio.o)
                0x00000000900461a0                daisy::GPIO::Write(bool)
 .text.dsy_gpio_init
                0x00000000900461b4      0x1b8 ../DaisyExamples/libDaisy//build/libdaisy.a(gpio.o)
                0x00000000900461b4                dsy_gpio_init
 .text.dsy_gpio_read
                0x000000009004636c       0x1c ../DaisyExamples/libDaisy//build/libdaisy.a(gpio.o)
                0x000000009004636c                dsy_gpio_read
 .text.dsy_gpio_write
                0x0000000090046388       0x24 ../DaisyExamples/libDaisy//build/libdaisy.a(gpio.o)
                0x0000000090046388                dsy_gpio_write
 .text._ZN5daisy9I2CHandle4Impl8InitPinsEv
                0x00000000900463ac       0x58 ../DaisyExamples/libDaisy//build/libdaisy.a(i2c.o)
                0x00000000900463ac                daisy::I2CHandle::Impl::InitPins()
 .text.HAL_I2C_MspInit
                0x0000000090046404      0x1b4 ../DaisyExamples/libDaisy//build/libdaisy.a(i2c.o)
                0x0000000090046404                HAL_I2C_MspInit
 .text.dsy_i2c_global_init
                0x00000000900465b8       0x78 ../DaisyExamples/libDaisy//build/libdaisy.a(i2c.o)
                0x00000000900465b8                dsy_i2c_global_init
 .text.DMA1_Stream6_IRQHandler
                0x0000000090046630       0x34 ../DaisyExamples/libDaisy//build/libdaisy.a(i2c.o)
                0x0000000090046630                DMA1_Stream6_IRQHandler
 .text.I2C1_EV_IRQHandler
                0x0000000090046664        0xc ../DaisyExamples/libDaisy//build/libdaisy.a(i2c.o)
                0x0000000090046664                I2C1_EV_IRQHandler
 .text.I2C2_EV_IRQHandler
                0x0000000090046670        0xc ../DaisyExamples/libDaisy//build/libdaisy.a(i2c.o)
                0x0000000090046670                I2C2_EV_IRQHandler
 .text.I2C3_EV_IRQHandler
                0x000000009004667c        0xc ../DaisyExamples/libDaisy//build/libdaisy.a(i2c.o)
                0x000000009004667c                I2C3_EV_IRQHandler
 .text._ZN5daisy9I2CHandle4InitERKNS0_6ConfigE
                0x0000000090046688      0x12c ../DaisyExamples/libDaisy//build/libdaisy.a(i2c.o)
                0x0000000090046688                daisy::I2CHandle::Init(daisy::I2CHandle::Config const&)
 .text._ZN5daisy9I2CHandle16TransmitBlockingEtPhtm
                0x00000000900467b4       0x50 ../DaisyExamples/libDaisy//build/libdaisy.a(i2c.o)
                0x00000000900467b4                daisy::I2CHandle::TransmitBlocking(unsigned short, unsigned char*, unsigned short, unsigned long)
 .text.startup._GLOBAL__sub_I__ZN5daisy9I2CHandle4Impl10GlobalInitEv
                0x0000000090046804       0x18 ../DaisyExamples/libDaisy//build/libdaisy.a(i2c.o)
 .text._ZN5daisy10QSPIHandle4Impl11WriteEnableEv
                0x000000009004681c       0x8c ../DaisyExamples/libDaisy//build/libdaisy.a(qspi.o)
                0x000000009004681c                daisy::QSPIHandle::Impl::WriteEnable()
 .text._ZN5daisy10QSPIHandle4Impl17DummyCyclesConfigENS0_6Config6DeviceE
                0x00000000900468a8      0x118 ../DaisyExamples/libDaisy//build/libdaisy.a(qspi.o)
                0x00000000900468a8                daisy::QSPIHandle::Impl::DummyCyclesConfig(daisy::QSPIHandle::Config::Device)
 .text._ZN5daisy10QSPIHandle4Impl10QuadEnableEv
                0x00000000900469c0      0x158 ../DaisyExamples/libDaisy//build/libdaisy.a(qspi.o)
                0x00000000900469c0                daisy::QSPIHandle::Impl::QuadEnable()
 .text._ZN5daisy10QSPIHandle4InitERKNS0_6ConfigE
                0x0000000090046b18      0x198 ../DaisyExamples/libDaisy//build/libdaisy.a(qspi.o)
                0x0000000090046b18                daisy::QSPIHandle::Init(daisy::QSPIHandle::Config const&)
 .text.HAL_QSPI_MspInit
                0x0000000090046cb0      0x11c ../DaisyExamples/libDaisy//build/libdaisy.a(qspi.o)
                0x0000000090046cb0                HAL_QSPI_MspInit
 .text.HAL_QSPI_MspDeInit
                0x0000000090046dcc       0x54 ../DaisyExamples/libDaisy//build/libdaisy.a(qspi.o)
                0x0000000090046dcc                HAL_QSPI_MspDeInit
 .text.QUADSPI_IRQHandler
                0x0000000090046e20        0xc ../DaisyExamples/libDaisy//build/libdaisy.a(qspi.o)
                0x0000000090046e20                QUADSPI_IRQHandler
 .text.startup._GLOBAL__sub_I__ZN5daisy10QSPIHandle4Impl4InitERKNS0_6ConfigE
                0x0000000090046e2c       0x28 ../DaisyExamples/libDaisy//build/libdaisy.a(qspi.o)
 .text._ZN5daisy9SaiHandle4Impl7InitDmaENS1_15PeripheralBlockE
                0x0000000090046e54       0xa0 ../DaisyExamples/libDaisy//build/libdaisy.a(sai.o)
                0x0000000090046e54                daisy::SaiHandle::Impl::InitDma(daisy::SaiHandle::Impl::PeripheralBlock)
 .text._ZN5daisy9SaiHandle4Impl8InitPinsEv
                0x0000000090046ef4       0xa8 ../DaisyExamples/libDaisy//build/libdaisy.a(sai.o)
                0x0000000090046ef4                daisy::SaiHandle::Impl::InitPins()
 .text.HAL_SAI_MspInit
                0x0000000090046f9c      0x164 ../DaisyExamples/libDaisy//build/libdaisy.a(sai.o)
                0x0000000090046f9c                HAL_SAI_MspInit
 .text.DMA1_Stream0_IRQHandler
                0x0000000090047100        0xc ../DaisyExamples/libDaisy//build/libdaisy.a(sai.o)
                0x0000000090047100                DMA1_Stream0_IRQHandler
 .text.DMA1_Stream1_IRQHandler
                0x000000009004710c        0xc ../DaisyExamples/libDaisy//build/libdaisy.a(sai.o)
                0x000000009004710c                DMA1_Stream1_IRQHandler
 .text.DMA1_Stream3_IRQHandler
                0x0000000090047118        0xc ../DaisyExamples/libDaisy//build/libdaisy.a(sai.o)
                0x0000000090047118                DMA1_Stream3_IRQHandler
 .text.DMA1_Stream4_IRQHandler
                0x0000000090047124        0xc ../DaisyExamples/libDaisy//build/libdaisy.a(sai.o)
                0x0000000090047124                DMA1_Stream4_IRQHandler
 .text.HAL_SAI_RxHalfCpltCallback
                0x0000000090047130       0x78 ../DaisyExamples/libDaisy//build/libdaisy.a(sai.o)
                0x0000000090047130                HAL_SAI_RxHalfCpltCallback
 .text.HAL_SAI_RxCpltCallback
                0x00000000900471a8       0x70 ../DaisyExamples/libDaisy//build/libdaisy.a(sai.o)
                0x00000000900471a8                HAL_SAI_RxCpltCallback
 .text._ZN5daisy9SaiHandle4InitERKNS0_6ConfigE
                0x0000000090047218      0x1f0 ../DaisyExamples/libDaisy//build/libdaisy.a(sai.o)
                0x0000000090047218                daisy::SaiHandle::Init(daisy::SaiHandle::Config const&)
 .text._ZNK5daisy9SaiHandle9GetConfigEv
                0x0000000090047408        0x4 ../DaisyExamples/libDaisy//build/libdaisy.a(sai.o)
                0x0000000090047408                daisy::SaiHandle::GetConfig() const
 .text._ZN5daisy9SaiHandle8StartDmaEPlS1_jPFvS1_S1_jE
                0x000000009004740c       0xbc ../DaisyExamples/libDaisy//build/libdaisy.a(sai.o)
                0x000000009004740c                daisy::SaiHandle::StartDma(long*, long*, unsigned int, void (*)(long*, long*, unsigned int))
 .text._ZN5daisy9SaiHandle13GetSampleRateEv
                0x00000000900474c8       0x24 ../DaisyExamples/libDaisy//build/libdaisy.a(sai.o)
                0x00000000900474c8                daisy::SaiHandle::GetSampleRate()
 .text._ZNK5daisy9SaiHandle9GetOffsetEv
                0x00000000900474ec        0x8 ../DaisyExamples/libDaisy//build/libdaisy.a(sai.o)
                0x00000000900474ec                daisy::SaiHandle::GetOffset() const
 .text._ZN5daisy11TimerHandleD2Ev
                0x00000000900474f4        0x4 ../DaisyExamples/libDaisy//build/libdaisy.a(system.o)
                0x00000000900474f4                daisy::TimerHandle::~TimerHandle()
                0x00000000900474f4                daisy::TimerHandle::~TimerHandle()
 .text.SysTick_Handler
                0x00000000900474f8       0x10 ../DaisyExamples/libDaisy//build/libdaisy.a(system.o)
                0x00000000900474f8                SysTick_Handler
 .text.OTG_HS_EP1_OUT_IRQHandler
                0x0000000090047508       0x24 ../DaisyExamples/libDaisy//build/libdaisy.a(system.o)
                0x0000000090047508                OTG_HS_EP1_OUT_IRQHandler
 .text.OTG_HS_EP1_IN_IRQHandler
                0x000000009004752c       0x24 ../DaisyExamples/libDaisy//build/libdaisy.a(system.o)
                0x000000009004752c                OTG_HS_EP1_IN_IRQHandler
 .text.OTG_HS_IRQHandler
                0x0000000090047550       0x24 ../DaisyExamples/libDaisy//build/libdaisy.a(system.o)
                0x0000000090047550                OTG_HS_IRQHandler
 .text.HardFault_Handler
                0x0000000090047574       0xe0 ../DaisyExamples/libDaisy//build/libdaisy.a(system.o)
                0x0000000090047574                HardFault_Handler
 .text._ZN5daisy6System6GetNowEv
                0x0000000090047654        0x4 ../DaisyExamples/libDaisy//build/libdaisy.a(system.o)
                0x0000000090047654                daisy::System::GetNow()
 .text._ZN5daisy6System5DelayEm
                0x0000000090047658        0x4 ../DaisyExamples/libDaisy//build/libdaisy.a(system.o)
                0x0000000090047658                daisy::System::Delay(unsigned long)
 .text._ZN5daisy6System20GetBootloaderVersionEv
                0x000000009004765c       0x34 ../DaisyExamples/libDaisy//build/libdaisy.a(system.o)
                0x000000009004765c                daisy::System::GetBootloaderVersion()
 .text._ZN5daisy6System15ConfigureClocksEv
                0x0000000090047690      0x194 ../DaisyExamples/libDaisy//build/libdaisy.a(system.o)
                0x0000000090047690                daisy::System::ConfigureClocks()
 .text._ZN5daisy6System12ConfigureMpuEv
                0x0000000090047824       0x7c ../DaisyExamples/libDaisy//build/libdaisy.a(system.o)
                0x0000000090047824                daisy::System::ConfigureMpu()
 .text._ZN5daisy6System4InitERKNS0_6ConfigE
                0x00000000900478a0       0xec ../DaisyExamples/libDaisy//build/libdaisy.a(system.o)
                0x00000000900478a0                daisy::System::Init(daisy::System::Config const&)
 .text._ZN5daisy6System12GetPClk1FreqEv
                0x000000009004798c        0x4 ../DaisyExamples/libDaisy//build/libdaisy.a(system.o)
                0x000000009004798c                daisy::System::GetPClk1Freq()
 .text._ZN5daisy6System22GetProgramMemoryRegionEv
                0x0000000090047990       0x78 ../DaisyExamples/libDaisy//build/libdaisy.a(system.o)
                0x0000000090047990                daisy::System::GetProgramMemoryRegion()
 .text.startup._GLOBAL__sub_I__ZN5daisy9boot_infoE
                0x0000000090047a08       0x1c ../DaisyExamples/libDaisy//build/libdaisy.a(system.o)
 .text.HAL_PCD_SetupStageCallback
                0x0000000090047a24        0xc ../DaisyExamples/libDaisy//build/libdaisy.a(usbd_conf.o)
                0x0000000090047a24                HAL_PCD_SetupStageCallback
 .text.HAL_PCD_DataOutStageCallback
                0x0000000090047a30       0x14 ../DaisyExamples/libDaisy//build/libdaisy.a(usbd_conf.o)
                0x0000000090047a30                HAL_PCD_DataOutStageCallback
 .text.HAL_PCD_DataInStageCallback
                0x0000000090047a44       0x14 ../DaisyExamples/libDaisy//build/libdaisy.a(usbd_conf.o)
                0x0000000090047a44                HAL_PCD_DataInStageCallback
 .text.HAL_PCD_SOFCallback
                0x0000000090047a58        0x8 ../DaisyExamples/libDaisy//build/libdaisy.a(usbd_conf.o)
                0x0000000090047a58                HAL_PCD_SOFCallback
 .text.HAL_PCD_ResetCallback
                0x0000000090047a60       0x24 ../DaisyExamples/libDaisy//build/libdaisy.a(usbd_conf.o)
                0x0000000090047a60                HAL_PCD_ResetCallback
 .text.HAL_PCD_SuspendCallback
                0x0000000090047a84       0x30 ../DaisyExamples/libDaisy//build/libdaisy.a(usbd_conf.o)
                0x0000000090047a84                HAL_PCD_SuspendCallback
 .text.HAL_PCD_ResumeCallback
                0x0000000090047ab4        0x8 ../DaisyExamples/libDaisy//build/libdaisy.a(usbd_conf.o)
                0x0000000090047ab4                HAL_PCD_ResumeCallback
 .text.HAL_PCD_ISOOUTIncompleteCallback
                0x0000000090047abc        0x8 ../DaisyExamples/libDaisy//build/libdaisy.a(usbd_conf.o)
                0x0000000090047abc                HAL_PCD_ISOOUTIncompleteCallback
 .text.HAL_PCD_ISOINIncompleteCallback
                0x0000000090047ac4        0x8 ../DaisyExamples/libDaisy//build/libdaisy.a(usbd_conf.o)
                0x0000000090047ac4                HAL_PCD_ISOINIncompleteCallback
 .text.HAL_PCD_ConnectCallback
                0x0000000090047acc        0x8 ../DaisyExamples/libDaisy//build/libdaisy.a(usbd_conf.o)
                0x0000000090047acc                HAL_PCD_ConnectCallback
 .text.HAL_PCD_DisconnectCallback
                0x0000000090047ad4        0x8 ../DaisyExamples/libDaisy//build/libdaisy.a(usbd_conf.o)
                0x0000000090047ad4                HAL_PCD_DisconnectCallback
 .text.USBD_LL_OpenEP
                0x0000000090047adc       0x24 ../DaisyExamples/libDaisy//build/libdaisy.a(usbd_conf.o)
                0x0000000090047adc                USBD_LL_OpenEP
 .text.USBD_LL_StallEP
                0x0000000090047b00       0x1c ../DaisyExamples/libDaisy//build/libdaisy.a(usbd_conf.o)
                0x0000000090047b00                USBD_LL_StallEP
 .text.USBD_LL_ClearStallEP
                0x0000000090047b1c       0x1c ../DaisyExamples/libDaisy//build/libdaisy.a(usbd_conf.o)
                0x0000000090047b1c                USBD_LL_ClearStallEP
 .text.USBD_LL_IsStallEP
                0x0000000090047b38       0x28 ../DaisyExamples/libDaisy//build/libdaisy.a(usbd_conf.o)
                0x0000000090047b38                USBD_LL_IsStallEP
 .text.USBD_LL_SetUSBAddress
                0x0000000090047b60       0x1c ../DaisyExamples/libDaisy//build/libdaisy.a(usbd_conf.o)
                0x0000000090047b60                USBD_LL_SetUSBAddress
 .text.USBD_LL_Transmit
                0x0000000090047b7c       0x1c ../DaisyExamples/libDaisy//build/libdaisy.a(usbd_conf.o)
                0x0000000090047b7c                USBD_LL_Transmit
 .text.USBD_LL_PrepareReceive
                0x0000000090047b98       0x1c ../DaisyExamples/libDaisy//build/libdaisy.a(usbd_conf.o)
                0x0000000090047b98                USBD_LL_PrepareReceive
 .text.HAL_HCD_SOF_Callback
                0x0000000090047bb4        0x8 ../DaisyExamples/libDaisy//build/libdaisy.a(usbh_conf.o)
                0x0000000090047bb4                HAL_HCD_SOF_Callback
 .text.HAL_HCD_Connect_Callback
                0x0000000090047bbc        0x8 ../DaisyExamples/libDaisy//build/libdaisy.a(usbh_conf.o)
                0x0000000090047bbc                HAL_HCD_Connect_Callback
 .text.HAL_HCD_Disconnect_Callback
                0x0000000090047bc4        0x8 ../DaisyExamples/libDaisy//build/libdaisy.a(usbh_conf.o)
                0x0000000090047bc4                HAL_HCD_Disconnect_Callback
 .text.HAL_HCD_HC_NotifyURBChange_Callback
                0x0000000090047bcc        0x4 ../DaisyExamples/libDaisy//build/libdaisy.a(usbh_conf.o)
                0x0000000090047bcc                HAL_HCD_HC_NotifyURBChange_Callback
 .text.HAL_HCD_PortEnabled_Callback
                0x0000000090047bd0        0x8 ../DaisyExamples/libDaisy//build/libdaisy.a(usbh_conf.o)
                0x0000000090047bd0                HAL_HCD_PortEnabled_Callback
 .text.HAL_HCD_PortDisabled_Callback
                0x0000000090047bd8        0x8 ../DaisyExamples/libDaisy//build/libdaisy.a(usbh_conf.o)
                0x0000000090047bd8                HAL_HCD_PortDisabled_Callback
 .text.USBH_LL_Stop
                0x0000000090047be0       0x1c ../DaisyExamples/libDaisy//build/libdaisy.a(usbh_conf.o)
                0x0000000090047be0                USBH_LL_Stop
 .text.dsy_hal_map_get_port
                0x0000000090047bfc       0x10 ../DaisyExamples/libDaisy//build/libdaisy.a(hal_map.o)
                0x0000000090047bfc                dsy_hal_map_get_port
 .text.dsy_hal_map_get_pin
                0x0000000090047c0c       0x10 ../DaisyExamples/libDaisy//build/libdaisy.a(hal_map.o)
                0x0000000090047c0c                dsy_hal_map_get_pin
 .text.dsy_hal_map_gpio_clk_enable
                0x0000000090047c1c      0x150 ../DaisyExamples/libDaisy//build/libdaisy.a(hal_map.o)
                0x0000000090047c1c                dsy_hal_map_gpio_clk_enable
 .text.HAL_MspInit
                0x0000000090047d6c        0x4 ../DaisyExamples/libDaisy//build/libdaisy.a(stm32h7xx_hal.o)
                0x0000000090047d6c                HAL_MspInit
 .text.HAL_InitTick
                0x0000000090047d70       0x4c ../DaisyExamples/libDaisy//build/libdaisy.a(stm32h7xx_hal.o)
                0x0000000090047d70                HAL_InitTick
 .text.HAL_Init
                0x0000000090047dbc       0x60 ../DaisyExamples/libDaisy//build/libdaisy.a(stm32h7xx_hal.o)
                0x0000000090047dbc                HAL_Init
 .text.HAL_IncTick
                0x0000000090047e1c       0x18 ../DaisyExamples/libDaisy//build/libdaisy.a(stm32h7xx_hal.o)
                0x0000000090047e1c                HAL_IncTick
 .text.HAL_GetTick
                0x0000000090047e34        0xc ../DaisyExamples/libDaisy//build/libdaisy.a(stm32h7xx_hal.o)
                0x0000000090047e34                HAL_GetTick
 .text.HAL_Delay
                0x0000000090047e40       0x24 ../DaisyExamples/libDaisy//build/libdaisy.a(stm32h7xx_hal.o)
                0x0000000090047e40                HAL_Delay
 .text.HAL_GetREVID
                0x0000000090047e64        0xc ../DaisyExamples/libDaisy//build/libdaisy.a(stm32h7xx_hal.o)
                0x0000000090047e64                HAL_GetREVID
 .text.HAL_NVIC_SetPriorityGrouping
                0x0000000090047e70       0x24 ../DaisyExamples/libDaisy//build/libdaisy.a(stm32h7xx_hal_cortex.o)
                0x0000000090047e70                HAL_NVIC_SetPriorityGrouping
 .text.HAL_NVIC_SetPriority
                0x0000000090047e94       0x7c ../DaisyExamples/libDaisy//build/libdaisy.a(stm32h7xx_hal_cortex.o)
                0x0000000090047e94                HAL_NVIC_SetPriority
 .text.HAL_NVIC_EnableIRQ
                0x0000000090047f10       0x1c ../DaisyExamples/libDaisy//build/libdaisy.a(stm32h7xx_hal_cortex.o)
                0x0000000090047f10                HAL_NVIC_EnableIRQ
 .text.HAL_NVIC_DisableIRQ
                0x0000000090047f2c       0x28 ../DaisyExamples/libDaisy//build/libdaisy.a(stm32h7xx_hal_cortex.o)
                0x0000000090047f2c                HAL_NVIC_DisableIRQ
 .text.HAL_SYSTICK_Config
                0x0000000090047f54       0x2c ../DaisyExamples/libDaisy//build/libdaisy.a(stm32h7xx_hal_cortex.o)
                0x0000000090047f54                HAL_SYSTICK_Config
 .text.HAL_MPU_Disable
                0x0000000090047f80       0x1c ../DaisyExamples/libDaisy//build/libdaisy.a(stm32h7xx_hal_cortex.o)
                0x0000000090047f80                HAL_MPU_Disable
 .text.HAL_MPU_Enable
                0x0000000090047f9c       0x20 ../DaisyExamples/libDaisy//build/libdaisy.a(stm32h7xx_hal_cortex.o)
                0x0000000090047f9c                HAL_MPU_Enable
 .text.HAL_MPU_ConfigRegion
                0x0000000090047fbc       0x64 ../DaisyExamples/libDaisy//build/libdaisy.a(stm32h7xx_hal_cortex.o)
                0x0000000090047fbc                HAL_MPU_ConfigRegion
 .text.HAL_SYSTICK_Callback
                0x0000000090048020        0x4 ../DaisyExamples/libDaisy//build/libdaisy.a(stm32h7xx_hal_cortex.o)
                0x0000000090048020                HAL_SYSTICK_Callback
 .text.HAL_SYSTICK_IRQHandler
                0x0000000090048024        0x8 ../DaisyExamples/libDaisy//build/libdaisy.a(stm32h7xx_hal_cortex.o)
                0x0000000090048024                HAL_SYSTICK_IRQHandler
 .text.DMA_CalcBaseAndBitshift
                0x000000009004802c       0xf4 ../DaisyExamples/libDaisy//build/libdaisy.a(stm32h7xx_hal_dma.o)
 .text.DMA_CalcDMAMUXChannelBaseAndMask
                0x0000000090048120       0xd8 ../DaisyExamples/libDaisy//build/libdaisy.a(stm32h7xx_hal_dma.o)
 .text.HAL_DMA_Init
                0x00000000900481f8      0x37c ../DaisyExamples/libDaisy//build/libdaisy.a(stm32h7xx_hal_dma.o)
                0x00000000900481f8                HAL_DMA_Init
 .text.HAL_DMA_Start_IT
                0x0000000090048574      0x240 ../DaisyExamples/libDaisy//build/libdaisy.a(stm32h7xx_hal_dma.o)
                0x0000000090048574                HAL_DMA_Start_IT
 .text.HAL_DMA_Abort_IT
                0x00000000900487b4      0x134 ../DaisyExamples/libDaisy//build/libdaisy.a(stm32h7xx_hal_dma.o)
                0x00000000900487b4                HAL_DMA_Abort_IT
 .text.HAL_DMA_IRQHandler
                0x00000000900488e8      0x6a0 ../DaisyExamples/libDaisy//build/libdaisy.a(stm32h7xx_hal_dma.o)
                0x00000000900488e8                HAL_DMA_IRQHandler
 .text.HAL_DMA_GetError
                0x0000000090048f88        0x4 ../DaisyExamples/libDaisy//build/libdaisy.a(stm32h7xx_hal_dma.o)
                0x0000000090048f88                HAL_DMA_GetError
 .text.HAL_GPIO_Init
                0x0000000090048f8c      0x280 ../DaisyExamples/libDaisy//build/libdaisy.a(stm32h7xx_hal_gpio.o)
                0x0000000090048f8c                HAL_GPIO_Init
 .text.HAL_GPIO_DeInit
                0x000000009004920c      0x190 ../DaisyExamples/libDaisy//build/libdaisy.a(stm32h7xx_hal_gpio.o)
                0x000000009004920c                HAL_GPIO_DeInit
 .text.HAL_GPIO_ReadPin
                0x000000009004939c        0xc ../DaisyExamples/libDaisy//build/libdaisy.a(stm32h7xx_hal_gpio.o)
                0x000000009004939c                HAL_GPIO_ReadPin
 .text.HAL_GPIO_WritePin
                0x00000000900493a8        0x8 ../DaisyExamples/libDaisy//build/libdaisy.a(stm32h7xx_hal_gpio.o)
                0x00000000900493a8                HAL_GPIO_WritePin
 .text.HAL_HCD_IRQHandler
                0x00000000900493b0      0x780 ../DaisyExamples/libDaisy//build/libdaisy.a(stm32h7xx_hal_hcd.o)
                0x00000000900493b0                HAL_HCD_IRQHandler
 .text.HAL_HCD_Stop
                0x0000000090049b30       0x28 ../DaisyExamples/libDaisy//build/libdaisy.a(stm32h7xx_hal_hcd.o)
                0x0000000090049b30                HAL_HCD_Stop
 .text.I2C_WaitOnTXISFlagUntilTimeout
                0x0000000090049b58       0xb8 ../DaisyExamples/libDaisy//build/libdaisy.a(stm32h7xx_hal_i2c.o)
 .text.I2C_WaitOnSTOPFlagUntilTimeout
                0x0000000090049c10       0xac ../DaisyExamples/libDaisy//build/libdaisy.a(stm32h7xx_hal_i2c.o)
 .text.HAL_I2C_Init
                0x0000000090049cbc       0xac ../DaisyExamples/libDaisy//build/libdaisy.a(stm32h7xx_hal_i2c.o)
                0x0000000090049cbc                HAL_I2C_Init
 .text.HAL_I2C_Master_Transmit
                0x0000000090049d68      0x1a8 ../DaisyExamples/libDaisy//build/libdaisy.a(stm32h7xx_hal_i2c.o)
                0x0000000090049d68                HAL_I2C_Master_Transmit
 .text.HAL_I2C_Slave_Transmit
                0x0000000090049f10      0x1c8 ../DaisyExamples/libDaisy//build/libdaisy.a(stm32h7xx_hal_i2c.o)
                0x0000000090049f10                HAL_I2C_Slave_Transmit
 .text.HAL_I2C_EV_IRQHandler
                0x000000009004a0d8       0x10 ../DaisyExamples/libDaisy//build/libdaisy.a(stm32h7xx_hal_i2c.o)
                0x000000009004a0d8                HAL_I2C_EV_IRQHandler
 .text.HAL_I2C_GetState
                0x000000009004a0e8        0x8 ../DaisyExamples/libDaisy//build/libdaisy.a(stm32h7xx_hal_i2c.o)
                0x000000009004a0e8                HAL_I2C_GetState
 .text.HAL_I2CEx_ConfigAnalogFilter
                0x000000009004a0f0       0x54 ../DaisyExamples/libDaisy//build/libdaisy.a(stm32h7xx_hal_i2c_ex.o)
                0x000000009004a0f0                HAL_I2CEx_ConfigAnalogFilter
 .text.HAL_I2CEx_ConfigDigitalFilter
                0x000000009004a144       0x58 ../DaisyExamples/libDaisy//build/libdaisy.a(stm32h7xx_hal_i2c_ex.o)
                0x000000009004a144                HAL_I2CEx_ConfigDigitalFilter
 .text.HAL_PCD_IRQHandler
                0x000000009004a19c      0x69c ../DaisyExamples/libDaisy//build/libdaisy.a(stm32h7xx_hal_pcd.o)
                0x000000009004a19c                HAL_PCD_IRQHandler
 .text.HAL_PCD_SetAddress
                0x000000009004a838       0x2c ../DaisyExamples/libDaisy//build/libdaisy.a(stm32h7xx_hal_pcd.o)
                0x000000009004a838                HAL_PCD_SetAddress
 .text.HAL_PCD_EP_Open
                0x000000009004a864       0x7c ../DaisyExamples/libDaisy//build/libdaisy.a(stm32h7xx_hal_pcd.o)
                0x000000009004a864                HAL_PCD_EP_Open
 .text.HAL_PCD_EP_Receive
                0x000000009004a8e0       0x50 ../DaisyExamples/libDaisy//build/libdaisy.a(stm32h7xx_hal_pcd.o)
                0x000000009004a8e0                HAL_PCD_EP_Receive
 .text.HAL_PCD_EP_Transmit
                0x000000009004a930       0x50 ../DaisyExamples/libDaisy//build/libdaisy.a(stm32h7xx_hal_pcd.o)
                0x000000009004a930                HAL_PCD_EP_Transmit
 .text.HAL_PCD_EP_SetStall
                0x000000009004a980       0x88 ../DaisyExamples/libDaisy//build/libdaisy.a(stm32h7xx_hal_pcd.o)
                0x000000009004a980                HAL_PCD_EP_SetStall
 .text.HAL_PCD_EP_ClrStall
                0x000000009004aa08       0x78 ../DaisyExamples/libDaisy//build/libdaisy.a(stm32h7xx_hal_pcd.o)
                0x000000009004aa08                HAL_PCD_EP_ClrStall
 .text.HAL_PCDEx_LPM_Callback
                0x000000009004aa80        0x4 ../DaisyExamples/libDaisy//build/libdaisy.a(stm32h7xx_hal_pcd_ex.o)
                0x000000009004aa80                HAL_PCDEx_LPM_Callback
 .text.HAL_PWREx_ConfigSupply
                0x000000009004aa84       0x4c ../DaisyExamples/libDaisy//build/libdaisy.a(stm32h7xx_hal_pwr_ex.o)
                0x000000009004aa84                HAL_PWREx_ConfigSupply
 .text.HAL_PWREx_EnableUSBVoltageDetector
                0x000000009004aad0       0x10 ../DaisyExamples/libDaisy//build/libdaisy.a(stm32h7xx_hal_pwr_ex.o)
                0x000000009004aad0                HAL_PWREx_EnableUSBVoltageDetector
 .text.QSPI_Config
                0x000000009004aae0      0x174 ../DaisyExamples/libDaisy//build/libdaisy.a(stm32h7xx_hal_qspi.o)
 .text.HAL_QSPI_Init
                0x000000009004ac54       0xd8 ../DaisyExamples/libDaisy//build/libdaisy.a(stm32h7xx_hal_qspi.o)
                0x000000009004ac54                HAL_QSPI_Init
 .text.HAL_QSPI_DeInit
                0x000000009004ad2c       0x3c ../DaisyExamples/libDaisy//build/libdaisy.a(stm32h7xx_hal_qspi.o)
                0x000000009004ad2c                HAL_QSPI_DeInit
 .text.HAL_QSPI_Command
                0x000000009004ad68       0xd4 ../DaisyExamples/libDaisy//build/libdaisy.a(stm32h7xx_hal_qspi.o)
                0x000000009004ad68                HAL_QSPI_Command
 .text.HAL_QSPI_Transmit
                0x000000009004ae3c       0xfc ../DaisyExamples/libDaisy//build/libdaisy.a(stm32h7xx_hal_qspi.o)
                0x000000009004ae3c                HAL_QSPI_Transmit
 .text.HAL_QSPI_Receive
                0x000000009004af38      0x108 ../DaisyExamples/libDaisy//build/libdaisy.a(stm32h7xx_hal_qspi.o)
                0x000000009004af38                HAL_QSPI_Receive
 .text.HAL_QSPI_AutoPolling
                0x000000009004b040       0xf0 ../DaisyExamples/libDaisy//build/libdaisy.a(stm32h7xx_hal_qspi.o)
                0x000000009004b040                HAL_QSPI_AutoPolling
 .text.HAL_QSPI_MemoryMapped
                0x000000009004b130       0xc0 ../DaisyExamples/libDaisy//build/libdaisy.a(stm32h7xx_hal_qspi.o)
                0x000000009004b130                HAL_QSPI_MemoryMapped
 .text.HAL_QSPI_ErrorCallback
                0x000000009004b1f0        0x4 ../DaisyExamples/libDaisy//build/libdaisy.a(stm32h7xx_hal_qspi.o)
                0x000000009004b1f0                HAL_QSPI_ErrorCallback
 .text.QSPI_DMAAbortCplt
                0x000000009004b1f4       0x38 ../DaisyExamples/libDaisy//build/libdaisy.a(stm32h7xx_hal_qspi.o)
 .text.HAL_QSPI_AbortCpltCallback
                0x000000009004b22c        0x4 ../DaisyExamples/libDaisy//build/libdaisy.a(stm32h7xx_hal_qspi.o)
                0x000000009004b22c                HAL_QSPI_AbortCpltCallback
 .text.HAL_QSPI_CmdCpltCallback
                0x000000009004b230        0x4 ../DaisyExamples/libDaisy//build/libdaisy.a(stm32h7xx_hal_qspi.o)
                0x000000009004b230                HAL_QSPI_CmdCpltCallback
 .text.HAL_QSPI_RxCpltCallback
                0x000000009004b234        0x4 ../DaisyExamples/libDaisy//build/libdaisy.a(stm32h7xx_hal_qspi.o)
                0x000000009004b234                HAL_QSPI_RxCpltCallback
 .text.HAL_QSPI_TxCpltCallback
                0x000000009004b238        0x4 ../DaisyExamples/libDaisy//build/libdaisy.a(stm32h7xx_hal_qspi.o)
                0x000000009004b238                HAL_QSPI_TxCpltCallback
 .text.HAL_QSPI_FifoThresholdCallback
                0x000000009004b23c        0x4 ../DaisyExamples/libDaisy//build/libdaisy.a(stm32h7xx_hal_qspi.o)
                0x000000009004b23c                HAL_QSPI_FifoThresholdCallback
 .text.HAL_QSPI_StatusMatchCallback
                0x000000009004b240        0x4 ../DaisyExamples/libDaisy//build/libdaisy.a(stm32h7xx_hal_qspi.o)
                0x000000009004b240                HAL_QSPI_StatusMatchCallback
 .text.HAL_QSPI_TimeOutCallback
                0x000000009004b244        0x4 ../DaisyExamples/libDaisy//build/libdaisy.a(stm32h7xx_hal_qspi.o)
                0x000000009004b244                HAL_QSPI_TimeOutCallback
 .text.HAL_QSPI_IRQHandler
                0x000000009004b248      0x210 ../DaisyExamples/libDaisy//build/libdaisy.a(stm32h7xx_hal_qspi.o)
                0x000000009004b248                HAL_QSPI_IRQHandler
 .text.HAL_RCC_OscConfig
                0x000000009004b458      0x51c ../DaisyExamples/libDaisy//build/libdaisy.a(stm32h7xx_hal_rcc.o)
                0x000000009004b458                HAL_RCC_OscConfig
 .text.HAL_RCC_GetSysClockFreq
                0x000000009004b974      0x140 ../DaisyExamples/libDaisy//build/libdaisy.a(stm32h7xx_hal_rcc.o)
                0x000000009004b974                HAL_RCC_GetSysClockFreq
 .text.HAL_RCC_ClockConfig
                0x000000009004bab4      0x234 ../DaisyExamples/libDaisy//build/libdaisy.a(stm32h7xx_hal_rcc.o)
                0x000000009004bab4                HAL_RCC_ClockConfig
 .text.HAL_RCC_GetHCLKFreq
                0x000000009004bce8       0x2c ../DaisyExamples/libDaisy//build/libdaisy.a(stm32h7xx_hal_rcc.o)
                0x000000009004bce8                HAL_RCC_GetHCLKFreq
 .text.HAL_RCC_GetPCLK1Freq
                0x000000009004bd14       0x38 ../DaisyExamples/libDaisy//build/libdaisy.a(stm32h7xx_hal_rcc.o)
                0x000000009004bd14                HAL_RCC_GetPCLK1Freq
 .text.HAL_RCC_GetPCLK2Freq
                0x000000009004bd4c       0x38 ../DaisyExamples/libDaisy//build/libdaisy.a(stm32h7xx_hal_rcc.o)
                0x000000009004bd4c                HAL_RCC_GetPCLK2Freq
 .text.RCCEx_PLL2_Config
                0x000000009004bd84       0xf4 ../DaisyExamples/libDaisy//build/libdaisy.a(stm32h7xx_hal_rcc_ex.o)
 .text.RCCEx_PLL3_Config
                0x000000009004be78       0xf4 ../DaisyExamples/libDaisy//build/libdaisy.a(stm32h7xx_hal_rcc_ex.o)
 .text.HAL_RCCEx_PeriphCLKConfig
                0x000000009004bf6c      0xa7c ../DaisyExamples/libDaisy//build/libdaisy.a(stm32h7xx_hal_rcc_ex.o)
                0x000000009004bf6c                HAL_RCCEx_PeriphCLKConfig
 .text.HAL_RCCEx_GetD3PCLK1Freq
                0x000000009004c9e8       0x24 ../DaisyExamples/libDaisy//build/libdaisy.a(stm32h7xx_hal_rcc_ex.o)
                0x000000009004c9e8                HAL_RCCEx_GetD3PCLK1Freq
 .text.HAL_RCCEx_GetPLL2ClockFreq
                0x000000009004ca0c      0x17c ../DaisyExamples/libDaisy//build/libdaisy.a(stm32h7xx_hal_rcc_ex.o)
                0x000000009004ca0c                HAL_RCCEx_GetPLL2ClockFreq
 .text.HAL_RCCEx_GetPLL3ClockFreq
                0x000000009004cb88      0x17c ../DaisyExamples/libDaisy//build/libdaisy.a(stm32h7xx_hal_rcc_ex.o)
                0x000000009004cb88                HAL_RCCEx_GetPLL3ClockFreq
 .text.HAL_RCCEx_GetPLL1ClockFreq
                0x000000009004cd04      0x17c ../DaisyExamples/libDaisy//build/libdaisy.a(stm32h7xx_hal_rcc_ex.o)
                0x000000009004cd04                HAL_RCCEx_GetPLL1ClockFreq
 .text.HAL_RCCEx_GetPeriphCLKFreq
                0x000000009004ce80      0x198 ../DaisyExamples/libDaisy//build/libdaisy.a(stm32h7xx_hal_rcc_ex.o)
                0x000000009004ce80                HAL_RCCEx_GetPeriphCLKFreq
 .text.HAL_RCCEx_GetD1SysClockFreq
                0x000000009004d018       0x2c ../DaisyExamples/libDaisy//build/libdaisy.a(stm32h7xx_hal_rcc_ex.o)
                0x000000009004d018                HAL_RCCEx_GetD1SysClockFreq
 .text.HAL_SAI_Init.part.0
                0x000000009004d044      0x348 ../DaisyExamples/libDaisy//build/libdaisy.a(stm32h7xx_hal_sai.o)
 .text.HAL_SAI_InitProtocol
                0x000000009004d38c      0x178 ../DaisyExamples/libDaisy//build/libdaisy.a(stm32h7xx_hal_sai.o)
                0x000000009004d38c                HAL_SAI_InitProtocol
 .text.HAL_SAI_Transmit_DMA
                0x000000009004d504      0x124 ../DaisyExamples/libDaisy//build/libdaisy.a(stm32h7xx_hal_sai.o)
                0x000000009004d504                HAL_SAI_Transmit_DMA
 .text.HAL_SAI_Receive_DMA
                0x000000009004d628       0xd0 ../DaisyExamples/libDaisy//build/libdaisy.a(stm32h7xx_hal_sai.o)
                0x000000009004d628                HAL_SAI_Receive_DMA
 .text.HAL_SAI_TxCpltCallback
                0x000000009004d6f8        0x4 ../DaisyExamples/libDaisy//build/libdaisy.a(stm32h7xx_hal_sai.o)
                0x000000009004d6f8                HAL_SAI_TxCpltCallback
 .text.SAI_DMATxCplt
                0x000000009004d6fc       0x64 ../DaisyExamples/libDaisy//build/libdaisy.a(stm32h7xx_hal_sai.o)
 .text.HAL_SAI_TxHalfCpltCallback
                0x000000009004d760        0x4 ../DaisyExamples/libDaisy//build/libdaisy.a(stm32h7xx_hal_sai.o)
                0x000000009004d760                HAL_SAI_TxHalfCpltCallback
 .text.SAI_DMATxHalfCplt
                0x000000009004d764        0xc ../DaisyExamples/libDaisy//build/libdaisy.a(stm32h7xx_hal_sai.o)
 .text.SAI_DMARxCplt
                0x000000009004d770       0x64 ../DaisyExamples/libDaisy//build/libdaisy.a(stm32h7xx_hal_sai.o)
 .text.SAI_DMARxHalfCplt
                0x000000009004d7d4        0xc ../DaisyExamples/libDaisy//build/libdaisy.a(stm32h7xx_hal_sai.o)
 .text.HAL_SAI_ErrorCallback
                0x000000009004d7e0        0x4 ../DaisyExamples/libDaisy//build/libdaisy.a(stm32h7xx_hal_sai.o)
                0x000000009004d7e0                HAL_SAI_ErrorCallback
 .text.SAI_DMAError
                0x000000009004d7e4       0x6c ../DaisyExamples/libDaisy//build/libdaisy.a(stm32h7xx_hal_sai.o)
 .text.HAL_SDRAM_Init
                0x000000009004d850       0x54 ../DaisyExamples/libDaisy//build/libdaisy.a(stm32h7xx_hal_sdram.o)
                0x000000009004d850                HAL_SDRAM_Init
 .text.HAL_SDRAM_SendCommand
                0x000000009004d8a4       0x40 ../DaisyExamples/libDaisy//build/libdaisy.a(stm32h7xx_hal_sdram.o)
                0x000000009004d8a4                HAL_SDRAM_SendCommand
 .text.HAL_SDRAM_ProgramRefreshRate
                0x000000009004d8e4       0x30 ../DaisyExamples/libDaisy//build/libdaisy.a(stm32h7xx_hal_sdram.o)
                0x000000009004d8e4                HAL_SDRAM_ProgramRefreshRate
 .text.FMC_SDRAM_Init
                0x000000009004d914       0x7c ../DaisyExamples/libDaisy//build/libdaisy.a(stm32h7xx_ll_fmc.o)
                0x000000009004d914                FMC_SDRAM_Init
 .text.FMC_SDRAM_Timing_Init
                0x000000009004d990       0x98 ../DaisyExamples/libDaisy//build/libdaisy.a(stm32h7xx_ll_fmc.o)
                0x000000009004d990                FMC_SDRAM_Timing_Init
 .text.FMC_SDRAM_SendCommand
                0x000000009004da28       0x28 ../DaisyExamples/libDaisy//build/libdaisy.a(stm32h7xx_ll_fmc.o)
                0x000000009004da28                FMC_SDRAM_SendCommand
 .text.FMC_SDRAM_ProgramRefreshRate
                0x000000009004da50       0x1c ../DaisyExamples/libDaisy//build/libdaisy.a(stm32h7xx_ll_fmc.o)
                0x000000009004da50                FMC_SDRAM_ProgramRefreshRate
 .text.USB_SetTurnaroundTime
                0x000000009004da6c      0x104 ../DaisyExamples/libDaisy//build/libdaisy.a(stm32h7xx_ll_usb.o)
                0x000000009004da6c                USB_SetTurnaroundTime
 .text.USB_FlushTxFifo
                0x000000009004db70       0x34 ../DaisyExamples/libDaisy//build/libdaisy.a(stm32h7xx_ll_usb.o)
                0x000000009004db70                USB_FlushTxFifo
 .text.USB_GetDevSpeed
                0x000000009004dba4       0x24 ../DaisyExamples/libDaisy//build/libdaisy.a(stm32h7xx_ll_usb.o)
                0x000000009004dba4                USB_GetDevSpeed
 .text.USB_ActivateEndpoint
                0x000000009004dbc8       0x90 ../DaisyExamples/libDaisy//build/libdaisy.a(stm32h7xx_ll_usb.o)
                0x000000009004dbc8                USB_ActivateEndpoint
 .text.USB_EPStartXfer
                0x000000009004dc58      0x230 ../DaisyExamples/libDaisy//build/libdaisy.a(stm32h7xx_ll_usb.o)
                0x000000009004dc58                USB_EPStartXfer
 .text.USB_EP0StartXfer
                0x000000009004de88      0x174 ../DaisyExamples/libDaisy//build/libdaisy.a(stm32h7xx_ll_usb.o)
                0x000000009004de88                USB_EP0StartXfer
 .text.USB_WritePacket
                0x000000009004dffc       0x2c ../DaisyExamples/libDaisy//build/libdaisy.a(stm32h7xx_ll_usb.o)
                0x000000009004dffc                USB_WritePacket
 .text.USB_ReadPacket
                0x000000009004e028       0x20 ../DaisyExamples/libDaisy//build/libdaisy.a(stm32h7xx_ll_usb.o)
                0x000000009004e028                USB_ReadPacket
 .text.USB_EPSetStall
                0x000000009004e048       0x68 ../DaisyExamples/libDaisy//build/libdaisy.a(stm32h7xx_ll_usb.o)
                0x000000009004e048                USB_EPSetStall
 .text.USB_EPClearStall
                0x000000009004e0b0       0x58 ../DaisyExamples/libDaisy//build/libdaisy.a(stm32h7xx_ll_usb.o)
                0x000000009004e0b0                USB_EPClearStall
 .text.USB_SetDevAddress
                0x000000009004e108       0x24 ../DaisyExamples/libDaisy//build/libdaisy.a(stm32h7xx_ll_usb.o)
                0x000000009004e108                USB_SetDevAddress
 .text.USB_ReadInterrupts
                0x000000009004e12c       0x14 ../DaisyExamples/libDaisy//build/libdaisy.a(stm32h7xx_ll_usb.o)
                0x000000009004e12c                USB_ReadInterrupts
 .text.USB_ReadDevAllOutEpInterrupt
                0x000000009004e140       0x1c ../DaisyExamples/libDaisy//build/libdaisy.a(stm32h7xx_ll_usb.o)
                0x000000009004e140                USB_ReadDevAllOutEpInterrupt
 .text.USB_ReadDevAllInEpInterrupt
                0x000000009004e15c       0x1c ../DaisyExamples/libDaisy//build/libdaisy.a(stm32h7xx_ll_usb.o)
                0x000000009004e15c                USB_ReadDevAllInEpInterrupt
 .text.USB_ReadDevOutEPInterrupt
                0x000000009004e178       0x1c ../DaisyExamples/libDaisy//build/libdaisy.a(stm32h7xx_ll_usb.o)
                0x000000009004e178                USB_ReadDevOutEPInterrupt
 .text.USB_ReadDevInEPInterrupt
                0x000000009004e194       0x38 ../DaisyExamples/libDaisy//build/libdaisy.a(stm32h7xx_ll_usb.o)
                0x000000009004e194                USB_ReadDevInEPInterrupt
 .text.USB_GetMode
                0x000000009004e1cc        0x8 ../DaisyExamples/libDaisy//build/libdaisy.a(stm32h7xx_ll_usb.o)
                0x000000009004e1cc                USB_GetMode
 .text.USB_ActivateSetup
                0x000000009004e1d4       0x38 ../DaisyExamples/libDaisy//build/libdaisy.a(stm32h7xx_ll_usb.o)
                0x000000009004e1d4                USB_ActivateSetup
 .text.USB_EP0_OutStart
                0x000000009004e20c       0x58 ../DaisyExamples/libDaisy//build/libdaisy.a(stm32h7xx_ll_usb.o)
                0x000000009004e20c                USB_EP0_OutStart
 .text.USB_InitFSLSPClkSel
                0x000000009004e264       0x44 ../DaisyExamples/libDaisy//build/libdaisy.a(stm32h7xx_ll_usb.o)
                0x000000009004e264                USB_InitFSLSPClkSel
 .text.USB_HC_ReadInterrupt
                0x000000009004e2a8        0x8 ../DaisyExamples/libDaisy//build/libdaisy.a(stm32h7xx_ll_usb.o)
                0x000000009004e2a8                USB_HC_ReadInterrupt
 .text.USB_HC_Halt
                0x000000009004e2b0       0xc0 ../DaisyExamples/libDaisy//build/libdaisy.a(stm32h7xx_ll_usb.o)
                0x000000009004e2b0                USB_HC_Halt
 .text.USB_StopHost
                0x000000009004e370      0x2ec ../DaisyExamples/libDaisy//build/libdaisy.a(stm32h7xx_ll_usb.o)
                0x000000009004e370                USB_StopHost
 .text.USBD_SetClassConfig
                0x000000009004e65c       0x14 ../DaisyExamples/libDaisy//build/libdaisy.a(usbd_core.o)
                0x000000009004e65c                USBD_SetClassConfig
 .text.USBD_ClrClassConfig
                0x000000009004e670       0x10 ../DaisyExamples/libDaisy//build/libdaisy.a(usbd_core.o)
                0x000000009004e670                USBD_ClrClassConfig
 .text.USBD_LL_SetupStage
                0x000000009004e680       0x5c ../DaisyExamples/libDaisy//build/libdaisy.a(usbd_core.o)
                0x000000009004e680                USBD_LL_SetupStage
 .text.USBD_LL_DataOutStage
                0x000000009004e6dc       0x7c ../DaisyExamples/libDaisy//build/libdaisy.a(usbd_core.o)
                0x000000009004e6dc                USBD_LL_DataOutStage
 .text.USBD_LL_DataInStage
                0x000000009004e758       0xcc ../DaisyExamples/libDaisy//build/libdaisy.a(usbd_core.o)
                0x000000009004e758                USBD_LL_DataInStage
 .text.USBD_LL_Reset
                0x000000009004e824       0x50 ../DaisyExamples/libDaisy//build/libdaisy.a(usbd_core.o)
                0x000000009004e824                USBD_LL_Reset
 .text.USBD_LL_SetSpeed
                0x000000009004e874        0x8 ../DaisyExamples/libDaisy//build/libdaisy.a(usbd_core.o)
                0x000000009004e874                USBD_LL_SetSpeed
 .text.USBD_LL_Suspend
                0x000000009004e87c       0x14 ../DaisyExamples/libDaisy//build/libdaisy.a(usbd_core.o)
                0x000000009004e87c                USBD_LL_Suspend
 .text.USBD_LL_Resume
                0x000000009004e890       0x10 ../DaisyExamples/libDaisy//build/libdaisy.a(usbd_core.o)
                0x000000009004e890                USBD_LL_Resume
 .text.USBD_LL_SOF
                0x000000009004e8a0       0x1c ../DaisyExamples/libDaisy//build/libdaisy.a(usbd_core.o)
                0x000000009004e8a0                USBD_LL_SOF
 .text.USBD_LL_IsoINIncomplete
                0x000000009004e8bc        0x4 ../DaisyExamples/libDaisy//build/libdaisy.a(usbd_core.o)
                0x000000009004e8bc                USBD_LL_IsoINIncomplete
 .text.USBD_LL_IsoOUTIncomplete
                0x000000009004e8c0        0x4 ../DaisyExamples/libDaisy//build/libdaisy.a(usbd_core.o)
                0x000000009004e8c0                USBD_LL_IsoOUTIncomplete
 .text.USBD_LL_DevConnected
                0x000000009004e8c4        0x4 ../DaisyExamples/libDaisy//build/libdaisy.a(usbd_core.o)
                0x000000009004e8c4                USBD_LL_DevConnected
 .text.USBD_LL_DevDisconnected
                0x000000009004e8c8       0x18 ../DaisyExamples/libDaisy//build/libdaisy.a(usbd_core.o)
                0x000000009004e8c8                USBD_LL_DevDisconnected
 .text.USBD_StdDevReq
                0x000000009004e8e0      0x304 ../DaisyExamples/libDaisy//build/libdaisy.a(usbd_ctlreq.o)
                0x000000009004e8e0                USBD_StdDevReq
 .text.USBD_StdItfReq
                0x000000009004ebe4       0x68 ../DaisyExamples/libDaisy//build/libdaisy.a(usbd_ctlreq.o)
                0x000000009004ebe4                USBD_StdItfReq
 .text.USBD_StdEPReq
                0x000000009004ec4c      0x13c ../DaisyExamples/libDaisy//build/libdaisy.a(usbd_ctlreq.o)
                0x000000009004ec4c                USBD_StdEPReq
 .text.USBD_ParseSetupRequest
                0x000000009004ed88       0x28 ../DaisyExamples/libDaisy//build/libdaisy.a(usbd_ctlreq.o)
                0x000000009004ed88                USBD_ParseSetupRequest
 .text.USBD_CtlSendData
                0x000000009004edb0       0x1c ../DaisyExamples/libDaisy//build/libdaisy.a(usbd_ioreq.o)
                0x000000009004edb0                USBD_CtlSendData
 .text.USBD_CtlContinueSendData
                0x000000009004edcc       0x14 ../DaisyExamples/libDaisy//build/libdaisy.a(usbd_ioreq.o)
                0x000000009004edcc                USBD_CtlContinueSendData
 .text.USBD_CtlContinueRx
                0x000000009004ede0       0x14 ../DaisyExamples/libDaisy//build/libdaisy.a(usbd_ioreq.o)
                0x000000009004ede0                USBD_CtlContinueRx
 .text.USBD_CtlSendStatus
                0x000000009004edf4       0x18 ../DaisyExamples/libDaisy//build/libdaisy.a(usbd_ioreq.o)
                0x000000009004edf4                USBD_CtlSendStatus
 .text.USBD_CtlReceiveStatus
                0x000000009004ee0c       0x18 ../DaisyExamples/libDaisy//build/libdaisy.a(usbd_ioreq.o)
                0x000000009004ee0c                USBD_CtlReceiveStatus
 .text.USBH_LL_IncTimer
                0x000000009004ee24       0x20 ../DaisyExamples/libDaisy//build/libdaisy.a(usbh_core.o)
                0x000000009004ee24                USBH_LL_IncTimer
 .text.USBH_LL_PortEnabled
                0x000000009004ee44        0x8 ../DaisyExamples/libDaisy//build/libdaisy.a(usbh_core.o)
                0x000000009004ee44                USBH_LL_PortEnabled
 .text.USBH_LL_PortDisabled
                0x000000009004ee4c        0x8 ../DaisyExamples/libDaisy//build/libdaisy.a(usbh_core.o)
                0x000000009004ee4c                USBH_LL_PortDisabled
 .text.USBH_LL_Connect
                0x000000009004ee54       0x18 ../DaisyExamples/libDaisy//build/libdaisy.a(usbh_core.o)
                0x000000009004ee54                USBH_LL_Connect
 .text.USBH_LL_Disconnect
                0x000000009004ee6c       0x2c ../DaisyExamples/libDaisy//build/libdaisy.a(usbh_core.o)
                0x000000009004ee6c                USBH_LL_Disconnect
 .text.USBH_FreePipe
                0x000000009004ee98       0x18 ../DaisyExamples/libDaisy//build/libdaisy.a(usbh_pipes.o)
                0x000000009004ee98                USBH_FreePipe
 .text._ZN5daisy6Random4InitEv
                0x000000009004eeb0       0x3c ../DaisyExamples/libDaisy//build/libdaisy.a(rng.o)
                0x000000009004eeb0                daisy::Random::Init()
 .text._ZN5daisy9SpiHandle4Impl7InitDmaEv
                0x000000009004eeec       0xec ../DaisyExamples/libDaisy//build/libdaisy.a(spi.o)
                0x000000009004eeec                daisy::SpiHandle::Impl::InitDma()
 .text._ZN5daisy9SpiHandle4Impl10StartDmaTxEPhjPFvPvEPFvS3_NS0_6ResultEES3_
                0x000000009004efd8       0xc8 ../DaisyExamples/libDaisy//build/libdaisy.a(spi.o)
                0x000000009004efd8                daisy::SpiHandle::Impl::StartDmaTx(unsigned char*, unsigned int, void (*)(void*), void (*)(void*, daisy::SpiHandle::Result), void*)
 .text._ZN5daisy9SpiHandle4Impl10StartDmaRxEPhjPFvPvEPFvS3_NS0_6ResultEES3_
                0x000000009004f0a0       0xc8 ../DaisyExamples/libDaisy//build/libdaisy.a(spi.o)
                0x000000009004f0a0                daisy::SpiHandle::Impl::StartDmaRx(unsigned char*, unsigned int, void (*)(void*), void (*)(void*, daisy::SpiHandle::Result), void*)
 .text._ZN5daisy9SpiHandle4Impl12StartDmaRxTxEPhS2_jPFvPvEPFvS3_NS0_6ResultEES3_
                0x000000009004f168       0xcc ../DaisyExamples/libDaisy//build/libdaisy.a(spi.o)
                0x000000009004f168                daisy::SpiHandle::Impl::StartDmaRxTx(unsigned char*, unsigned char*, unsigned int, void (*)(void*), void (*)(void*, daisy::SpiHandle::Result), void*)
 .text._ZN5daisy9SpiHandle4Impl8InitPinsEv
                0x000000009004f234      0x274 ../DaisyExamples/libDaisy//build/libdaisy.a(spi.o)
                0x000000009004f234                daisy::SpiHandle::Impl::InitPins()
 .text.HAL_SPI_MspInit
                0x000000009004f4a8      0x1a8 ../DaisyExamples/libDaisy//build/libdaisy.a(spi.o)
                0x000000009004f4a8                HAL_SPI_MspInit
 .text.dsy_spi_global_init
                0x000000009004f650       0x80 ../DaisyExamples/libDaisy//build/libdaisy.a(spi.o)
                0x000000009004f650                dsy_spi_global_init
 .text.SPI1_IRQHandler
                0x000000009004f6d0        0xc ../DaisyExamples/libDaisy//build/libdaisy.a(spi.o)
                0x000000009004f6d0                SPI1_IRQHandler
 .text.SPI2_IRQHandler
                0x000000009004f6dc        0xc ../DaisyExamples/libDaisy//build/libdaisy.a(spi.o)
                0x000000009004f6dc                SPI2_IRQHandler
 .text.SPI3_IRQHandler
                0x000000009004f6e8        0xc ../DaisyExamples/libDaisy//build/libdaisy.a(spi.o)
                0x000000009004f6e8                SPI3_IRQHandler
 .text.SPI4_IRQHandler
                0x000000009004f6f4        0xc ../DaisyExamples/libDaisy//build/libdaisy.a(spi.o)
                0x000000009004f6f4                SPI4_IRQHandler
 .text.SPI5_IRQHandler
                0x000000009004f700        0xc ../DaisyExamples/libDaisy//build/libdaisy.a(spi.o)
                0x000000009004f700                SPI5_IRQHandler
 .text.DMA2_Stream2_IRQHandler
                0x000000009004f70c       0x34 ../DaisyExamples/libDaisy//build/libdaisy.a(spi.o)
                0x000000009004f70c                DMA2_Stream2_IRQHandler
 .text.DMA2_Stream3_IRQHandler
                0x000000009004f740       0x38 ../DaisyExamples/libDaisy//build/libdaisy.a(spi.o)
                0x000000009004f740                DMA2_Stream3_IRQHandler
 .text.HAL_SPI_TxCpltCallback
                0x000000009004f778       0xc4 ../DaisyExamples/libDaisy//build/libdaisy.a(spi.o)
                0x000000009004f778                HAL_SPI_TxCpltCallback
 .text.HAL_SPI_RxCpltCallback
                0x000000009004f83c       0xc4 ../DaisyExamples/libDaisy//build/libdaisy.a(spi.o)
                0x000000009004f83c                HAL_SPI_RxCpltCallback
 .text.HAL_SPI_TxRxCpltCallback
                0x000000009004f900       0xc4 ../DaisyExamples/libDaisy//build/libdaisy.a(spi.o)
                0x000000009004f900                HAL_SPI_TxRxCpltCallback
 .text.HAL_SPI_ErrorCallback
                0x000000009004f9c4       0xc8 ../DaisyExamples/libDaisy//build/libdaisy.a(spi.o)
                0x000000009004f9c4                HAL_SPI_ErrorCallback
 .text.startup._GLOBAL__sub_I__Z19MapInstanceToHandleP11SPI_TypeDef
                0x000000009004fa8c      0x1b0 ../DaisyExamples/libDaisy//build/libdaisy.a(spi.o)
 .text.HAL_TIM_Base_MspInit
                0x000000009004fc3c      0x1e0 ../DaisyExamples/libDaisy//build/libdaisy.a(tim.o)
                0x000000009004fc3c                HAL_TIM_Base_MspInit
 .text.HAL_TIM_PeriodElapsedCallback
                0x000000009004fe1c       0x44 ../DaisyExamples/libDaisy//build/libdaisy.a(tim.o)
                0x000000009004fe1c                HAL_TIM_PeriodElapsedCallback
 .text.TIM2_IRQHandler
                0x000000009004fe60        0xc ../DaisyExamples/libDaisy//build/libdaisy.a(tim.o)
                0x000000009004fe60                TIM2_IRQHandler
 .text.TIM3_IRQHandler
                0x000000009004fe6c        0xc ../DaisyExamples/libDaisy//build/libdaisy.a(tim.o)
                0x000000009004fe6c                TIM3_IRQHandler
 .text.TIM4_IRQHandler
                0x000000009004fe78        0xc ../DaisyExamples/libDaisy//build/libdaisy.a(tim.o)
                0x000000009004fe78                TIM4_IRQHandler
 .text.TIM5_IRQHandler
                0x000000009004fe84        0xc ../DaisyExamples/libDaisy//build/libdaisy.a(tim.o)
                0x000000009004fe84                TIM5_IRQHandler
 .text._ZN5daisy11TimerHandle4InitERKNS0_6ConfigE
                0x000000009004fe90       0xd0 ../DaisyExamples/libDaisy//build/libdaisy.a(tim.o)
                0x000000009004fe90                daisy::TimerHandle::Init(daisy::TimerHandle::Config const&)
 .text._ZN5daisy11TimerHandle5StartEv
                0x000000009004ff60       0x24 ../DaisyExamples/libDaisy//build/libdaisy.a(tim.o)
                0x000000009004ff60                daisy::TimerHandle::Start()
 .text.startup._GLOBAL__sub_I__ZN5daisy11TimerHandle4Impl4InitERKNS0_6ConfigE
                0x000000009004ff84       0x38 ../DaisyExamples/libDaisy//build/libdaisy.a(tim.o)
 .text._ZL20UART_CheckRxListenerPN5daisy11UartHandler4ImplE
                0x000000009004ffbc       0x84 ../DaisyExamples/libDaisy//build/libdaisy.a(uart.o)
 .text._ZN5daisy11UartHandler4Impl10StartDmaTxEPhjPFvPvEPFvS3_NS0_6ResultEES3_
                0x0000000090050040      0x184 ../DaisyExamples/libDaisy//build/libdaisy.a(uart.o)
                0x0000000090050040                daisy::UartHandler::Impl::StartDmaTx(unsigned char*, unsigned int, void (*)(void*), void (*)(void*, daisy::UartHandler::Result), void*)
 .text._ZN5daisy11UartHandler4Impl10StartDmaRxEPhjPFvPvEPFvS3_NS0_6ResultEES3_
                0x00000000900501c4      0x184 ../DaisyExamples/libDaisy//build/libdaisy.a(uart.o)
                0x00000000900501c4                daisy::UartHandler::Impl::StartDmaRx(unsigned char*, unsigned int, void (*)(void*), void (*)(void*, daisy::UartHandler::Result), void*)
 .text._ZN5daisy11UartHandler4Impl19DmaTransferFinishedEP20__UART_HandleTypeDefNS0_6ResultE
                0x0000000090050348       0xc0 ../DaisyExamples/libDaisy//build/libdaisy.a(uart.o)
                0x0000000090050348                daisy::UartHandler::Impl::DmaTransferFinished(__UART_HandleTypeDef*, daisy::UartHandler::Result)
 .text._ZN5daisy11UartHandler4Impl8InitPinsEv
                0x0000000090050408      0x154 ../DaisyExamples/libDaisy//build/libdaisy.a(uart.o)
                0x0000000090050408                daisy::UartHandler::Impl::InitPins()
 .text.HAL_UART_MspInit
                0x000000009005055c      0x210 ../DaisyExamples/libDaisy//build/libdaisy.a(uart.o)
                0x000000009005055c                HAL_UART_MspInit
 .text.dsy_uart_global_init
                0x000000009005076c       0xfc ../DaisyExamples/libDaisy//build/libdaisy.a(uart.o)
                0x000000009005076c                dsy_uart_global_init
 .text.USART1_IRQHandler
                0x0000000090050868       0x2c ../DaisyExamples/libDaisy//build/libdaisy.a(uart.o)
                0x0000000090050868                USART1_IRQHandler
 .text.USART2_IRQHandler
                0x0000000090050894       0x34 ../DaisyExamples/libDaisy//build/libdaisy.a(uart.o)
                0x0000000090050894                USART2_IRQHandler
 .text.USART3_IRQHandler
                0x00000000900508c8       0x34 ../DaisyExamples/libDaisy//build/libdaisy.a(uart.o)
                0x00000000900508c8                USART3_IRQHandler
 .text.UART4_IRQHandler
                0x00000000900508fc       0x34 ../DaisyExamples/libDaisy//build/libdaisy.a(uart.o)
                0x00000000900508fc                UART4_IRQHandler
 .text.UART5_IRQHandler
                0x0000000090050930       0x34 ../DaisyExamples/libDaisy//build/libdaisy.a(uart.o)
                0x0000000090050930                UART5_IRQHandler
 .text.USART6_IRQHandler
                0x0000000090050964       0x34 ../DaisyExamples/libDaisy//build/libdaisy.a(uart.o)
                0x0000000090050964                USART6_IRQHandler
 .text.UART7_IRQHandler
                0x0000000090050998       0x34 ../DaisyExamples/libDaisy//build/libdaisy.a(uart.o)
                0x0000000090050998                UART7_IRQHandler
 .text.UART8_IRQHandler
                0x00000000900509cc       0x34 ../DaisyExamples/libDaisy//build/libdaisy.a(uart.o)